[BrowserManager] Browser launched (HeadlessChrome/148.0.7778.97, screenshot, gl=--use-gl=angle --use-angle=swiftshader, headlessShell=true, platform=linux)
[initSession:screenshot] page.goto start (0ms)
[HyperFrames] render runtime fps {"canonicalFps":30,"source":"default","rawFpsSource":"default","rawFps":30,"fallbackReason":"missing"}
[initSession:screenshot] page.goto complete (3198ms)
[initSession:screenshot] GSAP proxy flush complete (3427ms)
[initSession:screenshot] pollHfReady complete (3456ms)
[initSession:screenshot] pollSubCompositionTimelines complete (ready) (3472ms)
[initSession:screenshot] applyVideoMetadataHints complete (3473ms)
[initSession:screenshot] media + fonts + tailwind ready (3852ms)
[initSession:screenshot] static-frame dedup: disabled (video) (3879ms)

Animation map: 492/513 tweens (skipped 21 micro-tweens)
  collision: 308
  paced-slow: 9
  offscreen: 4
  degenerate: 1
  paced-fast: 21
  invisible: 18
  staggers: 3 elements stagger with uneven intervals (463ms, 0ms); 4 elements stagger with uneven intervals (313ms, 150ms, 0ms); 5 elements stagger with uneven intervals (0ms, 0ms, 0ms, 0ms); 5 elements stagger with uneven intervals (170ms, 410ms, 330ms, 327ms); 6 elements stagger with uneven intervals (0ms, 0ms, 860ms, 480ms, 467ms); 4 elements stagger with uneven intervals (20ms, 90ms, 2017ms); 3 elements stagger with uneven intervals (463ms, 0ms); 6 elements stagger with uneven intervals (100ms, 363ms, 0ms, 100ms, 0ms); 3 elements stagger with uneven intervals (463ms, 0ms); 4 elements stagger with uneven intervals (997ms, 463ms, 0ms); 4 elements stagger with uneven intervals (1007ms, 463ms, 0ms); 9 elements stagger with uneven intervals (110ms, 110ms, 243ms, 0ms, 110ms, 0ms, 110ms, 0ms); 4 elements stagger with uneven intervals (370ms, 120ms, 1390ms); 6 elements stagger with uneven intervals (0ms, 463ms, 0ms, 0ms, 0ms); 9 elements stagger with uneven intervals (0ms, 0ms, 463ms, 0ms, 0ms, 0ms, 0ms, 0ms); 3 elements stagger at 500ms intervals; 4 elements stagger with uneven intervals (0ms, 400ms, 170ms); 3 elements stagger with uneven intervals (463ms, 0ms); 4 elements stagger with uneven intervals (607ms, 463ms, 0ms); 3 elements stagger with uneven intervals (180ms, 0ms); 3 elements stagger with uneven intervals (0ms, 740ms); 4 elements stagger with uneven intervals (10ms, 680ms, 0ms); 4 elements stagger with uneven intervals (110ms, 110ms, 770ms); 4 elements stagger at 228ms intervals; 16 elements stagger with uneven intervals (450ms, 60ms, 10ms, 50ms, 10ms, 10ms, 40ms, 10ms, 10ms, 40ms, 10ms, 10ms, 50ms, 10ms, 60ms); 3 elements stagger with uneven intervals (0ms, 760ms); 3 elements stagger at 70ms intervals; 5 elements stagger with uneven intervals (370ms, 93ms, 370ms, 615ms); 6 elements stagger with uneven intervals (60ms, 60ms, 220ms, 60ms, 60ms); 6 elements stagger with uneven intervals (0ms, 60ms, 0ms, 60ms, 0ms); 4 elements stagger with uneven intervals (463ms, 877ms, 463ms); 5 elements stagger with uneven intervals (463ms, 37ms, 463ms, 37ms); 4 elements stagger with uneven intervals (0ms, 463ms, 0ms); 4 elements stagger with uneven intervals (110ms, 353ms, 110ms); 4 elements stagger with uneven intervals (80ms, 383ms, 80ms); 4 elements stagger with uneven intervals (330ms, 133ms, 330ms); 4 elements stagger with uneven intervals (0ms, 463ms, 0ms); 8 elements stagger with uneven intervals (110ms, 110ms, 243ms, 110ms, 110ms, 307ms, 463ms); 4 elements stagger with uneven intervals (0ms, 463ms, 0ms); 4 elements stagger with uneven intervals (80ms, 383ms, 80ms); 4 elements stagger with uneven intervals (0ms, 463ms, 0ms); 32 elements stagger with uneven intervals (450ms, 13ms, 47ms, 10ms, 50ms, 10ms, 10ms, 40ms, 10ms, 10ms, 40ms, 10ms, 10ms, 50ms, 10ms, 60ms, 83ms, 60ms, 10ms, 50ms, 10ms, 10ms, 40ms, 10ms, 10ms, 40ms, 10ms, 10ms, 50ms, 10ms, 60ms); 6 elements stagger with uneven intervals (70ms, 70ms, 323ms, 70ms, 70ms); 4 elements stagger with uneven intervals (170ms, 293ms, 170ms); 4 elements stagger with uneven intervals (170ms, 293ms, 170ms); 4 elements stagger with uneven intervals (170ms, 293ms, 170ms); 12 elements stagger with uneven intervals (60ms, 60ms, 220ms, 60ms, 60ms, 3ms, 60ms, 60ms, 220ms, 60ms, 60ms); 12 elements stagger with uneven intervals (0ms, 60ms, 0ms, 60ms, 0ms, 343ms, 0ms, 60ms, 0ms, 60ms, 0ms); 6 elements stagger with uneven intervals (60ms, 60ms, 343ms, 60ms, 60ms); 6 elements stagger with uneven intervals (463ms, 927ms, 463ms, 117ms, 463ms)
  dead zones: 39.5-41s, 45.5-46.5s, 49-52s, 61.5-62.5s, 70-74.1s
Timeline (74.1s, each char ≈ 1.23s):
  0s                                                    74s
  ┼───────────────────────────────────────────────────────────┤
  █                                                             #intro-one scale
  █                                                             #intro-six opacity+scale
  █                                                             #intro-one scale
  █                                                             #intro-one scale
  █                                                             #motivation-surface clipPath
  █                                                             #mind-surface clipPath
  ██                                                            #mind-camera scale+x+y
  █                                                             #act-surface clipPath
  █                                                             #mind2act-surface clipPath
  █                                                             #coord-surface clipPath
  █                                                             #scale-surface clipPath
  █                                                             #difficulty-surface clipPath
  █                                                             #outro-surface clipPath
  ███                                                           #mind2act-camera scale+x+y
  █                                                             #difficulty-kicker opacity+x
  █                                                             #difficulty-word-easy opacity+y
  █                                                             #difficulty-film-easy opacity+clipPath
  █                                                             div.scale-hero-bar y
  ██                                                            #outro-logo opacity+x+y+scale+rotation
  █                                                             #mind-heading opacity+y
  █                                                             #act-heading opacity+y
  █                                                             #mind2act-heading opacity+y
  █                                                             #coord-title-first opacity+y
  ██                                                            #outro-flight-path strokeDashoffset
  █                                                             #motivation-question-first y
  ██                                                            #act-camera scale+x+y
  █                                                             #difficulty-title opacity+y
  █                                                             #act-target-focus opacity+scale
  ██                                                            #coord-title-second opacity+y
  █                                                             #difficulty-desc-easy opacity+y
  ██                                                            #intro-six opacity+scale
  ██                                                            #intro-six opacity+scale
  ██                                                            #motivation-question-second y
  ██                                                            #coord-mind opacity+x+y+scale
  ██                                                            #coord-act opacity+x+y+scale
  ██                                                            #intro-all opacity+scale
  ██                                                            #intro-mind opacity+x+y+rotation+scale
  ██                                                            #mind-order opacity+y+scale
  ██                                                            #piano-evidence opacity+x
  ██                                                            #intro-shade opacity
  ██                                                            #intro-act opacity+x+y+rotation+scale
  ██                                                            #outro-accent scaleX
  ██                                                            #outro-brand opacity+scaleX
  ██                                                            #coord-mind-initial opacity+y
   █                                                            #coord-forward opacity
   █                                                            #intro-all opacity+scale
   █                                                            #intro-mind opacity+x+y+rotation+scale
   █                                                            #intro-all opacity+scale
   █                                                            #intro-mind opacity+x+y+rotation+scale
   █                                                            #outro-wordmark opacity+y
   █                                                            #coord-intent opacity+y
   █                                                            #intro-dot-a opacity+scale+y
   █                                                            #motivation-reasoning opacity+y
   █                                                            #intro-shade opacity
   █                                                            #intro-shade opacity
   █                                                            #act-target-focus opacity
   █                                                            #intro-act opacity+x+y+rotation+scale
   █                                                            #intro-act opacity+x+y+rotation+scale
   █                                                            #intro-dot-b opacity+scale+y
   █                                                            #intro-dot-c opacity+scale+y
   █                                                            #act-camera scale+x+y
   █                                                            #coord-forward opacity
   █                                                            #intro-eyebrow opacity+y
   ██                                                           #motivation-execution opacity+y
   ██                                                           #intro-mind x+y+scale
   ██                                                           #intro-act x+y+scale
   ██                                                           #intro-dot-a x+y
   ██                                                           #intro-dot-b x+y
   ██                                                           #intro-dot-c x+y
   █                                                            #scale-hero-1 clipPath
   ██                                                           #coord-forward-pulse strokeDashoffset
   ██                                                           #outro-flight opacity
   █                                                            #intro-dot-a opacity+scale+y
   █                                                            #intro-dot-a opacity+scale+y
   █                                                            #piano-memory opacity+y
   ██                                                           #outro-call opacity+y
   ██                                                           #act-compare opacity+x
   █                                                            div.scale-hero-type y+opacity
   █                                                            #memory-frame0 opacity+y
   █                                                            #intro-dot-b opacity+scale+y
   █                                                            #intro-dot-b opacity+scale+y
   ██                                                           #intro-accent scaleX
   ██                                                           #intro-brand opacity+scaleX
   █                                                            #intro-dot-c opacity+scale+y
   █                                                            #intro-dot-c opacity+scale+y
   ██                                                           #motivation-coordination opacity+scale+y
   ██                                                           #intro-eyebrow opacity+y
   ██                                                           #intro-eyebrow opacity+y
   ███                                                          #mind-camera scale+x+y
   ██                                                           #intro-mind x+y+scale
   ██                                                           #intro-act x+y+scale
   ██                                                           #intro-dot-a x+y
   ██                                                           #intro-dot-b x+y
   ██                                                           #intro-dot-c x+y
   ██                                                           #intro-mind x+y+scale
   ██                                                           #intro-act x+y+scale
   ██                                                           #intro-dot-a x+y
   ██                                                           #intro-dot-b x+y
   ██                                                           #intro-dot-c x+y
   ██                                                           #intro-mind opacity
   ██                                                           #intro-logo opacity+scale
   ██                                                           #act-panel opacity+x
   ██                                                           #intro-wordmark opacity+y
    █                                                           #memory-frame1 opacity+y
    █                                                           #intro-accent scaleX
    █                                                           #intro-accent scaleX
    █                                                           #intro-brand opacity+scaleX
    █                                                           #intro-brand opacity+scaleX
    █                                                           #outro-together opacity+scale+y
    █                                                           #difficulty-word-easy opacity+y
    █                                                           #difficulty-desc-easy opacity
    █                                                           #difficulty-word-medium opacity+y
    █                                                           #difficulty-film-medium opacity+clipPath
    █                                                           #intro-tagline opacity+y
    █                                                           #difficulty-film-easy opacity
    █                                                           #difficulty-desc-medium opacity+y
    █                                                           #intro-mind opacity
    █                                                           #intro-logo opacity+scale
    █                                                           #intro-mind opacity
    █                                                           #intro-logo opacity+scale
    █                                                           #intro-wordmark opacity+y
    █                                                           #intro-wordmark opacity+y
    ███                                                         #act-camera scale+x+y
    █                                                           #intro-edge opacity+x
    █                                                           #memory-frame2 opacity+y
    █                                                           #coord-return opacity
    ██                                                          #intro-tagline opacity+y
    ██                                                          #intro-tagline opacity+y
    ██                                                          #coord-return-pulse strokeDashoffset
    ██                                                          #outro-actions opacity+y
    █                                                           #piano-phase-observe borderColor+color
    █                                                           #piano-observe-dot opacity
    █                                                           #piano-phase-replay borderColor+color
    ██                                                          #mind2act-camera scale+x+y
    ██                                                          #scale-f-hero opacity+x+y+scale
    ██                                                          #intro-edge opacity+x
    ██                                                          #intro-edge opacity+x
    ██                                                          #scale-f-bar opacity+y
     █                                                          #outro-url opacity+y
     ██                                                         #mind2act-camera scale+x+y
     ██                                                         #mind-camera scale+x+y
     ██                                                         #difficulty-word-medium opacity+y
     ██                                                         #difficulty-desc-medium opacity
     ██                                                         #difficulty-word-hard opacity+y
     ██                                                         #difficulty-film-hard opacity+clipPath
     ██                                                         #coord-paths opacity
     ██                                                         #difficulty-film-medium opacity
      █                                                         #difficulty-desc-hard opacity+y
      █                                                         #piano-response-note opacity
      █                                                         #coord-mind x+y+scale
      █                                                         #coord-act x+y+scale
      █                                                         #motivation-surface clipPath
      █                                                         #coord-dot-a opacity+scale+y
      █                                                         #coord-dot-b opacity+scale+y
      █                                                         #motivation-question-first y
      █                                                         #coord-dot-c opacity+scale+y
      █                                                         #scale-hero-0 opacity
      ██                                                        #scale-f-hero x+y+scale+transformOrigin
      █                                                         #scale-wall opacity
      ██                                                        #motivation-question-second y
      █                                                         #motivation-surface clipPath
      ██                                                        #scale-grid-title y+opacity
      ██                                                        #motivation-question-first y
      ██                                                        #scale-grid-meta x+opacity
      ██                                                        #coord-mind opacity
      ██                                                        #coord-whole opacity
      ██                                                        #motivation-question-second y
       █                                                        #scale-group-0 y+opacity
       █                                                        #scale-task-E y+opacity
       █                                                        #coord-whole-name opacity+scale+y
       █                                                        #motivation-reasoning opacity+y
       █                                                        #scale-task-F y+opacity
       █                                                        #scale-group-1 y+opacity
       █                                                        #scale-task-FR1 y+opacity
       █                                                        #scale-task-P y+opacity
       █                                                        #scale-task-FR2 y+opacity
       █                                                        #scale-group-2 y+opacity
       █                                                        #scale-task-CP01 y+opacity
       █                                                        #scale-task-S y+opacity
       █                                                        #scale-task-PR1 y+opacity
       █                                                        #scale-task-CP02 y+opacity
       █                                                        #scale-task-M y+opacity
       █                                                        #scale-task-PR2 y+opacity
       █                                                        #scale-task-CP03 y+opacity
       █                                                        #scale-task-PR3 y+opacity
       █                                                        #scale-task-CP04 y+opacity
       █                                                        #scale-task-CP05 y+opacity
       █                                                        #motivation-execution opacity+y
       █                                                        #motivation-reasoning opacity+y
       █                                                        #difficulty-row-easy opacity+x
       ██                                                       #difficulty-word-easy opacity+x+y+scale
       ██                                                       #difficulty-film-easy opacity+x+y+scale
       █                                                        #difficulty-desc-easy opacity
       ██                                                       #difficulty-row-medium opacity+x
       ██                                                       #difficulty-word-medium opacity+x+y+scale
       ██                                                       #difficulty-film-medium opacity+x+y+scale
       █                                                        #difficulty-desc-medium opacity
       ██                                                       #difficulty-row-hard opacity+x
       ██                                                       #difficulty-word-hard opacity+x+y+scale
       ██                                                       #difficulty-film-hard opacity+x+y+scale
       █                                                        #difficulty-desc-hard opacity
       ██                                                       #motivation-coordination opacity+scale+y
       ██                                                       #motivation-execution opacity+y
       ██                                                       #difficulty-note-easy opacity+x
       ██                                                       #difficulty-note-medium opacity+x
       ██                                                       #difficulty-note-hard opacity+x
       ██                                                       #coord-loop-title opacity+y
        █                                                       #motivation-coordination opacity+scale+y
        ██                                                      #coord-whole x+y+scale
        ██                                                      #coord-whole-name scale
        █                                                       #coord-triad-title opacity+y
        ██                                                      #coord-mind opacity+x+y+scale
        ██                                                      #coord-act opacity+x+y+scale
        ██                                                      #coord-mind-final opacity+y
         █                                                      #coord-whole-caption opacity+y
          █                                                     #difficulty-stat clipPath
          █                                                     #difficulty-formula opacity+y
          █                                                     #difficulty-45 opacity+y+scale
          ██                                                    #difficulty-config opacity+x
           █                                                    #scale-f-outline opacity
           █                                                    #mind-surface clipPath
           ██                                                   #mind-camera scale+x+y
           ██                                                   #mind-heading opacity+y
           ██                                                   #mind-surface clipPath
           ███                                                  #mind-camera scale+x+y
            █                                                   #mind-order opacity+y+scale
            █                                                   #mind-heading opacity+y
            █                                                   #mind-order opacity+y+scale
             ██                                                 #mind-camera scale+x+y
             ███                                                #mind-camera scale+x+y
               ██                                               #mind-camera scale+x+y
               ██                                               #mind-camera scale+x+y
                █                                               #act-surface clipPath
                █                                               #act-heading opacity+y
                ██                                              #act-camera scale+x+y
                █                                               #act-target-focus opacity+scale
                ██                                              #act-surface clipPath
                ██                                              #act-heading opacity+y
                ██                                              #act-camera scale+x+y
                ██                                              #act-target-focus opacity+scale
                 █                                              #act-target-focus opacity
                 ██                                             #act-camera scale+x+y
                 ██                                             #act-compare opacity+x
                 █                                              #act-target-focus opacity
                 ██                                             #act-camera scale+x+y
                 ██                                             #act-panel opacity+x
                  █                                             #act-compare opacity+x
                  █                                             #act-panel opacity+x
                  ███                                           #act-camera scale+x+y
                  ████                                          #act-camera scale+x+y
                     █                                          #mind2act-surface clipPath
                     ███                                        #mind2act-camera scale+x+y
                     █                                          #mind2act-heading opacity+y
                     █                                          #mind2act-surface clipPath
                     ███                                        #mind2act-camera scale+x+y
                     ██                                         #piano-evidence opacity+x
                     ██                                         #mind2act-heading opacity+y
                      █                                         #piano-evidence opacity+x
                      █                                         #piano-memory opacity+y
                      █                                         #memory-frame0 opacity+y
                      ██                                        #piano-memory opacity+y
                      ██                                        #memory-frame0 opacity+y
                      ██                                        #memory-frame1 opacity+y
                       █                                        #memory-frame1 opacity+y
                       █                                        #memory-frame2 opacity+y
                       █                                        #piano-phase-observe borderColor+color
                       █                                        #piano-observe-dot opacity
                       █                                        #piano-phase-replay borderColor+color
                       ██                                       #mind2act-camera scale+x+y
                       █                                        #memory-frame2 opacity+y
                       ██                                       #piano-phase-observe borderColor+color
                       ██                                       #piano-observe-dot opacity
                       ██                                       #piano-phase-replay borderColor+color
                       ██                                       #mind2act-camera scale+x+y
                        ██                                      #mind2act-camera scale+x+y
                        ██                                      #piano-response-note opacity
                        ███                                     #mind2act-camera scale+x+y
                         █                                      #piano-response-note opacity
                          █                                     #coord-surface clipPath
                          █                                     #coord-title-first opacity+y
                          █                                     #coord-title-second opacity+y
                          █                                     #coord-mind opacity+x+y+scale
                          █                                     #coord-surface clipPath
                          █                                     #coord-act opacity+x+y+scale
                          █                                     #coord-title-first opacity+y
                          █                                     #coord-mind-initial opacity+y
                          ██                                    #coord-title-second opacity+y
                          ██                                    #coord-forward opacity
                          ██                                    #coord-mind opacity+x+y+scale
                          ██                                    #coord-act opacity+x+y+scale
                          ██                                    #coord-intent opacity+y
                          ██                                    #coord-mind-initial opacity+y
                           █                                    #coord-forward opacity
                           █                                    #coord-forward opacity
                           █                                    #coord-forward-pulse strokeDashoffset
                           █                                    #coord-intent opacity+y
                           █                                    #coord-forward opacity
                           ██                                   #coord-forward-pulse strokeDashoffset
                            █                                   #coord-return opacity
                            ██                                  #coord-return-pulse strokeDashoffset
                            █                                   #coord-return opacity
                            ██                                  #coord-return-pulse strokeDashoffset
                             █                                  #coord-paths opacity
                             ██                                 #coord-mind x+y+scale
                             ██                                 #coord-act x+y+scale
                             ██                                 #coord-dot-a opacity+scale+y
                             ██                                 #coord-dot-b opacity+scale+y
                             ██                                 #coord-paths opacity
                              █                                 #coord-dot-c opacity+scale+y
                              █                                 #coord-mind x+y+scale
                              █                                 #coord-act x+y+scale
                              █                                 #coord-dot-a opacity+scale+y
                              █                                 #coord-dot-b opacity+scale+y
                              █                                 #coord-dot-c opacity+scale+y
                              █                                 #coord-mind opacity
                              █                                 #coord-whole opacity
                              █                                 #coord-whole-name opacity+scale+y
                              ██                                #coord-mind opacity
                              ██                                #coord-whole opacity
                               █                                #coord-whole-name opacity+scale+y
                               █                                #coord-loop-title opacity+y
                               ██                               #coord-whole x+y+scale
                               ██                               #coord-whole-name scale
                               ██                               #coord-triad-title opacity+y
                               ██                               #coord-mind opacity+x+y+scale
                               ██                               #coord-loop-title opacity+y
                                █                               #coord-act opacity+x+y+scale
                                ██                              #coord-whole x+y+scale
                                ██                              #coord-whole-name scale
                                █                               #coord-triad-title opacity+y
                                ██                              #coord-mind opacity+x+y+scale
                                ██                              #coord-act opacity+x+y+scale
                                ██                              #coord-mind-final opacity+y
                                ██                              #coord-whole-caption opacity+y
                                ██                              #coord-mind-final opacity+y
                                 █                              #coord-whole-caption opacity+y
                                   █                            #scale-surface clipPath
                                   ██                           div.scale-hero-bar y
                                   ██                           #scale-surface clipPath
                                    █                           div.scale-hero-bar y
                                    █                           #scale-hero-1 clipPath
                                    ██                          div.scale-hero-type y+opacity
                                     █                          #scale-hero-1 clipPath
                                     █                          div.scale-hero-type y+opacity
                                      █                         #scale-f-hero opacity+x+y+scale
                                      █                         #scale-f-bar opacity+y
                                      █                         #scale-f-hero opacity+x+y+scale
                                      █                         #scale-f-bar opacity+y
                                       █                        #scale-hero-0 opacity
                                       ██                       #scale-f-hero x+y+scale+transformOrigin
                                       █                        #scale-wall opacity
                                       ██                       #scale-grid-title y+opacity
                                        █                       #scale-grid-meta x+opacity
                                        █                       #scale-hero-0 opacity
                                        █                       #scale-f-hero x+y+scale+transformOrigin
                                        █                       #scale-wall opacity
                                        █                       #scale-group-0 y+opacity
                                        █                       #scale-task-E y+opacity
                                        █                       #scale-grid-title y+opacity
                                        █                       #scale-task-F y+opacity
                                        █                       #scale-group-1 y+opacity
                                        █                       #scale-task-FR1 y+opacity
                                        █                       #scale-task-P y+opacity
                                        █                       #scale-task-FR2 y+opacity
                                        █                       #scale-group-2 y+opacity
                                        █                       #scale-task-CP01 y+opacity
                                        █                       #scale-task-S y+opacity
                                        █                       #scale-task-PR1 y+opacity
                                        █                       #scale-task-CP02 y+opacity
                                        █                       #scale-task-M y+opacity
                                        █                       #scale-task-PR2 y+opacity
                                        █                       #scale-task-CP03 y+opacity
                                        █                       #scale-grid-meta x+opacity
                                        █                       #scale-task-PR3 y+opacity
                                        █                       #scale-task-CP04 y+opacity
                                        ██                      #scale-task-CP05 y+opacity
                                        █                       #scale-group-0 y+opacity
                                        ██                      #scale-task-E y+opacity
                                        ██                      #scale-task-F y+opacity
                                        ██                      #scale-group-1 y+opacity
                                        ██                      #scale-task-FR1 y+opacity
                                        ██                      #scale-task-P y+opacity
                                        ██                      #scale-task-FR2 y+opacity
                                        ██                      #scale-group-2 y+opacity
                                        ██                      #scale-task-CP01 y+opacity
                                        ██                      #scale-task-S y+opacity
                                        ██                      #scale-task-PR1 y+opacity
                                        ██                      #scale-task-CP02 y+opacity
                                        ██                      #scale-task-M y+opacity
                                        ██                      #scale-task-PR2 y+opacity
                                        ██                      #scale-task-CP03 y+opacity
                                        ██                      #scale-task-PR3 y+opacity
                                        ██                      #scale-task-CP04 y+opacity
                                        ██                      #scale-task-CP05 y+opacity
                                            █                   #scale-f-outline opacity
                                            █                   #scale-f-outline opacity
                                             █                  #difficulty-surface clipPath
                                             █                  #difficulty-kicker opacity+x
                                             █                  #difficulty-word-easy opacity+y
                                             █                  #difficulty-film-easy opacity+clipPath
                                             █                  #difficulty-title opacity+y
                                             █                  #difficulty-desc-easy opacity+y
                                             █                  #difficulty-surface clipPath
                                             ██                 #difficulty-kicker opacity+x
                                             █                  #difficulty-word-easy opacity+y
                                             █                  #difficulty-film-easy opacity+clipPath
                                             ██                 #difficulty-title opacity+y
                                             ██                 #difficulty-desc-easy opacity+y
                                              ██                #difficulty-word-easy opacity+y
                                              ██                #difficulty-desc-easy opacity
                                              ██                #difficulty-word-medium opacity+y
                                              ██                #difficulty-film-medium opacity+clipPath
                                               █                #difficulty-film-easy opacity
                                               █                #difficulty-desc-medium opacity+y
                                               █                #difficulty-word-easy opacity+y
                                               █                #difficulty-desc-easy opacity
                                               █                #difficulty-word-medium opacity+y
                                               █                #difficulty-film-medium opacity+clipPath
                                               █                #difficulty-film-easy opacity
                                               █                #difficulty-desc-medium opacity+y
                                                █               #difficulty-word-medium opacity+y
                                                █               #difficulty-desc-medium opacity
                                                ██              #difficulty-word-hard opacity+y
                                                ██              #difficulty-film-hard opacity+clipPath
                                                ██              #difficulty-film-medium opacity
                                                ██              #difficulty-desc-hard opacity+y
                                                 █              #difficulty-word-medium opacity+y
                                                 █              #difficulty-desc-medium opacity
                                                 █              #difficulty-word-hard opacity+y
                                                 █              #difficulty-film-hard opacity+clipPath
                                                 █              #difficulty-film-medium opacity
                                                 █              #difficulty-desc-hard opacity+y
                                                  █             #difficulty-row-easy opacity+x
                                                  █             #difficulty-word-easy opacity+x+y+scale
                                                  █             #difficulty-film-easy opacity+x+y+scale
                                                  █             #difficulty-desc-easy opacity
                                                  █             #difficulty-row-medium opacity+x
                                                  █             #difficulty-word-medium opacity+x+y+scale
                                                  █             #difficulty-film-medium opacity+x+y+scale
                                                  █             #difficulty-desc-medium opacity
                                                  █             #difficulty-row-hard opacity+x
                                                  █             #difficulty-word-hard opacity+x+y+scale
                                                  █             #difficulty-film-hard opacity+x+y+scale
                                                  █             #difficulty-desc-hard opacity
                                                  ██            #difficulty-note-easy opacity+x
                                                  ██            #difficulty-note-medium opacity+x
                                                  ██            #difficulty-note-hard opacity+x
                                                  ██            #difficulty-row-easy opacity+x
                                                  ██            #difficulty-word-easy opacity+x+y+scale
                                                  ██            #difficulty-film-easy opacity+x+y+scale
                                                  █             #difficulty-desc-easy opacity
                                                  ██            #difficulty-row-medium opacity+x
                                                  ██            #difficulty-word-medium opacity+x+y+scale
                                                  ██            #difficulty-film-medium opacity+x+y+scale
                                                  █             #difficulty-desc-medium opacity
                                                  ██            #difficulty-row-hard opacity+x
                                                  ██            #difficulty-word-hard opacity+x+y+scale
                                                  ██            #difficulty-film-hard opacity+x+y+scale
                                                  █             #difficulty-desc-hard opacity
                                                  ██            #difficulty-note-easy opacity+x
                                                   █            #difficulty-note-medium opacity+x
                                                   █            #difficulty-note-hard opacity+x
                                                    ██          #difficulty-stat clipPath
                                                    ██          #difficulty-formula opacity+y
                                                     █          #difficulty-45 opacity+y+scale
                                                     █          #difficulty-stat clipPath
                                                     █          #difficulty-formula opacity+y
                                                     █          #difficulty-config opacity+x
                                                     ██         #difficulty-45 opacity+y+scale
                                                     ██         #difficulty-config opacity+x
                                                      ██        #outro-surface clipPath
                                                      ██        #outro-logo opacity+x+y+scale+rotation
                                                      ██        #outro-flight-path strokeDashoffset
                                                       █        #outro-surface clipPath
                                                       ██       #outro-logo opacity+x+y+scale+rotation
                                                       ██       #outro-flight-path strokeDashoffset
                                                       █        #outro-accent scaleX
                                                       █        #outro-brand opacity+scaleX
                                                       ██       #outro-wordmark opacity+y
                                                       ██       #outro-accent scaleX
                                                       ██       #outro-brand opacity+scaleX
                                                       ██       #outro-flight opacity
                                                        █       #outro-wordmark opacity+y
                                                        █       #outro-call opacity+y
                                                        █       #outro-flight opacity
                                                        █       #outro-call opacity+y
                                                        ██      #outro-together opacity+scale+y
                                                        ██      #outro-together opacity+scale+y
                                                         █      #outro-actions opacity+y
                                                         ██     #outro-actions opacity+y
                                                         ██     #outro-url opacity+y
                                                          █     #outro-url opacity+y
