
◆  Rendering mind2act-hyperframes-blank-20261010-111117 → /home/xzy/xzy_project/robostream++/outputs/mind2act-hyperframes-blank-20261010-111117/renders/mind2act-world-promo-1080p-20261010-221251.mp4
   30fps · high · 4 workers
   GPU: encoder GPU + browser GPU (auto-detect)

[?25l│
◒  Checking browser[1G[J◐  Checking browser[1G[J◇  Browser: env
[?25h
  Lint: 0 error(s), 1 warning(s) — run with --lint-verbose for full output.
  Continuing render despite lint issues. Use --strict to block errors.

[INFO] [Render] Pipeline started {"renderJobId":"e592b768-53dc-4aa6-a0aa-f38835ab5463","platform":"linux","arch":"x64","nodeVersion":"v22.23.3","fps":{"num":30,"den":1},"format":"mp4","quality":"high","browserGpuMode":"auto","forceScreenshot":false,"protocolTimeout":300000,"browserTimeout":120000,"pageNavigationTimeout":60000,"playerReadyTimeout":45000}
[INFO] [Render:trace] {"renderJobId":"e592b768-53dc-4aa6-a0aa-f38835ab5463","phase":"pipeline","status":"checkpoint","elapsedMs":5,"message":"started","format":"mp4","quality":"high","browserGpuMode":"auto","forceScreenshot":false,"protocolTimeoutMs":300000,"pageNavigationTimeoutMs":60000,"playerReadyTimeoutMs":45000,"requestedWorkers":4}
[INFO] [Render:trace] {"renderJobId":"e592b768-53dc-4aa6-a0aa-f38835ab5463","phase":"compile","status":"start","elapsedMs":8,"needsAlpha":false}
  █░░░░░░░░░░░░░░░░░░░░░░░░  5%  Compiling composition
@hf-progress {"code":"compile","pct":5}
[INFO] [Compiler] Embedded local font file: assets/fonts/SpaceGrotesk-400.ttf (68 KB → data URI)
[INFO] [Compiler] Embedded local font file: assets/fonts/SpaceGrotesk-500.ttf (68 KB → data URI)
[INFO] [Compiler] Embedded local font file: assets/fonts/SpaceGrotesk-600.ttf (68 KB → data URI)
[INFO] [Compiler] Embedded local font file: assets/fonts/SpaceGrotesk-700.ttf (68 KB → data URI)
[INFO] [Compiler] Embedded local font file: assets/fonts/IBMPlexMono-400.ttf (126 KB → data URI)
[INFO] [Compiler] Embedded local font file: assets/fonts/IBMPlexMono-500.ttf (127 KB → data URI)
[INFO] Compiled composition metadata {"renderJobId":"e592b768-53dc-4aa6-a0aa-f38835ab5463","entryFile":"index.html","staticDuration":74.074074,"width":1920,"height":1080,"videoCount":32,"audioCount":1,"renderModeHints":{"recommendScreenshot":false,"reasons":[]}}
[INFO] [Render:trace] {"renderJobId":"e592b768-53dc-4aa6-a0aa-f38835ab5463","phase":"compile","status":"end","elapsedMs":1731,"durationMs":1722,"needsAlpha":false}
[INFO] [Render:trace] {"renderJobId":"e592b768-53dc-4aa6-a0aa-f38835ab5463","phase":"compile","status":"checkpoint","elapsedMs":1741,"message":"composition metadata resolved","width":1920,"height":1080,"videoCount":32,"audioCount":1,"imageCount":21,"deviceScaleFactor":1,"forceScreenshot":false,"compositionHash":"ab43615c0ed4a8f6"}
[INFO] [Render:trace] {"renderJobId":"e592b768-53dc-4aa6-a0aa-f38835ab5463","phase":"browser_probe","status":"start","elapsedMs":1742,"forceScreenshot":false,"stagePhase":"calibrating"}
[WARN] [Compiler] WARNING: Video "mind-grasp" has sparse keyframes (max interval: 3.2s). This causes seek failures and frame freezing. Re-encode with: ffmpeg -i "assets/generated/cases/p-action1.mp4" -c:v libx264 -r 30 -g 30 -keyint_min 30 -movflags +faststart -c:a copy output.mp4
[WARN] [Compiler] WARNING: Video "mind-place" has sparse keyframes (max interval: 2.77s). This causes seek failures and frame freezing. Re-encode with: ffmpeg -i "assets/generated/cases/p-action2.mp4" -c:v libx264 -r 30 -g 30 -keyint_min 30 -movflags +faststart -c:a copy output.mp4
[WARN] [Compiler] WARNING: Video "scale-video-E" has sparse keyframes (max interval: 8s). This causes seek failures and frame freezing. Re-encode with: ffmpeg -i "assets/generated/categories-20261010-215252/e-wall.mp4" -c:v libx264 -r 30 -g 30 -keyint_min 30 -movflags +faststart -c:a copy output.mp4
[WARN] [Compiler] WARNING: Video "scale-video-P" has sparse keyframes (max interval: 7.83s). This causes seek failures and frame freezing. Re-encode with: ffmpeg -i "assets/generated/categories-20261010-215252/p-wall.mp4" -c:v libx264 -r 30 -g 30 -keyint_min 30 -movflags +faststart -c:a copy output.mp4
[WARN] [Compiler] WARNING: Video "scale-video-S" has sparse keyframes (max interval: 8s). This causes seek failures and frame freezing. Re-encode with: ffmpeg -i "assets/generated/categories-20261010-215252/s-wall.mp4" -c:v libx264 -r 30 -g 30 -keyint_min 30 -movflags +faststart -c:a copy output.mp4
[WARN] [Compiler] WARNING: Video "scale-video-M" has sparse keyframes (max interval: 8s). This causes seek failures and frame freezing. Re-encode with: ffmpeg -i "assets/generated/categories-20261010-215252/m-wall.mp4" -c:v libx264 -r 30 -g 30 -keyint_min 30 -movflags +faststart -c:a copy output.mp4
[WARN] [Compiler] WARNING: Video "scale-video-FR1" has sparse keyframes (max interval: 8s). This causes seek failures and frame freezing. Re-encode with: ffmpeg -i "assets/generated/categories-20261010-215252/fr1-wall.mp4" -c:v libx264 -r 30 -g 30 -keyint_min 30 -movflags +faststart -c:a copy output.mp4
[WARN] [Compiler] WARNING: Video "scale-video-FR2" has sparse keyframes (max interval: 8s). This causes seek failures and frame freezing. Re-encode with: ffmpeg -i "assets/generated/categories-20261010-215252/fr2-wall.mp4" -c:v libx264 -r 30 -g 30 -keyint_min 30 -movflags +faststart -c:a copy output.mp4
[WARN] [Compiler] WARNING: Video "scale-video-PR3" has sparse keyframes (max interval: 8s). This causes seek failures and frame freezing. Re-encode with: ffmpeg -i "assets/generated/categories-20261010-215252/pr3-wall.mp4" -c:v libx264 -r 30 -g 30 -keyint_min 30 -movflags +faststart -c:a copy output.mp4
[WARN] [Compiler] WARNING: Video "scale-video-PR2" has sparse keyframes (max interval: 8s). This causes seek failures and frame freezing. Re-encode with: ffmpeg -i "assets/generated/categories-20261010-215252/pr2-wall.mp4" -c:v libx264 -r 30 -g 30 -keyint_min 30 -movflags +faststart -c:a copy output.mp4
[WARN] [Compiler] WARNING: Video "scale-hero-video-0" has sparse keyframes (max interval: 8s). This causes seek failures and frame freezing. Re-encode with: ffmpeg -i "assets/generated/categories-20261010-215252/fr1-wall.mp4" -c:v libx264 -r 30 -g 30 -keyint_min 30 -movflags +faststart -c:a copy output.mp4
[WARN] [Compiler] WARNING: Video "scale-video-PR1" has sparse keyframes (max interval: 8s). This causes seek failures and frame freezing. Re-encode with: ffmpeg -i "assets/generated/categories-20261010-215252/pr1-wall.mp4" -c:v libx264 -r 30 -g 30 -keyint_min 30 -movflags +faststart -c:a copy output.mp4
[WARN] [Compiler] WARNING: Video "scale-video-CP01" has sparse keyframes (max interval: 8s). This causes seek failures and frame freezing. Re-encode with: ffmpeg -i "assets/generated/categories-20261010-215252/cp01-wall.mp4" -c:v libx264 -r 30 -g 30 -keyint_min 30 -movflags +faststart -c:a copy output.mp4
[WARN] [Compiler] WARNING: Video "scale-video-CP02" has sparse keyframes (max interval: 8s). This causes seek failures and frame freezing. Re-encode with: ffmpeg -i "assets/generated/categories-20261010-215252/cp02-wall.mp4" -c:v libx264 -r 30 -g 30 -keyint_min 30 -movflags +faststart -c:a copy output.mp4
[WARN] [Compiler] WARNING: Video "scale-hero-video-1" has sparse keyframes (max interval: 8s). This causes seek failures and frame freezing. Re-encode with: ffmpeg -i "assets/generated/categories-20261010-215252/cp02-wall.mp4" -c:v libx264 -r 30 -g 30 -keyint_min 30 -movflags +faststart -c:a copy output.mp4
[WARN] [Compiler] WARNING: Video "scale-video-CP03" has sparse keyframes (max interval: 8s). This causes seek failures and frame freezing. Re-encode with: ffmpeg -i "assets/generated/categories-20261010-215252/cp03-wall.mp4" -c:v libx264 -r 30 -g 30 -keyint_min 30 -movflags +faststart -c:a copy output.mp4
[WARN] [Compiler] WARNING: Video "scale-video-CP05" has sparse keyframes (max interval: 8s). This causes seek failures and frame freezing. Re-encode with: ffmpeg -i "assets/generated/categories-20261010-215252/cp05-wall.mp4" -c:v libx264 -r 30 -g 30 -keyint_min 30 -movflags +faststart -c:a copy output.mp4
[WARN] [Compiler] WARNING: Video "scale-video-CP04" has sparse keyframes (max interval: 8s). This causes seek failures and frame freezing. Re-encode with: ffmpeg -i "assets/generated/categories-20261010-215252/cp04-wall.mp4" -c:v libx264 -r 30 -g 30 -keyint_min 30 -movflags +faststart -c:a copy output.mp4
[WARN] [Compiler] WARNING: Video "scale-f-hero-video" has sparse keyframes (max interval: 8.33s). This causes seek failures and frame freezing. Re-encode with: ffmpeg -i "assets/generated/categories-20261010-215252/f-medium-probe.mp4" -c:v libx264 -r 30 -g 30 -keyint_min 30 -movflags +faststart -c:a copy output.mp4
[WARN] [Compiler] WARNING: Video "difficulty-video-medium" has sparse keyframes (max interval: 8.33s). This causes seek failures and frame freezing. Re-encode with: ffmpeg -i "assets/generated/categories-20261010-215252/f-medium-probe.mp4" -c:v libx264 -r 30 -g 30 -keyint_min 30 -movflags +faststart -c:a copy output.mp4
[WARN] [Compiler] WARNING: Video "difficulty-video-easy" has sparse keyframes (max interval: 8.33s). This causes seek failures and frame freezing. Re-encode with: ffmpeg -i "assets/generated/categories-20261010-215252/f-easy-probe.mp4" -c:v libx264 -r 30 -g 30 -keyint_min 30 -movflags +faststart -c:a copy output.mp4
[WARN] [Compiler] WARNING: Video "difficulty-video-hard" has sparse keyframes (max interval: 8.33s). This causes seek failures and frame freezing. Re-encode with: ffmpeg -i "assets/generated/categories-20261010-215252/f-hard-probe.mp4" -c:v libx264 -r 30 -g 30 -keyint_min 30 -movflags +faststart -c:a copy output.mp4
[INFO] [Render:trace] {"renderJobId":"e592b768-53dc-4aa6-a0aa-f38835ab5463","phase":"browser_probe","status":"end","elapsedMs":3574,"durationMs":1832,"forceScreenshot":false,"stagePhase":"calibrating"}
[INFO] [Render:trace] {"renderJobId":"e592b768-53dc-4aa6-a0aa-f38835ab5463","phase":"browser_probe","status":"checkpoint","elapsedMs":3580,"message":"duration resolved","durationSeconds":74.074074,"totalFrames":2223,"compositionHash":"ab43615c0ed4a8f6","beginFrameStalled":false}
[INFO] [Render:trace] {"renderJobId":"e592b768-53dc-4aa6-a0aa-f38835ab5463","phase":"video_extract","status":"start","elapsedMs":3581,"videoCount":32}
[INFO] Probing video color spaces... {"renderJobId":"e592b768-53dc-4aa6-a0aa-f38835ab5463","videoCount":32}
  ██░░░░░░░░░░░░░░░░░░░░░░░  10%  Extracting video frames
@hf-progress {"code":"extract_video","pct":10}
[INFO] Extracting frames from video 1/32 {"renderJobId":"e592b768-53dc-4aa6-a0aa-f38835ab5463","sourceType":"local"}
[INFO] Extracting frames from video 2/32 {"renderJobId":"e592b768-53dc-4aa6-a0aa-f38835ab5463","sourceType":"local"}
[INFO] Extracting frames from video 3/32 {"renderJobId":"e592b768-53dc-4aa6-a0aa-f38835ab5463","sourceType":"local"}
[INFO] Extracting frames from video 4/32 {"renderJobId":"e592b768-53dc-4aa6-a0aa-f38835ab5463","sourceType":"local"}
[INFO] Extracting frames from video 5/32 {"renderJobId":"e592b768-53dc-4aa6-a0aa-f38835ab5463","sourceType":"local"}
[INFO] Extracting frames from video 6/32 {"renderJobId":"e592b768-53dc-4aa6-a0aa-f38835ab5463","sourceType":"local"}
[INFO] Extracting frames from video 7/32 {"renderJobId":"e592b768-53dc-4aa6-a0aa-f38835ab5463","sourceType":"local"}
[INFO] Extracting frames from video 8/32 {"renderJobId":"e592b768-53dc-4aa6-a0aa-f38835ab5463","sourceType":"local"}
[INFO] Extracting frames from video 9/32 {"renderJobId":"e592b768-53dc-4aa6-a0aa-f38835ab5463","sourceType":"local"}
[INFO] Extracting frames from video 10/32 {"renderJobId":"e592b768-53dc-4aa6-a0aa-f38835ab5463","sourceType":"local"}
[INFO] Extracting frames from video 11/32 {"renderJobId":"e592b768-53dc-4aa6-a0aa-f38835ab5463","sourceType":"local"}
[INFO] Extracting frames from video 12/32 {"renderJobId":"e592b768-53dc-4aa6-a0aa-f38835ab5463","sourceType":"local"}
[INFO] Extracting frames from video 13/32 {"renderJobId":"e592b768-53dc-4aa6-a0aa-f38835ab5463","sourceType":"local"}
[INFO] Extracting frames from video 14/32 {"renderJobId":"e592b768-53dc-4aa6-a0aa-f38835ab5463","sourceType":"local"}
[INFO] Extracting frames from video 15/32 {"renderJobId":"e592b768-53dc-4aa6-a0aa-f38835ab5463","sourceType":"local"}
[INFO] Extracting frames from video 16/32 {"renderJobId":"e592b768-53dc-4aa6-a0aa-f38835ab5463","sourceType":"local"}
[INFO] Extracting frames from video 17/32 {"renderJobId":"e592b768-53dc-4aa6-a0aa-f38835ab5463","sourceType":"local"}
[INFO] Extracting frames from video 18/32 {"renderJobId":"e592b768-53dc-4aa6-a0aa-f38835ab5463","sourceType":"local"}
[INFO] Extracting frames from video 19/32 {"renderJobId":"e592b768-53dc-4aa6-a0aa-f38835ab5463","sourceType":"local"}
[INFO] Extracting frames from video 20/32 {"renderJobId":"e592b768-53dc-4aa6-a0aa-f38835ab5463","sourceType":"local"}
[INFO] Extracting frames from video 21/32 {"renderJobId":"e592b768-53dc-4aa6-a0aa-f38835ab5463","sourceType":"local"}
[INFO] Extracting frames from video 22/32 {"renderJobId":"e592b768-53dc-4aa6-a0aa-f38835ab5463","sourceType":"local"}
[INFO] Extracting frames from video 23/32 {"renderJobId":"e592b768-53dc-4aa6-a0aa-f38835ab5463","sourceType":"local"}
[INFO] Extracting frames from video 24/32 {"renderJobId":"e592b768-53dc-4aa6-a0aa-f38835ab5463","sourceType":"local"}
[INFO] Extracting frames from video 25/32 {"renderJobId":"e592b768-53dc-4aa6-a0aa-f38835ab5463","sourceType":"local"}
[INFO] Extracting frames from video 26/32 {"renderJobId":"e592b768-53dc-4aa6-a0aa-f38835ab5463","sourceType":"local"}
[INFO] Extracting frames from video 27/32 {"renderJobId":"e592b768-53dc-4aa6-a0aa-f38835ab5463","sourceType":"local"}
[INFO] Extracting frames from video 28/32 {"renderJobId":"e592b768-53dc-4aa6-a0aa-f38835ab5463","sourceType":"local"}
[INFO] Extracting frames from video 29/32 {"renderJobId":"e592b768-53dc-4aa6-a0aa-f38835ab5463","sourceType":"local"}
[INFO] Extracting frames from video 30/32 {"renderJobId":"e592b768-53dc-4aa6-a0aa-f38835ab5463","sourceType":"local"}
[INFO] Extracting frames from video 31/32 {"renderJobId":"e592b768-53dc-4aa6-a0aa-f38835ab5463","sourceType":"local"}
[INFO] Extracting frames from video 32/32 {"renderJobId":"e592b768-53dc-4aa6-a0aa-f38835ab5463","sourceType":"local"}
[INFO] [Render:trace] {"renderJobId":"e592b768-53dc-4aa6-a0aa-f38835ab5463","phase":"video_extract","status":"end","elapsedMs":5925,"durationMs":2344,"videoCount":32}
[INFO] [Render:trace] {"renderJobId":"e592b768-53dc-4aa6-a0aa-f38835ab5463","phase":"video_extract","status":"checkpoint","elapsedMs":5939,"message":"frames resolved","videoCount":32,"extractedVideoCount":32,"totalFramesExtracted":5215,"maxFramesPerVideo":296,"avgFramesPerExtractedVideo":163,"vfrPreflightCount":0,"vfrPreflightMs":0,"cacheHits":12,"cacheMisses":20,"transientRetries":0,"minVideoFrameCoverageRatio":1,"authoredTimedClipCount":42}
[INFO] [Render] No HDR sources detected — rendering SDR {"renderJobId":"e592b768-53dc-4aa6-a0aa-f38835ab5463"}
[INFO] [Render:trace] {"renderJobId":"e592b768-53dc-4aa6-a0aa-f38835ab5463","phase":"hdr_detection","status":"checkpoint","elapsedMs":5940,"message":"resolved","requestedHdrMode":"auto","effectiveHdr":"sdr","nativeHdrVideoCount":0,"nativeHdrImageCount":0}
[INFO] [Render:trace] {"renderJobId":"e592b768-53dc-4aa6-a0aa-f38835ab5463","phase":"audio_process","status":"start","elapsedMs":5940,"audioCount":1}
  █████░░░░░░░░░░░░░░░░░░░░  20%  Processing audio tracks
@hf-progress {"code":"process_audio","pct":20}
[INFO] [Render:trace] {"renderJobId":"e592b768-53dc-4aa6-a0aa-f38835ab5463","phase":"audio_process","status":"end","elapsedMs":9437,"durationMs":3497,"audioCount":1}
[INFO] [Render:trace] {"renderJobId":"e592b768-53dc-4aa6-a0aa-f38835ab5463","phase":"file_server","status":"start","elapsedMs":9437,"reused":false}
  ██████░░░░░░░░░░░░░░░░░░░  25%  Starting frame capture
@hf-progress {"code":"start_browsers","pct":25}
[INFO] [Render:trace] {"renderJobId":"e592b768-53dc-4aa6-a0aa-f38835ab5463","phase":"file_server","status":"end","elapsedMs":9465,"durationMs":27}
  ██████░░░░░░░░░░░░░░░░░░░  25%  Checking browser GPU
@hf-progress {"code":"start_browsers","pct":25}
[hyperframes] browserGpuMode probe → hardware (WebGL renderer vendor="Google Inc. (NVIDIA Corporation)" renderer="ANGLE (NVIDIA Corporation, NVIDIA RTX PRO 6000 Blackwell Max-Q Workstation Edition/PCIe/SSE2, OpenGL ES 3.2)")
[INFO] [Render:trace] {"renderJobId":"e592b768-53dc-4aa6-a0aa-f38835ab5463","phase":"capture_calibration","status":"checkpoint","elapsedMs":10448,"message":"skipped","requestedWorkers":4,"totalFrames":2223,"htmlInCanvasDetected":false,"lowMemoryMode":false,"deInversionEligible":false,"deParallelRouterEligible":false}
[INFO] [Render:trace] {"renderJobId":"e592b768-53dc-4aa6-a0aa-f38835ab5463","phase":"worker_resolution","status":"checkpoint","elapsedMs":13140,"message":"resolved","workerCount":4}
[INFO] [Render] Parallel beginframe capture will stream to the encoder (interleaved, 4 workers) instead of the disk path. Set HF_CAPTURE_PARALLEL_STREAM=false to disable. {"renderJobId":"e592b768-53dc-4aa6-a0aa-f38835ab5463"}
[INFO] [Render:trace] {"renderJobId":"e592b768-53dc-4aa6-a0aa-f38835ab5463","phase":"worker_resolution","status":"checkpoint","elapsedMs":13141,"message":"parallel beginframe capture routed to streaming"}
[INFO] streaming-encode gate {"renderJobId":"e592b768-53dc-4aa6-a0aa-f38835ab5463","enabled":true,"reason":"parallel_forced","configFlag":true,"durationCapEnabled":false,"outputFormat":"mp4","workerCount":4,"durationSeconds":74.074074,"maxDurationSeconds":240}
[INFO] [Render:trace] {"renderJobId":"e592b768-53dc-4aa6-a0aa-f38835ab5463","phase":"capture_strategy","status":"checkpoint","elapsedMs":13144,"message":"resolved","workerCount":4,"forceScreenshot":false,"captureBeyondViewport":true,"useStreamingEncode":true,"useLayeredComposite":false,"usePageSideCompositing":false,"hasHdrContent":false,"hasShaderTransitions":false,"isPngSequence":false}
[INFO] [Render:trace] {"renderJobId":"e592b768-53dc-4aa6-a0aa-f38835ab5463","phase":"capture_streaming","status":"start","elapsedMs":13145,"stagePhase":"capturing","workerCount":4,"forceScreenshot":false,"totalFrames":2223,"framesCompleted":0,"captureMode":"beginframe","captureOperation":"beginFrame"}
[INFO] [Render] Parallel capture worker phase {"renderJobId":"e592b768-53dc-4aa6-a0aa-f38835ab5463","workerId":0,"phase":"browser_launch","browserExecutable":"/home/xzy/.cache/puppeteer/chrome-headless-shell/linux-148.0.7778.97/chrome-headless-shell-linux64/chrome-headless-shell","browserVersion":"unknown","canvasDrawElement":"unknown","gpuBackend":"unknown"}
[INFO] [Render] Parallel capture worker phase {"renderJobId":"e592b768-53dc-4aa6-a0aa-f38835ab5463","workerId":1,"phase":"browser_launch","browserExecutable":"/home/xzy/.cache/puppeteer/chrome-headless-shell/linux-148.0.7778.97/chrome-headless-shell-linux64/chrome-headless-shell","browserVersion":"unknown","canvasDrawElement":"unknown","gpuBackend":"unknown"}
[INFO] [Render] Parallel capture worker phase {"renderJobId":"e592b768-53dc-4aa6-a0aa-f38835ab5463","workerId":2,"phase":"browser_launch","browserExecutable":"/home/xzy/.cache/puppeteer/chrome-headless-shell/linux-148.0.7778.97/chrome-headless-shell-linux64/chrome-headless-shell","browserVersion":"unknown","canvasDrawElement":"unknown","gpuBackend":"unknown"}
[INFO] [Render] Parallel capture worker phase {"renderJobId":"e592b768-53dc-4aa6-a0aa-f38835ab5463","workerId":3,"phase":"browser_launch","browserExecutable":"/home/xzy/.cache/puppeteer/chrome-headless-shell/linux-148.0.7778.97/chrome-headless-shell-linux64/chrome-headless-shell","browserVersion":"unknown","canvasDrawElement":"unknown","gpuBackend":"unknown"}
  ██████░░░░░░░░░░░░░░░░░░░  25%  Starting browsers (0/4 ready)
@hf-progress {"code":"start_browsers","done":0,"total":4,"pct":25}
[BrowserManager] Browser launched (HeadlessChrome/148.0.7778.97, beginframe, gl=--use-gl=angle --use-angle=gl-egl, headlessShell=true, platform=linux)
[BrowserManager] Browser launched (HeadlessChrome/148.0.7778.97, beginframe, gl=--use-gl=angle --use-angle=gl-egl, headlessShell=true, platform=linux)
[BrowserManager] Browser launched (HeadlessChrome/148.0.7778.97, beginframe, gl=--use-gl=angle --use-angle=gl-egl, headlessShell=true, platform=linux)
[BrowserManager] Browser launched (HeadlessChrome/148.0.7778.97, beginframe, gl=--use-gl=angle --use-angle=gl-egl, headlessShell=true, platform=linux)
[INFO] [Render] Parallel capture worker phase {"renderJobId":"e592b768-53dc-4aa6-a0aa-f38835ab5463","workerId":3,"phase":"browser_probe","browserExecutable":"/home/xzy/.cache/puppeteer/chrome-headless-shell/linux-148.0.7778.97/chrome-headless-shell-linux64/chrome-headless-shell","browserVersion":"unknown","canvasDrawElement":"unknown","gpuBackend":"unknown"}
[INFO] [Render] Parallel capture worker phase {"renderJobId":"e592b768-53dc-4aa6-a0aa-f38835ab5463","workerId":3,"phase":"session_init","browserExecutable":"/home/xzy/.cache/puppeteer/chrome-headless-shell/linux-148.0.7778.97/chrome-headless-shell-linux64/chrome-headless-shell","browserVersion":"HeadlessChrome/148.0.7778.97","canvasDrawElement":"unknown","gpuBackend":"unknown"}
[initSession:beginframe] warmup loop started (0ms)
[initSession:beginframe] page.goto start (1ms)
[INFO] [Render] Parallel capture worker phase {"renderJobId":"e592b768-53dc-4aa6-a0aa-f38835ab5463","workerId":1,"phase":"browser_probe","browserExecutable":"/home/xzy/.cache/puppeteer/chrome-headless-shell/linux-148.0.7778.97/chrome-headless-shell-linux64/chrome-headless-shell","browserVersion":"unknown","canvasDrawElement":"unknown","gpuBackend":"unknown"}
[INFO] [Render] Parallel capture worker phase {"renderJobId":"e592b768-53dc-4aa6-a0aa-f38835ab5463","workerId":1,"phase":"session_init","browserExecutable":"/home/xzy/.cache/puppeteer/chrome-headless-shell/linux-148.0.7778.97/chrome-headless-shell-linux64/chrome-headless-shell","browserVersion":"HeadlessChrome/148.0.7778.97","canvasDrawElement":"unknown","gpuBackend":"unknown"}
[initSession:beginframe] warmup loop started (0ms)
[initSession:beginframe] page.goto start (0ms)
[INFO] [Render] Parallel capture worker phase {"renderJobId":"e592b768-53dc-4aa6-a0aa-f38835ab5463","workerId":0,"phase":"browser_probe","browserExecutable":"/home/xzy/.cache/puppeteer/chrome-headless-shell/linux-148.0.7778.97/chrome-headless-shell-linux64/chrome-headless-shell","browserVersion":"unknown","canvasDrawElement":"unknown","gpuBackend":"unknown"}
[INFO] [Render] Parallel capture worker phase {"renderJobId":"e592b768-53dc-4aa6-a0aa-f38835ab5463","workerId":0,"phase":"session_init","browserExecutable":"/home/xzy/.cache/puppeteer/chrome-headless-shell/linux-148.0.7778.97/chrome-headless-shell-linux64/chrome-headless-shell","browserVersion":"HeadlessChrome/148.0.7778.97","canvasDrawElement":"unknown","gpuBackend":"unknown"}
[INFO] [Render] Parallel capture worker phase {"renderJobId":"e592b768-53dc-4aa6-a0aa-f38835ab5463","workerId":2,"phase":"browser_probe","browserExecutable":"/home/xzy/.cache/puppeteer/chrome-headless-shell/linux-148.0.7778.97/chrome-headless-shell-linux64/chrome-headless-shell","browserVersion":"unknown","canvasDrawElement":"unknown","gpuBackend":"unknown"}
[INFO] [Render] Parallel capture worker phase {"renderJobId":"e592b768-53dc-4aa6-a0aa-f38835ab5463","workerId":2,"phase":"session_init","browserExecutable":"/home/xzy/.cache/puppeteer/chrome-headless-shell/linux-148.0.7778.97/chrome-headless-shell-linux64/chrome-headless-shell","browserVersion":"HeadlessChrome/148.0.7778.97","canvasDrawElement":"unknown","gpuBackend":"unknown"}
[initSession:beginframe] warmup loop started (0ms)
[initSession:beginframe] page.goto start (0ms)
[initSession:beginframe] warmup loop started (0ms)
[initSession:beginframe] page.goto start (0ms)
[initSession:beginframe] page.goto complete (1608ms)
[HyperFrames] render runtime fps {"canonicalFps":30,"source":"render-options","rawFpsSource":"render-options","rawFps":30}
[initSession:beginframe] page.goto complete (1555ms)
[HyperFrames] render runtime fps {"canonicalFps":30,"source":"render-options","rawFpsSource":"render-options","rawFps":30}
[initSession:beginframe] page.goto complete (1576ms)
[initSession:beginframe] page.goto complete (1608ms)
[HyperFrames] render runtime fps {"canonicalFps":30,"source":"render-options","rawFpsSource":"render-options","rawFps":30}
[HyperFrames] render runtime fps {"canonicalFps":30,"source":"render-options","rawFpsSource":"render-options","rawFps":30}
[initSession:beginframe] GSAP proxy flush complete (1715ms)
[initSession:beginframe] GSAP proxy flush complete (2142ms)
[initSession:beginframe] GSAP proxy flush complete (1753ms)
[initSession:beginframe] GSAP proxy flush complete (1767ms)
[initSession:beginframe] pollHfReady complete (1782ms)
[initSession:beginframe] pollHfReady complete (2197ms)
[initSession:beginframe] pollSubCompositionTimelines complete (ready) (2205ms)
[initSession:beginframe] pollSubCompositionTimelines complete (ready) (1800ms)
[initSession:beginframe] applyVideoMetadataHints complete (2212ms)
[initSession:beginframe] pollHfReady complete (1807ms)
[initSession:beginframe] applyVideoMetadataHints complete (1818ms)
[initSession:beginframe] media + fonts + tailwind ready (2268ms)
[initSession:beginframe] pollHfReady complete (1865ms)
[initSession:beginframe] static-frame dedup: disabled (capture mode beginframe, not screenshot) (2302ms)
[INFO] [Render] Parallel capture worker phase {"renderJobId":"e592b768-53dc-4aa6-a0aa-f38835ab5463","workerId":3,"phase":"frame_capture","frameIndex":3,"browserExecutable":"/home/xzy/.cache/puppeteer/chrome-headless-shell/linux-148.0.7778.97/chrome-headless-shell-linux64/chrome-headless-shell","browserVersion":"HeadlessChrome/148.0.7778.97","canvasDrawElement":false,"gpuBackend":"unknown"}
  ██████░░░░░░░░░░░░░░░░░░░  25%  Starting browsers (1/4 ready)
@hf-progress {"code":"start_browsers","done":1,"total":4,"pct":25}
[initSession:beginframe] pollSubCompositionTimelines complete (ready) (1898ms)
[initSession:beginframe] applyVideoMetadataHints complete (1905ms)
[initSession:beginframe] pollSubCompositionTimelines complete (ready) (1928ms)
[initSession:beginframe] applyVideoMetadataHints complete (1932ms)
[initSession:beginframe] media + fonts + tailwind ready (2000ms)
[initSession:beginframe] static-frame dedup: disabled (capture mode beginframe, not screenshot) (2035ms)
[INFO] [Render] Parallel capture worker phase {"renderJobId":"e592b768-53dc-4aa6-a0aa-f38835ab5463","workerId":1,"phase":"frame_capture","frameIndex":1,"browserExecutable":"/home/xzy/.cache/puppeteer/chrome-headless-shell/linux-148.0.7778.97/chrome-headless-shell-linux64/chrome-headless-shell","browserVersion":"HeadlessChrome/148.0.7778.97","canvasDrawElement":false,"gpuBackend":"unknown"}
[initSession:beginframe] media + fonts + tailwind ready (2130ms)
[initSession:beginframe] media + fonts + tailwind ready (2132ms)
[initSession:beginframe] static-frame dedup: disabled (capture mode beginframe, not screenshot) (2151ms)
[initSession:beginframe] static-frame dedup: disabled (capture mode beginframe, not screenshot) (2154ms)
[INFO] [Render] Parallel capture worker phase {"renderJobId":"e592b768-53dc-4aa6-a0aa-f38835ab5463","workerId":2,"phase":"frame_capture","frameIndex":2,"browserExecutable":"/home/xzy/.cache/puppeteer/chrome-headless-shell/linux-148.0.7778.97/chrome-headless-shell-linux64/chrome-headless-shell","browserVersion":"HeadlessChrome/148.0.7778.97","canvasDrawElement":false,"gpuBackend":"unknown"}
  ██████░░░░░░░░░░░░░░░░░░░  25%  Starting browsers (3/4 ready)
@hf-progress {"code":"start_browsers","done":3,"total":4,"pct":25}
[INFO] [Render] Parallel capture worker phase {"renderJobId":"e592b768-53dc-4aa6-a0aa-f38835ab5463","workerId":0,"phase":"frame_capture","frameIndex":0,"browserExecutable":"/home/xzy/.cache/puppeteer/chrome-headless-shell/linux-148.0.7778.97/chrome-headless-shell-linux64/chrome-headless-shell","browserVersion":"HeadlessChrome/148.0.7778.97","canvasDrawElement":false,"gpuBackend":"unknown"}
  ██████░░░░░░░░░░░░░░░░░░░  25%  Streaming frame 1/2223 (4 workers)
@hf-progress {"code":"capture","done":1,"total":2223,"pct":25}
  ██████░░░░░░░░░░░░░░░░░░░  25%  Streaming frame 5/2223 (4 workers)
@hf-progress {"code":"capture","done":5,"total":2223,"pct":25}
  ██████░░░░░░░░░░░░░░░░░░░  25%  Streaming frame 9/2223 (4 workers)
@hf-progress {"code":"capture","done":9,"total":2223,"pct":25}
  ██████░░░░░░░░░░░░░░░░░░░  25%  Streaming frame 13/2223 (4 workers)
@hf-progress {"code":"capture","done":13,"total":2223,"pct":25}
  ██████░░░░░░░░░░░░░░░░░░░  25%  Streaming frame 17/2223 (4 workers)
@hf-progress {"code":"capture","done":17,"total":2223,"pct":25}
  ██████░░░░░░░░░░░░░░░░░░░  26%  Streaming frame 21/2223 (4 workers)
@hf-progress {"code":"capture","done":21,"total":2223,"pct":26}
  ██████░░░░░░░░░░░░░░░░░░░  26%  Streaming frame 25/2223 (4 workers)
@hf-progress {"code":"capture","done":25,"total":2223,"pct":26}
  ██████░░░░░░░░░░░░░░░░░░░  26%  Streaming frame 29/2223 (4 workers)
@hf-progress {"code":"capture","done":29,"total":2223,"pct":26}
  ██████░░░░░░░░░░░░░░░░░░░  26%  Streaming frame 33/2223 (4 workers)
@hf-progress {"code":"capture","done":33,"total":2223,"pct":26}
  ██████░░░░░░░░░░░░░░░░░░░  26%  Streaming frame 36/2223 (4 workers)
@hf-progress {"code":"capture","done":36,"total":2223,"pct":26}
  ██████░░░░░░░░░░░░░░░░░░░  26%  Streaming frame 38/2223 (4 workers)
@hf-progress {"code":"capture","done":38,"total":2223,"pct":26}
  ██████░░░░░░░░░░░░░░░░░░░  26%  Streaming frame 42/2223 (4 workers)
@hf-progress {"code":"capture","done":42,"total":2223,"pct":26}
  ██████░░░░░░░░░░░░░░░░░░░  26%  Streaming frame 47/2223 (4 workers)
@hf-progress {"code":"capture","done":47,"total":2223,"pct":26}
  ██████░░░░░░░░░░░░░░░░░░░  26%  Streaming frame 51/2223 (4 workers)
@hf-progress {"code":"capture","done":51,"total":2223,"pct":26}
  ██████░░░░░░░░░░░░░░░░░░░  26%  Streaming frame 56/2223 (4 workers)
@hf-progress {"code":"capture","done":56,"total":2223,"pct":26}
  ██████░░░░░░░░░░░░░░░░░░░  27%  Streaming frame 61/2223 (4 workers)
@hf-progress {"code":"capture","done":61,"total":2223,"pct":27}
  ██████░░░░░░░░░░░░░░░░░░░  27%  Streaming frame 65/2223 (4 workers)
@hf-progress {"code":"capture","done":65,"total":2223,"pct":27}
  ██████░░░░░░░░░░░░░░░░░░░  27%  Streaming frame 69/2223 (4 workers)
@hf-progress {"code":"capture","done":69,"total":2223,"pct":27}
  ██████░░░░░░░░░░░░░░░░░░░  27%  Streaming frame 73/2223 (4 workers)
@hf-progress {"code":"capture","done":73,"total":2223,"pct":27}
  ██████░░░░░░░░░░░░░░░░░░░  27%  Streaming frame 77/2223 (4 workers)
@hf-progress {"code":"capture","done":77,"total":2223,"pct":27}
  ██████░░░░░░░░░░░░░░░░░░░  27%  Streaming frame 81/2223 (4 workers)
@hf-progress {"code":"capture","done":81,"total":2223,"pct":27}
  ██████░░░░░░░░░░░░░░░░░░░  27%  Streaming frame 85/2223 (4 workers)
@hf-progress {"code":"capture","done":85,"total":2223,"pct":27}
  ██████░░░░░░░░░░░░░░░░░░░  27%  Streaming frame 91/2223 (4 workers)
@hf-progress {"code":"capture","done":91,"total":2223,"pct":27}
  ██████░░░░░░░░░░░░░░░░░░░  27%  Streaming frame 93/2223 (4 workers)
@hf-progress {"code":"capture","done":93,"total":2223,"pct":27}
  ██████░░░░░░░░░░░░░░░░░░░  27%  Streaming frame 97/2223 (4 workers)
@hf-progress {"code":"capture","done":97,"total":2223,"pct":27}
  ███████░░░░░░░░░░░░░░░░░░  28%  Streaming frame 102/2223 (4 workers)
@hf-progress {"code":"capture","done":102,"total":2223,"pct":28}
  ███████░░░░░░░░░░░░░░░░░░  28%  Streaming frame 107/2223 (4 workers)
@hf-progress {"code":"capture","done":107,"total":2223,"pct":28}
  ███████░░░░░░░░░░░░░░░░░░  28%  Streaming frame 111/2223 (4 workers)
@hf-progress {"code":"capture","done":111,"total":2223,"pct":28}
  ███████░░░░░░░░░░░░░░░░░░  28%  Streaming frame 116/2223 (4 workers)
@hf-progress {"code":"capture","done":116,"total":2223,"pct":28}
  ███████░░░░░░░░░░░░░░░░░░  28%  Streaming frame 120/2223 (4 workers)
@hf-progress {"code":"capture","done":120,"total":2223,"pct":28}
  ███████░░░░░░░░░░░░░░░░░░  28%  Streaming frame 124/2223 (4 workers)
@hf-progress {"code":"capture","done":124,"total":2223,"pct":28}
  ███████░░░░░░░░░░░░░░░░░░  28%  Streaming frame 129/2223 (4 workers)
@hf-progress {"code":"capture","done":129,"total":2223,"pct":28}
  ███████░░░░░░░░░░░░░░░░░░  28%  Streaming frame 133/2223 (4 workers)
@hf-progress {"code":"capture","done":133,"total":2223,"pct":28}
  ███████░░░░░░░░░░░░░░░░░░  28%  Streaming frame 137/2223 (4 workers)
@hf-progress {"code":"capture","done":137,"total":2223,"pct":28}
  ███████░░░░░░░░░░░░░░░░░░  29%  Streaming frame 143/2223 (4 workers)
@hf-progress {"code":"capture","done":143,"total":2223,"pct":29}
  ███████░░░░░░░░░░░░░░░░░░  29%  Streaming frame 148/2223 (4 workers)
@hf-progress {"code":"capture","done":148,"total":2223,"pct":29}
  ███████░░░░░░░░░░░░░░░░░░  29%  Streaming frame 153/2223 (4 workers)
@hf-progress {"code":"capture","done":153,"total":2223,"pct":29}
  ███████░░░░░░░░░░░░░░░░░░  29%  Streaming frame 165/2223 (4 workers)
@hf-progress {"code":"capture","done":165,"total":2223,"pct":29}
  ███████░░░░░░░░░░░░░░░░░░  29%  Streaming frame 178/2223 (4 workers)
@hf-progress {"code":"capture","done":178,"total":2223,"pct":29}
  ███████░░░░░░░░░░░░░░░░░░  30%  Streaming frame 189/2223 (4 workers)
@hf-progress {"code":"capture","done":189,"total":2223,"pct":30}
  ███████░░░░░░░░░░░░░░░░░░  30%  Streaming frame 201/2223 (4 workers)
@hf-progress {"code":"capture","done":201,"total":2223,"pct":30}
  ███████░░░░░░░░░░░░░░░░░░  30%  Streaming frame 213/2223 (4 workers)
@hf-progress {"code":"capture","done":213,"total":2223,"pct":30}
  ███████░░░░░░░░░░░░░░░░░░  31%  Streaming frame 225/2223 (4 workers)
@hf-progress {"code":"capture","done":225,"total":2223,"pct":31}
  ███████░░░░░░░░░░░░░░░░░░  31%  Streaming frame 237/2223 (4 workers)
@hf-progress {"code":"capture","done":237,"total":2223,"pct":31}
  ███████░░░░░░░░░░░░░░░░░░  31%  Streaming frame 249/2223 (4 workers)
@hf-progress {"code":"capture","done":249,"total":2223,"pct":31}
  ███████░░░░░░░░░░░░░░░░░░  31%  Streaming frame 261/2223 (4 workers)
@hf-progress {"code":"capture","done":261,"total":2223,"pct":31}
  ████████░░░░░░░░░░░░░░░░░  32%  Streaming frame 273/2223 (4 workers)
@hf-progress {"code":"capture","done":273,"total":2223,"pct":32}
  ████████░░░░░░░░░░░░░░░░░  32%  Streaming frame 285/2223 (4 workers)
@hf-progress {"code":"capture","done":285,"total":2223,"pct":32}
  ████████░░░░░░░░░░░░░░░░░  32%  Streaming frame 299/2223 (4 workers)
@hf-progress {"code":"capture","done":299,"total":2223,"pct":32}
  ████████░░░░░░░░░░░░░░░░░  33%  Streaming frame 309/2223 (4 workers)
@hf-progress {"code":"capture","done":309,"total":2223,"pct":33}
  ████████░░░░░░░░░░░░░░░░░  33%  Streaming frame 321/2223 (4 workers)
@hf-progress {"code":"capture","done":321,"total":2223,"pct":33}
  ████████░░░░░░░░░░░░░░░░░  33%  Streaming frame 333/2223 (4 workers)
@hf-progress {"code":"capture","done":333,"total":2223,"pct":33}
  ████████░░░░░░░░░░░░░░░░░  34%  Streaming frame 345/2223 (4 workers)
@hf-progress {"code":"capture","done":345,"total":2223,"pct":34}
  ████████░░░░░░░░░░░░░░░░░  34%  Streaming frame 357/2223 (4 workers)
@hf-progress {"code":"capture","done":357,"total":2223,"pct":34}
  ████████░░░░░░░░░░░░░░░░░  34%  Streaming frame 364/2223 (4 workers)
@hf-progress {"code":"capture","done":364,"total":2223,"pct":34}
  ████████░░░░░░░░░░░░░░░░░  34%  Streaming frame 369/2223 (4 workers)
@hf-progress {"code":"capture","done":369,"total":2223,"pct":34}
  ████████░░░░░░░░░░░░░░░░░  34%  Streaming frame 377/2223 (4 workers)
@hf-progress {"code":"capture","done":377,"total":2223,"pct":34}
  ████████░░░░░░░░░░░░░░░░░  35%  Streaming frame 385/2223 (4 workers)
@hf-progress {"code":"capture","done":385,"total":2223,"pct":35}
  ████████░░░░░░░░░░░░░░░░░  35%  Streaming frame 393/2223 (4 workers)
@hf-progress {"code":"capture","done":393,"total":2223,"pct":35}
  ████████░░░░░░░░░░░░░░░░░  35%  Streaming frame 401/2223 (4 workers)
@hf-progress {"code":"capture","done":401,"total":2223,"pct":35}
  ████████░░░░░░░░░░░░░░░░░  35%  Streaming frame 409/2223 (4 workers)
@hf-progress {"code":"capture","done":409,"total":2223,"pct":35}
  ████████░░░░░░░░░░░░░░░░░  35%  Streaming frame 417/2223 (4 workers)
@hf-progress {"code":"capture","done":417,"total":2223,"pct":35}
  █████████░░░░░░░░░░░░░░░░  36%  Streaming frame 425/2223 (4 workers)
@hf-progress {"code":"capture","done":425,"total":2223,"pct":36}
  █████████░░░░░░░░░░░░░░░░  36%  Streaming frame 433/2223 (4 workers)
@hf-progress {"code":"capture","done":433,"total":2223,"pct":36}
  █████████░░░░░░░░░░░░░░░░  36%  Streaming frame 441/2223 (4 workers)
@hf-progress {"code":"capture","done":441,"total":2223,"pct":36}
  █████████░░░░░░░░░░░░░░░░  36%  Streaming frame 449/2223 (4 workers)
@hf-progress {"code":"capture","done":449,"total":2223,"pct":36}
  █████████░░░░░░░░░░░░░░░░  36%  Streaming frame 457/2223 (4 workers)
@hf-progress {"code":"capture","done":457,"total":2223,"pct":36}
  █████████░░░░░░░░░░░░░░░░  37%  Streaming frame 465/2223 (4 workers)
@hf-progress {"code":"capture","done":465,"total":2223,"pct":37}
  █████████░░░░░░░░░░░░░░░░  37%  Streaming frame 473/2223 (4 workers)
@hf-progress {"code":"capture","done":473,"total":2223,"pct":37}
  █████████░░░░░░░░░░░░░░░░  37%  Streaming frame 481/2223 (4 workers)
@hf-progress {"code":"capture","done":481,"total":2223,"pct":37}
  █████████░░░░░░░░░░░░░░░░  37%  Streaming frame 489/2223 (4 workers)
@hf-progress {"code":"capture","done":489,"total":2223,"pct":37}
  █████████░░░░░░░░░░░░░░░░  37%  Streaming frame 497/2223 (4 workers)
@hf-progress {"code":"capture","done":497,"total":2223,"pct":37}
  █████████░░░░░░░░░░░░░░░░  37%  Streaming frame 505/2223 (4 workers)
@hf-progress {"code":"capture","done":505,"total":2223,"pct":37}
  █████████░░░░░░░░░░░░░░░░  38%  Streaming frame 510/2223 (4 workers)
@hf-progress {"code":"capture","done":510,"total":2223,"pct":38}
  █████████░░░░░░░░░░░░░░░░  38%  Streaming frame 518/2223 (4 workers)
@hf-progress {"code":"capture","done":518,"total":2223,"pct":38}
  █████████░░░░░░░░░░░░░░░░  38%  Streaming frame 526/2223 (4 workers)
@hf-progress {"code":"capture","done":526,"total":2223,"pct":38}
  █████████░░░░░░░░░░░░░░░░  38%  Streaming frame 534/2223 (4 workers)
@hf-progress {"code":"capture","done":534,"total":2223,"pct":38}
  █████████░░░░░░░░░░░░░░░░  38%  Streaming frame 540/2223 (4 workers)
@hf-progress {"code":"capture","done":540,"total":2223,"pct":38}
  █████████░░░░░░░░░░░░░░░░  38%  Streaming frame 543/2223 (4 workers)
@hf-progress {"code":"capture","done":543,"total":2223,"pct":38}
  █████████░░░░░░░░░░░░░░░░  39%  Streaming frame 550/2223 (4 workers)
@hf-progress {"code":"capture","done":550,"total":2223,"pct":39}
[INFO] [Render:trace] {"renderJobId":"e592b768-53dc-4aa6-a0aa-f38835ab5463","phase":"capture_streaming","status":"checkpoint","elapsedMs":43147,"message":"stage still running","stagePhase":"capturing","workerCount":4,"forceScreenshot":false,"totalFrames":2223,"framesCompleted":554,"captureMode":"beginframe","captureOperation":"beginFrame","heartbeatIndex":1,"stageElapsedMs":30001}
  █████████░░░░░░░░░░░░░░░░  39%  Streaming frame 556/2223 (4 workers)
@hf-progress {"code":"capture","done":556,"total":2223,"pct":39}
  █████████░░░░░░░░░░░░░░░░  39%  Streaming frame 562/2223 (4 workers)
@hf-progress {"code":"capture","done":562,"total":2223,"pct":39}
  █████████░░░░░░░░░░░░░░░░  39%  Streaming frame 569/2223 (4 workers)
@hf-progress {"code":"capture","done":569,"total":2223,"pct":39}
  █████████░░░░░░░░░░░░░░░░  39%  Streaming frame 575/2223 (4 workers)
@hf-progress {"code":"capture","done":575,"total":2223,"pct":39}
  █████████░░░░░░░░░░░░░░░░  39%  Streaming frame 582/2223 (4 workers)
@hf-progress {"code":"capture","done":582,"total":2223,"pct":39}
  ██████████░░░░░░░░░░░░░░░  40%  Streaming frame 589/2223 (4 workers)
@hf-progress {"code":"capture","done":589,"total":2223,"pct":40}
  ██████████░░░░░░░░░░░░░░░  40%  Streaming frame 595/2223 (4 workers)
@hf-progress {"code":"capture","done":595,"total":2223,"pct":40}
  ██████████░░░░░░░░░░░░░░░  40%  Streaming frame 602/2223 (4 workers)
@hf-progress {"code":"capture","done":602,"total":2223,"pct":40}
  ██████████░░░░░░░░░░░░░░░  40%  Streaming frame 610/2223 (4 workers)
@hf-progress {"code":"capture","done":610,"total":2223,"pct":40}
  ██████████░░░░░░░░░░░░░░░  40%  Streaming frame 618/2223 (4 workers)
@hf-progress {"code":"capture","done":618,"total":2223,"pct":40}
  ██████████░░░░░░░░░░░░░░░  40%  Streaming frame 626/2223 (4 workers)
@hf-progress {"code":"capture","done":626,"total":2223,"pct":40}
  ██████████░░░░░░░░░░░░░░░  41%  Streaming frame 634/2223 (4 workers)
@hf-progress {"code":"capture","done":634,"total":2223,"pct":41}
  ██████████░░░░░░░░░░░░░░░  41%  Streaming frame 641/2223 (4 workers)
@hf-progress {"code":"capture","done":641,"total":2223,"pct":41}
  ██████████░░░░░░░░░░░░░░░  41%  Streaming frame 647/2223 (4 workers)
@hf-progress {"code":"capture","done":647,"total":2223,"pct":41}
  ██████████░░░░░░░░░░░░░░░  41%  Streaming frame 654/2223 (4 workers)
@hf-progress {"code":"capture","done":654,"total":2223,"pct":41}
  ██████████░░░░░░░░░░░░░░░  41%  Streaming frame 660/2223 (4 workers)
@hf-progress {"code":"capture","done":660,"total":2223,"pct":41}
  ██████████░░░░░░░░░░░░░░░  41%  Streaming frame 666/2223 (4 workers)
@hf-progress {"code":"capture","done":666,"total":2223,"pct":41}
  ██████████░░░░░░░░░░░░░░░  42%  Streaming frame 672/2223 (4 workers)
@hf-progress {"code":"capture","done":672,"total":2223,"pct":42}
  ██████████░░░░░░░░░░░░░░░  42%  Streaming frame 679/2223 (4 workers)
@hf-progress {"code":"capture","done":679,"total":2223,"pct":42}
  ██████████░░░░░░░░░░░░░░░  42%  Streaming frame 685/2223 (4 workers)
@hf-progress {"code":"capture","done":685,"total":2223,"pct":42}
  ██████████░░░░░░░░░░░░░░░  42%  Streaming frame 692/2223 (4 workers)
@hf-progress {"code":"capture","done":692,"total":2223,"pct":42}
  ██████████░░░░░░░░░░░░░░░  42%  Streaming frame 699/2223 (4 workers)
@hf-progress {"code":"capture","done":699,"total":2223,"pct":42}
  ██████████░░░░░░░░░░░░░░░  42%  Streaming frame 707/2223 (4 workers)
@hf-progress {"code":"capture","done":707,"total":2223,"pct":42}
  ██████████░░░░░░░░░░░░░░░  43%  Streaming frame 713/2223 (4 workers)
@hf-progress {"code":"capture","done":713,"total":2223,"pct":43}
  ██████████░░░░░░░░░░░░░░░  43%  Streaming frame 717/2223 (4 workers)
@hf-progress {"code":"capture","done":717,"total":2223,"pct":43}
  ██████████░░░░░░░░░░░░░░░  43%  Streaming frame 722/2223 (4 workers)
@hf-progress {"code":"capture","done":722,"total":2223,"pct":43}
  ██████████░░░░░░░░░░░░░░░  43%  Streaming frame 728/2223 (4 workers)
@hf-progress {"code":"capture","done":728,"total":2223,"pct":43}
  ██████████░░░░░░░░░░░░░░░  43%  Streaming frame 733/2223 (4 workers)
@hf-progress {"code":"capture","done":733,"total":2223,"pct":43}
  ██████████░░░░░░░░░░░░░░░  43%  Streaming frame 741/2223 (4 workers)
@hf-progress {"code":"capture","done":741,"total":2223,"pct":43}
  ███████████░░░░░░░░░░░░░░  44%  Streaming frame 749/2223 (4 workers)
@hf-progress {"code":"capture","done":749,"total":2223,"pct":44}
  ███████████░░░░░░░░░░░░░░  44%  Streaming frame 757/2223 (4 workers)
@hf-progress {"code":"capture","done":757,"total":2223,"pct":44}
  ███████████░░░░░░░░░░░░░░  44%  Streaming frame 765/2223 (4 workers)
@hf-progress {"code":"capture","done":765,"total":2223,"pct":44}
  ███████████░░░░░░░░░░░░░░  44%  Streaming frame 773/2223 (4 workers)
@hf-progress {"code":"capture","done":773,"total":2223,"pct":44}
  ███████████░░░░░░░░░░░░░░  44%  Streaming frame 781/2223 (4 workers)
@hf-progress {"code":"capture","done":781,"total":2223,"pct":44}
  ███████████░░░░░░░░░░░░░░  45%  Streaming frame 789/2223 (4 workers)
@hf-progress {"code":"capture","done":789,"total":2223,"pct":45}
  ███████████░░░░░░░░░░░░░░  45%  Streaming frame 797/2223 (4 workers)
@hf-progress {"code":"capture","done":797,"total":2223,"pct":45}
  ███████████░░░░░░░░░░░░░░  45%  Streaming frame 805/2223 (4 workers)
@hf-progress {"code":"capture","done":805,"total":2223,"pct":45}
  ███████████░░░░░░░░░░░░░░  45%  Streaming frame 813/2223 (4 workers)
@hf-progress {"code":"capture","done":813,"total":2223,"pct":45}
  ███████████░░░░░░░░░░░░░░  45%  Streaming frame 821/2223 (4 workers)
@hf-progress {"code":"capture","done":821,"total":2223,"pct":45}
  ███████████░░░░░░░░░░░░░░  46%  Streaming frame 829/2223 (4 workers)
@hf-progress {"code":"capture","done":829,"total":2223,"pct":46}
  ███████████░░░░░░░░░░░░░░  46%  Streaming frame 837/2223 (4 workers)
@hf-progress {"code":"capture","done":837,"total":2223,"pct":46}
  ███████████░░░░░░░░░░░░░░  46%  Streaming frame 845/2223 (4 workers)
@hf-progress {"code":"capture","done":845,"total":2223,"pct":46}
  ███████████░░░░░░░░░░░░░░  46%  Streaming frame 853/2223 (4 workers)
@hf-progress {"code":"capture","done":853,"total":2223,"pct":46}
  ███████████░░░░░░░░░░░░░░  46%  Streaming frame 861/2223 (4 workers)
@hf-progress {"code":"capture","done":861,"total":2223,"pct":46}
  ███████████░░░░░░░░░░░░░░  47%  Streaming frame 869/2223 (4 workers)
@hf-progress {"code":"capture","done":869,"total":2223,"pct":47}
  ███████████░░░░░░░░░░░░░░  47%  Streaming frame 877/2223 (4 workers)
@hf-progress {"code":"capture","done":877,"total":2223,"pct":47}
  ███████████░░░░░░░░░░░░░░  47%  Streaming frame 885/2223 (4 workers)
@hf-progress {"code":"capture","done":885,"total":2223,"pct":47}
  ███████████░░░░░░░░░░░░░░  47%  Streaming frame 893/2223 (4 workers)
@hf-progress {"code":"capture","done":893,"total":2223,"pct":47}
  ███████████░░░░░░░░░░░░░░  47%  Streaming frame 901/2223 (4 workers)
@hf-progress {"code":"capture","done":901,"total":2223,"pct":47}
  ███████████░░░░░░░░░░░░░░  47%  Streaming frame 909/2223 (4 workers)
@hf-progress {"code":"capture","done":909,"total":2223,"pct":47}
  ████████████░░░░░░░░░░░░░  48%  Streaming frame 921/2223 (4 workers)
@hf-progress {"code":"capture","done":921,"total":2223,"pct":48}
  ████████████░░░░░░░░░░░░░  48%  Streaming frame 933/2223 (4 workers)
@hf-progress {"code":"capture","done":933,"total":2223,"pct":48}
  ████████████░░░░░░░░░░░░░  48%  Streaming frame 945/2223 (4 workers)
@hf-progress {"code":"capture","done":945,"total":2223,"pct":48}
  ████████████░░░░░░░░░░░░░  49%  Streaming frame 957/2223 (4 workers)
@hf-progress {"code":"capture","done":957,"total":2223,"pct":49}
  ████████████░░░░░░░░░░░░░  49%  Streaming frame 969/2223 (4 workers)
@hf-progress {"code":"capture","done":969,"total":2223,"pct":49}
  ████████████░░░░░░░░░░░░░  49%  Streaming frame 981/2223 (4 workers)
@hf-progress {"code":"capture","done":981,"total":2223,"pct":49}
  ████████████░░░░░░░░░░░░░  50%  Streaming frame 993/2223 (4 workers)
@hf-progress {"code":"capture","done":993,"total":2223,"pct":50}
  ████████████░░░░░░░░░░░░░  50%  Streaming frame 1008/2223 (4 workers)
@hf-progress {"code":"capture","done":1008,"total":2223,"pct":50}
  ████████████░░░░░░░░░░░░░  50%  Streaming frame 1021/2223 (4 workers)
@hf-progress {"code":"capture","done":1021,"total":2223,"pct":50}
  ████████████░░░░░░░░░░░░░  51%  Streaming frame 1033/2223 (4 workers)
@hf-progress {"code":"capture","done":1033,"total":2223,"pct":51}
  ████████████░░░░░░░░░░░░░  51%  Streaming frame 1045/2223 (4 workers)
@hf-progress {"code":"capture","done":1045,"total":2223,"pct":51}
  ████████████░░░░░░░░░░░░░  51%  Streaming frame 1059/2223 (4 workers)
@hf-progress {"code":"capture","done":1059,"total":2223,"pct":51}
  █████████████░░░░░░░░░░░░  52%  Streaming frame 1073/2223 (4 workers)
@hf-progress {"code":"capture","done":1073,"total":2223,"pct":52}
  █████████████░░░░░░░░░░░░  52%  Streaming frame 1087/2223 (4 workers)
@hf-progress {"code":"capture","done":1087,"total":2223,"pct":52}
  █████████████░░░░░░░░░░░░  52%  Streaming frame 1101/2223 (4 workers)
@hf-progress {"code":"capture","done":1101,"total":2223,"pct":52}
  █████████████░░░░░░░░░░░░  53%  Streaming frame 1114/2223 (4 workers)
@hf-progress {"code":"capture","done":1114,"total":2223,"pct":53}
  █████████████░░░░░░░░░░░░  53%  Streaming frame 1123/2223 (4 workers)
@hf-progress {"code":"capture","done":1123,"total":2223,"pct":53}
  █████████████░░░░░░░░░░░░  53%  Streaming frame 1135/2223 (4 workers)
@hf-progress {"code":"capture","done":1135,"total":2223,"pct":53}
  █████████████░░░░░░░░░░░░  53%  Streaming frame 1147/2223 (4 workers)
@hf-progress {"code":"capture","done":1147,"total":2223,"pct":53}
  █████████████░░░░░░░░░░░░  54%  Streaming frame 1160/2223 (4 workers)
@hf-progress {"code":"capture","done":1160,"total":2223,"pct":54}
  █████████████░░░░░░░░░░░░  54%  Streaming frame 1175/2223 (4 workers)
@hf-progress {"code":"capture","done":1175,"total":2223,"pct":54}
  █████████████░░░░░░░░░░░░  54%  Streaming frame 1191/2223 (4 workers)
@hf-progress {"code":"capture","done":1191,"total":2223,"pct":54}
  █████████████░░░░░░░░░░░░  55%  Streaming frame 1204/2223 (4 workers)
@hf-progress {"code":"capture","done":1204,"total":2223,"pct":55}
  █████████████░░░░░░░░░░░░  55%  Streaming frame 1217/2223 (4 workers)
@hf-progress {"code":"capture","done":1217,"total":2223,"pct":55}
  ██████████████░░░░░░░░░░░  56%  Streaming frame 1233/2223 (4 workers)
@hf-progress {"code":"capture","done":1233,"total":2223,"pct":56}
  ██████████████░░░░░░░░░░░  56%  Streaming frame 1245/2223 (4 workers)
@hf-progress {"code":"capture","done":1245,"total":2223,"pct":56}
  ██████████████░░░░░░░░░░░  56%  Streaming frame 1253/2223 (4 workers)
@hf-progress {"code":"capture","done":1253,"total":2223,"pct":56}
  ██████████████░░░░░░░░░░░  56%  Streaming frame 1262/2223 (4 workers)
@hf-progress {"code":"capture","done":1262,"total":2223,"pct":56}
  ██████████████░░░░░░░░░░░  56%  Streaming frame 1272/2223 (4 workers)
@hf-progress {"code":"capture","done":1272,"total":2223,"pct":56}
  ██████████████░░░░░░░░░░░  57%  Streaming frame 1281/2223 (4 workers)
@hf-progress {"code":"capture","done":1281,"total":2223,"pct":57}
  ██████████████░░░░░░░░░░░  57%  Streaming frame 1289/2223 (4 workers)
@hf-progress {"code":"capture","done":1289,"total":2223,"pct":57}
  ██████████████░░░░░░░░░░░  57%  Streaming frame 1297/2223 (4 workers)
@hf-progress {"code":"capture","done":1297,"total":2223,"pct":57}
  ██████████████░░░░░░░░░░░  57%  Streaming frame 1305/2223 (4 workers)
@hf-progress {"code":"capture","done":1305,"total":2223,"pct":57}
  ██████████████░░░░░░░░░░░  57%  Streaming frame 1313/2223 (4 workers)
@hf-progress {"code":"capture","done":1313,"total":2223,"pct":57}
  ██████████████░░░░░░░░░░░  58%  Streaming frame 1322/2223 (4 workers)
@hf-progress {"code":"capture","done":1322,"total":2223,"pct":58}
  ██████████████░░░░░░░░░░░  58%  Streaming frame 1333/2223 (4 workers)
@hf-progress {"code":"capture","done":1333,"total":2223,"pct":58}
  ██████████████░░░░░░░░░░░  58%  Streaming frame 1341/2223 (4 workers)
@hf-progress {"code":"capture","done":1341,"total":2223,"pct":58}
  ██████████████░░░░░░░░░░░  58%  Streaming frame 1349/2223 (4 workers)
@hf-progress {"code":"capture","done":1349,"total":2223,"pct":58}
  ██████████████░░░░░░░░░░░  59%  Streaming frame 1357/2223 (4 workers)
@hf-progress {"code":"capture","done":1357,"total":2223,"pct":59}
  ██████████████░░░░░░░░░░░  59%  Streaming frame 1365/2223 (4 workers)
@hf-progress {"code":"capture","done":1365,"total":2223,"pct":59}
  ██████████████░░░░░░░░░░░  59%  Streaming frame 1373/2223 (4 workers)
@hf-progress {"code":"capture","done":1373,"total":2223,"pct":59}
  ██████████████░░░░░░░░░░░  59%  Streaming frame 1382/2223 (4 workers)
@hf-progress {"code":"capture","done":1382,"total":2223,"pct":59}
  ██████████████░░░░░░░░░░░  59%  Streaming frame 1392/2223 (4 workers)
@hf-progress {"code":"capture","done":1392,"total":2223,"pct":59}
  ███████████████░░░░░░░░░░  60%  Streaming frame 1397/2223 (4 workers)
@hf-progress {"code":"capture","done":1397,"total":2223,"pct":60}
  ███████████████░░░░░░░░░░  60%  Streaming frame 1403/2223 (4 workers)
@hf-progress {"code":"capture","done":1403,"total":2223,"pct":60}
  ███████████████░░░░░░░░░░  60%  Streaming frame 1407/2223 (4 workers)
@hf-progress {"code":"capture","done":1407,"total":2223,"pct":60}
  ███████████████░░░░░░░░░░  60%  Streaming frame 1413/2223 (4 workers)
@hf-progress {"code":"capture","done":1413,"total":2223,"pct":60}
  ███████████████░░░░░░░░░░  60%  Streaming frame 1418/2223 (4 workers)
@hf-progress {"code":"capture","done":1418,"total":2223,"pct":60}
  ███████████████░░░░░░░░░░  60%  Streaming frame 1421/2223 (4 workers)
@hf-progress {"code":"capture","done":1421,"total":2223,"pct":60}
  ███████████████░░░░░░░░░░  60%  Streaming frame 1425/2223 (4 workers)
@hf-progress {"code":"capture","done":1425,"total":2223,"pct":60}
[INFO] [Render:trace] {"renderJobId":"e592b768-53dc-4aa6-a0aa-f38835ab5463","phase":"capture_streaming","status":"checkpoint","elapsedMs":73159,"message":"stage still running","stagePhase":"capturing","workerCount":4,"forceScreenshot":false,"totalFrames":2223,"framesCompleted":1428,"captureMode":"beginframe","captureOperation":"beginFrame","heartbeatIndex":2,"stageElapsedMs":60013}
  ███████████████░░░░░░░░░░  60%  Streaming frame 1429/2223 (4 workers)
@hf-progress {"code":"capture","done":1429,"total":2223,"pct":60}
  ███████████████░░░░░░░░░░  60%  Streaming frame 1433/2223 (4 workers)
@hf-progress {"code":"capture","done":1433,"total":2223,"pct":60}
  ███████████████░░░░░░░░░░  61%  Streaming frame 1436/2223 (4 workers)
@hf-progress {"code":"capture","done":1436,"total":2223,"pct":61}
  ███████████████░░░░░░░░░░  61%  Streaming frame 1439/2223 (4 workers)
@hf-progress {"code":"capture","done":1439,"total":2223,"pct":61}
  ███████████████░░░░░░░░░░  61%  Streaming frame 1443/2223 (4 workers)
@hf-progress {"code":"capture","done":1443,"total":2223,"pct":61}
  ███████████████░░░░░░░░░░  61%  Streaming frame 1447/2223 (4 workers)
@hf-progress {"code":"capture","done":1447,"total":2223,"pct":61}
  ███████████████░░░░░░░░░░  61%  Streaming frame 1451/2223 (4 workers)
@hf-progress {"code":"capture","done":1451,"total":2223,"pct":61}
  ███████████████░░░░░░░░░░  61%  Streaming frame 1455/2223 (4 workers)
@hf-progress {"code":"capture","done":1455,"total":2223,"pct":61}
  ███████████████░░░░░░░░░░  61%  Streaming frame 1459/2223 (4 workers)
@hf-progress {"code":"capture","done":1459,"total":2223,"pct":61}
  ███████████████░░░░░░░░░░  61%  Streaming frame 1463/2223 (4 workers)
@hf-progress {"code":"capture","done":1463,"total":2223,"pct":61}
  ███████████████░░░░░░░░░░  61%  Streaming frame 1467/2223 (4 workers)
@hf-progress {"code":"capture","done":1467,"total":2223,"pct":61}
  ███████████████░░░░░░░░░░  61%  Streaming frame 1471/2223 (4 workers)
@hf-progress {"code":"capture","done":1471,"total":2223,"pct":61}
  ███████████████░░░░░░░░░░  61%  Streaming frame 1475/2223 (4 workers)
@hf-progress {"code":"capture","done":1475,"total":2223,"pct":61}
  ███████████████░░░░░░░░░░  62%  Streaming frame 1479/2223 (4 workers)
@hf-progress {"code":"capture","done":1479,"total":2223,"pct":62}
  ███████████████░░░░░░░░░░  62%  Streaming frame 1483/2223 (4 workers)
@hf-progress {"code":"capture","done":1483,"total":2223,"pct":62}
  ███████████████░░░░░░░░░░  62%  Streaming frame 1487/2223 (4 workers)
@hf-progress {"code":"capture","done":1487,"total":2223,"pct":62}
  ███████████████░░░░░░░░░░  62%  Streaming frame 1491/2223 (4 workers)
@hf-progress {"code":"capture","done":1491,"total":2223,"pct":62}
  ███████████████░░░░░░░░░░  62%  Streaming frame 1495/2223 (4 workers)
@hf-progress {"code":"capture","done":1495,"total":2223,"pct":62}
  ███████████████░░░░░░░░░░  62%  Streaming frame 1500/2223 (4 workers)
@hf-progress {"code":"capture","done":1500,"total":2223,"pct":62}
  ███████████████░░░░░░░░░░  62%  Streaming frame 1504/2223 (4 workers)
@hf-progress {"code":"capture","done":1504,"total":2223,"pct":62}
  ███████████████░░░░░░░░░░  62%  Streaming frame 1508/2223 (4 workers)
@hf-progress {"code":"capture","done":1508,"total":2223,"pct":62}
  ███████████████░░░░░░░░░░  62%  Streaming frame 1512/2223 (4 workers)
@hf-progress {"code":"capture","done":1512,"total":2223,"pct":62}
  ███████████████░░░░░░░░░░  63%  Streaming frame 1516/2223 (4 workers)
@hf-progress {"code":"capture","done":1516,"total":2223,"pct":63}
  ███████████████░░░░░░░░░░  63%  Streaming frame 1520/2223 (4 workers)
@hf-progress {"code":"capture","done":1520,"total":2223,"pct":63}
  ███████████████░░░░░░░░░░  63%  Streaming frame 1524/2223 (4 workers)
@hf-progress {"code":"capture","done":1524,"total":2223,"pct":63}
  ███████████████░░░░░░░░░░  63%  Streaming frame 1528/2223 (4 workers)
@hf-progress {"code":"capture","done":1528,"total":2223,"pct":63}
  ███████████████░░░░░░░░░░  63%  Streaming frame 1532/2223 (4 workers)
@hf-progress {"code":"capture","done":1532,"total":2223,"pct":63}
  ███████████████░░░░░░░░░░  63%  Streaming frame 1536/2223 (4 workers)
@hf-progress {"code":"capture","done":1536,"total":2223,"pct":63}
  ███████████████░░░░░░░░░░  63%  Streaming frame 1540/2223 (4 workers)
@hf-progress {"code":"capture","done":1540,"total":2223,"pct":63}
  ███████████████░░░░░░░░░░  63%  Streaming frame 1544/2223 (4 workers)
@hf-progress {"code":"capture","done":1544,"total":2223,"pct":63}
  ███████████████░░░░░░░░░░  63%  Streaming frame 1548/2223 (4 workers)
@hf-progress {"code":"capture","done":1548,"total":2223,"pct":63}
  ███████████████░░░░░░░░░░  63%  Streaming frame 1552/2223 (4 workers)
@hf-progress {"code":"capture","done":1552,"total":2223,"pct":63}
  ████████████████░░░░░░░░░  64%  Streaming frame 1557/2223 (4 workers)
@hf-progress {"code":"capture","done":1557,"total":2223,"pct":64}
  ████████████████░░░░░░░░░  64%  Streaming frame 1561/2223 (4 workers)
@hf-progress {"code":"capture","done":1561,"total":2223,"pct":64}
  ████████████████░░░░░░░░░  64%  Streaming frame 1565/2223 (4 workers)
@hf-progress {"code":"capture","done":1565,"total":2223,"pct":64}
  ████████████████░░░░░░░░░  64%  Streaming frame 1569/2223 (4 workers)
@hf-progress {"code":"capture","done":1569,"total":2223,"pct":64}
  ████████████████░░░░░░░░░  64%  Streaming frame 1573/2223 (4 workers)
@hf-progress {"code":"capture","done":1573,"total":2223,"pct":64}
  ████████████████░░░░░░░░░  64%  Streaming frame 1577/2223 (4 workers)
@hf-progress {"code":"capture","done":1577,"total":2223,"pct":64}
  ████████████████░░░░░░░░░  64%  Streaming frame 1581/2223 (4 workers)
@hf-progress {"code":"capture","done":1581,"total":2223,"pct":64}
  ████████████████░░░░░░░░░  64%  Streaming frame 1585/2223 (4 workers)
@hf-progress {"code":"capture","done":1585,"total":2223,"pct":64}
  ████████████████░░░░░░░░░  64%  Streaming frame 1589/2223 (4 workers)
@hf-progress {"code":"capture","done":1589,"total":2223,"pct":64}
  ████████████████░░░░░░░░░  64%  Streaming frame 1593/2223 (4 workers)
@hf-progress {"code":"capture","done":1593,"total":2223,"pct":64}
  ████████████████░░░░░░░░░  65%  Streaming frame 1597/2223 (4 workers)
@hf-progress {"code":"capture","done":1597,"total":2223,"pct":65}
  ████████████████░░░░░░░░░  65%  Streaming frame 1601/2223 (4 workers)
@hf-progress {"code":"capture","done":1601,"total":2223,"pct":65}
  ████████████████░░░░░░░░░  65%  Streaming frame 1605/2223 (4 workers)
@hf-progress {"code":"capture","done":1605,"total":2223,"pct":65}
  ████████████████░░░░░░░░░  65%  Streaming frame 1610/2223 (4 workers)
@hf-progress {"code":"capture","done":1610,"total":2223,"pct":65}
  ████████████████░░░░░░░░░  65%  Streaming frame 1614/2223 (4 workers)
@hf-progress {"code":"capture","done":1614,"total":2223,"pct":65}
  ████████████████░░░░░░░░░  65%  Streaming frame 1618/2223 (4 workers)
@hf-progress {"code":"capture","done":1618,"total":2223,"pct":65}
  ████████████████░░░░░░░░░  65%  Streaming frame 1626/2223 (4 workers)
@hf-progress {"code":"capture","done":1626,"total":2223,"pct":65}
  ████████████████░░░░░░░░░  65%  Streaming frame 1634/2223 (4 workers)
@hf-progress {"code":"capture","done":1634,"total":2223,"pct":65}
  ████████████████░░░░░░░░░  66%  Streaming frame 1646/2223 (4 workers)
@hf-progress {"code":"capture","done":1646,"total":2223,"pct":66}
  ████████████████░░░░░░░░░  66%  Streaming frame 1657/2223 (4 workers)
@hf-progress {"code":"capture","done":1657,"total":2223,"pct":66}
  ████████████████░░░░░░░░░  66%  Streaming frame 1665/2223 (4 workers)
@hf-progress {"code":"capture","done":1665,"total":2223,"pct":66}
  ████████████████░░░░░░░░░  66%  Streaming frame 1670/2223 (4 workers)
@hf-progress {"code":"capture","done":1670,"total":2223,"pct":66}
  ████████████████░░░░░░░░░  67%  Streaming frame 1678/2223 (4 workers)
@hf-progress {"code":"capture","done":1678,"total":2223,"pct":67}
  ████████████████░░░░░░░░░  67%  Streaming frame 1686/2223 (4 workers)
@hf-progress {"code":"capture","done":1686,"total":2223,"pct":67}
  ████████████████░░░░░░░░░  67%  Streaming frame 1694/2223 (4 workers)
@hf-progress {"code":"capture","done":1694,"total":2223,"pct":67}
  ████████████████░░░░░░░░░  67%  Streaming frame 1699/2223 (4 workers)
@hf-progress {"code":"capture","done":1699,"total":2223,"pct":67}
  ████████████████░░░░░░░░░  67%  Streaming frame 1707/2223 (4 workers)
@hf-progress {"code":"capture","done":1707,"total":2223,"pct":67}
  ████████████████░░░░░░░░░  67%  Streaming frame 1715/2223 (4 workers)
@hf-progress {"code":"capture","done":1715,"total":2223,"pct":67}
  █████████████████░░░░░░░░  68%  Streaming frame 1723/2223 (4 workers)
@hf-progress {"code":"capture","done":1723,"total":2223,"pct":68}
  █████████████████░░░░░░░░  68%  Streaming frame 1731/2223 (4 workers)
@hf-progress {"code":"capture","done":1731,"total":2223,"pct":68}
  █████████████████░░░░░░░░  68%  Streaming frame 1739/2223 (4 workers)
@hf-progress {"code":"capture","done":1739,"total":2223,"pct":68}
  █████████████████░░░░░░░░  68%  Streaming frame 1746/2223 (4 workers)
@hf-progress {"code":"capture","done":1746,"total":2223,"pct":68}
  █████████████████░░░░░░░░  68%  Streaming frame 1754/2223 (4 workers)
@hf-progress {"code":"capture","done":1754,"total":2223,"pct":68}
  █████████████████░░░░░░░░  69%  Streaming frame 1762/2223 (4 workers)
@hf-progress {"code":"capture","done":1762,"total":2223,"pct":69}
  █████████████████░░░░░░░░  69%  Streaming frame 1770/2223 (4 workers)
@hf-progress {"code":"capture","done":1770,"total":2223,"pct":69}
  █████████████████░░░░░░░░  69%  Streaming frame 1778/2223 (4 workers)
@hf-progress {"code":"capture","done":1778,"total":2223,"pct":69}
  █████████████████░░░░░░░░  69%  Streaming frame 1786/2223 (4 workers)
@hf-progress {"code":"capture","done":1786,"total":2223,"pct":69}
  █████████████████░░░░░░░░  69%  Streaming frame 1794/2223 (4 workers)
@hf-progress {"code":"capture","done":1794,"total":2223,"pct":69}
  █████████████████░░░░░░░░  70%  Streaming frame 1799/2223 (4 workers)
@hf-progress {"code":"capture","done":1799,"total":2223,"pct":70}
  █████████████████░░░░░░░░  70%  Streaming frame 1806/2223 (4 workers)
@hf-progress {"code":"capture","done":1806,"total":2223,"pct":70}
  █████████████████░░░░░░░░  70%  Streaming frame 1811/2223 (4 workers)
@hf-progress {"code":"capture","done":1811,"total":2223,"pct":70}
  █████████████████░░░░░░░░  70%  Streaming frame 1819/2223 (4 workers)
@hf-progress {"code":"capture","done":1819,"total":2223,"pct":70}
  █████████████████░░░░░░░░  70%  Streaming frame 1827/2223 (4 workers)
@hf-progress {"code":"capture","done":1827,"total":2223,"pct":70}
  █████████████████░░░░░░░░  70%  Streaming frame 1835/2223 (4 workers)
@hf-progress {"code":"capture","done":1835,"total":2223,"pct":70}
  █████████████████░░░░░░░░  71%  Streaming frame 1842/2223 (4 workers)
@hf-progress {"code":"capture","done":1842,"total":2223,"pct":71}
  █████████████████░░░░░░░░  71%  Streaming frame 1849/2223 (4 workers)
@hf-progress {"code":"capture","done":1849,"total":2223,"pct":71}
  █████████████████░░░░░░░░  71%  Streaming frame 1856/2223 (4 workers)
@hf-progress {"code":"capture","done":1856,"total":2223,"pct":71}
  █████████████████░░░░░░░░  71%  Streaming frame 1862/2223 (4 workers)
@hf-progress {"code":"capture","done":1862,"total":2223,"pct":71}
  █████████████████░░░░░░░░  71%  Streaming frame 1870/2223 (4 workers)
@hf-progress {"code":"capture","done":1870,"total":2223,"pct":71}
  █████████████████░░░░░░░░  71%  Streaming frame 1878/2223 (4 workers)
@hf-progress {"code":"capture","done":1878,"total":2223,"pct":71}
  ██████████████████░░░░░░░  72%  Streaming frame 1886/2223 (4 workers)
@hf-progress {"code":"capture","done":1886,"total":2223,"pct":72}
  ██████████████████░░░░░░░  72%  Streaming frame 1894/2223 (4 workers)
@hf-progress {"code":"capture","done":1894,"total":2223,"pct":72}
  ██████████████████░░░░░░░  72%  Streaming frame 1902/2223 (4 workers)
@hf-progress {"code":"capture","done":1902,"total":2223,"pct":72}
  ██████████████████░░░░░░░  72%  Streaming frame 1914/2223 (4 workers)
@hf-progress {"code":"capture","done":1914,"total":2223,"pct":72}
  ██████████████████░░░░░░░  73%  Streaming frame 1926/2223 (4 workers)
@hf-progress {"code":"capture","done":1926,"total":2223,"pct":73}
  ██████████████████░░░░░░░  73%  Streaming frame 1942/2223 (4 workers)
@hf-progress {"code":"capture","done":1942,"total":2223,"pct":73}
  ██████████████████░░░░░░░  73%  Streaming frame 1958/2223 (4 workers)
@hf-progress {"code":"capture","done":1958,"total":2223,"pct":73}
  ██████████████████░░░░░░░  74%  Streaming frame 1966/2223 (4 workers)
@hf-progress {"code":"capture","done":1966,"total":2223,"pct":74}
  ██████████████████░░░░░░░  74%  Streaming frame 1982/2223 (4 workers)
@hf-progress {"code":"capture","done":1982,"total":2223,"pct":74}
  ██████████████████░░░░░░░  74%  Streaming frame 1997/2223 (4 workers)
@hf-progress {"code":"capture","done":1997,"total":2223,"pct":74}
  ██████████████████░░░░░░░  75%  Streaming frame 2010/2223 (4 workers)
@hf-progress {"code":"capture","done":2010,"total":2223,"pct":75}
  ██████████████████░░░░░░░  75%  Streaming frame 2025/2223 (4 workers)
@hf-progress {"code":"capture","done":2025,"total":2223,"pct":75}
  ██████████████████░░░░░░░  75%  Streaming frame 2038/2223 (4 workers)
@hf-progress {"code":"capture","done":2038,"total":2223,"pct":75}
  ███████████████████░░░░░░  76%  Streaming frame 2053/2223 (4 workers)
@hf-progress {"code":"capture","done":2053,"total":2223,"pct":76}
  ███████████████████░░░░░░  76%  Streaming frame 2066/2223 (4 workers)
@hf-progress {"code":"capture","done":2066,"total":2223,"pct":76}
  ███████████████████░░░░░░  76%  Streaming frame 2079/2223 (4 workers)
@hf-progress {"code":"capture","done":2079,"total":2223,"pct":76}
  ███████████████████░░░░░░  77%  Streaming frame 2094/2223 (4 workers)
@hf-progress {"code":"capture","done":2094,"total":2223,"pct":77}
  ███████████████████░░░░░░  77%  Streaming frame 2107/2223 (4 workers)
@hf-progress {"code":"capture","done":2107,"total":2223,"pct":77}
  ███████████████████░░░░░░  78%  Streaming frame 2122/2223 (4 workers)
@hf-progress {"code":"capture","done":2122,"total":2223,"pct":78}
  ███████████████████░░░░░░  78%  Streaming frame 2136/2223 (4 workers)
@hf-progress {"code":"capture","done":2136,"total":2223,"pct":78}
  ███████████████████░░░░░░  78%  Streaming frame 2146/2223 (4 workers)
@hf-progress {"code":"capture","done":2146,"total":2223,"pct":78}
  ███████████████████░░░░░░  78%  Streaming frame 2158/2223 (4 workers)
@hf-progress {"code":"capture","done":2158,"total":2223,"pct":78}
  ███████████████████░░░░░░  79%  Streaming frame 2173/2223 (4 workers)
@hf-progress {"code":"capture","done":2173,"total":2223,"pct":79}
  ███████████████████░░░░░░  79%  Streaming frame 2186/2223 (4 workers)
@hf-progress {"code":"capture","done":2186,"total":2223,"pct":79}
  ███████████████████░░░░░░  79%  Streaming frame 2198/2223 (4 workers)
@hf-progress {"code":"capture","done":2198,"total":2223,"pct":79}
  ████████████████████░░░░░  80%  Streaming frame 2214/2223 (4 workers)
@hf-progress {"code":"capture","done":2214,"total":2223,"pct":80}
  ████████████████████░░░░░  80%  Streaming frame 2223/2223 (4 workers)
@hf-progress {"code":"capture","done":2223,"total":2223,"pct":80}
  ██████████████████████░░░  90%  Encoding frame 2206/2223
@hf-progress {"code":"encode","done":2206,"total":2223,"pct":90}
  ██████████████████████░░░  90%  Encoding frame 2223/2223
@hf-progress {"code":"encode","done":2223,"total":2223,"pct":90}
[INFO] [Render:trace] {"renderJobId":"e592b768-53dc-4aa6-a0aa-f38835ab5463","phase":"capture_streaming","status":"end","elapsedMs":104655,"durationMs":91509,"stagePhase":"capturing","workerCount":4,"forceScreenshot":false,"totalFrames":2223,"framesCompleted":2223,"captureMode":"beginframe","captureOperation":"encode"}
[INFO] [Render:trace] {"renderJobId":"e592b768-53dc-4aa6-a0aa-f38835ab5463","phase":"assemble","status":"start","elapsedMs":104659,"stagePhase":"capturing","hasAudio":true,"workerCount":4,"forceScreenshot":false,"totalFrames":2223,"framesCompleted":2223,"captureMode":"beginframe","captureOperation":"encode"}
  ██████████████████████░░░  90%  Assembling final video
@hf-progress {"code":"assemble","done":0,"total":74.074074,"pct":90}
  ████████████████████████░  99%  Assembling final video
@hf-progress {"code":"assemble","done":74.074074,"total":74.074074,"pct":99}
[INFO] [Render:trace] {"renderJobId":"e592b768-53dc-4aa6-a0aa-f38835ab5463","phase":"assemble","status":"end","elapsedMs":108574,"durationMs":3914,"stagePhase":"capturing","hasAudio":true,"workerCount":4,"forceScreenshot":false,"totalFrames":2223,"framesCompleted":2223,"captureMode":"beginframe","captureOperation":"encode"}
[INFO] [Render:trace] {"renderJobId":"e592b768-53dc-4aa6-a0aa-f38835ab5463","phase":"pipeline","status":"checkpoint","elapsedMs":108840,"message":"artifact validated","totalElapsedMs":108785}
  █████████████████████████  100%  Render complete

◇  /home/xzy/xzy_project/robostream++/outputs/mind2act-hyperframes-blank-20261010-111117/renders/mind2act-world-promo-1080p-20261010-221251.mp4
   81.5 MB · 1m 14.1s video · rendered in 1m 49.7s
   beginframe capture · hardware gpu · compile 3.6s · extract 2.3s · audio 3.5s · probe 1.8s · setup 3.7s · capture 1m 31.5s · encode (during capture) 1m 30.8s · assemble 3.9s
   Keep editing by chatting with Framey in the HyperFrames desktop app → https://hyperframes.dev/studio/download?os=linux
