
◆  Rendering mind2act-hyperframes-blank-20261010-111117 → /home/xzy/xzy_project/robostream++/outputs/mind2act-hyperframes-blank-20261010-111117/renders/mind2act-world-promo-1080p-20261010-180033.mp4
   30fps · high · 4 workers
   GPU: encoder GPU + browser GPU (auto-detect)

[?25l│
◒  Checking browser[1G[J◐  Checking browser[1G[J◇  Browser: env
[?25h[INFO] [Render] Pipeline started {"renderJobId":"1e8b1a67-e0eb-4146-a129-f5c9c96b1952","platform":"linux","arch":"x64","nodeVersion":"v22.23.3","fps":{"num":30,"den":1},"format":"mp4","quality":"high","browserGpuMode":"auto","forceScreenshot":false,"protocolTimeout":300000,"browserTimeout":120000,"pageNavigationTimeout":60000,"playerReadyTimeout":45000}
[INFO] [Render:trace] {"renderJobId":"1e8b1a67-e0eb-4146-a129-f5c9c96b1952","phase":"pipeline","status":"checkpoint","elapsedMs":5,"message":"started","format":"mp4","quality":"high","browserGpuMode":"auto","forceScreenshot":false,"protocolTimeoutMs":300000,"pageNavigationTimeoutMs":60000,"playerReadyTimeoutMs":45000,"requestedWorkers":4}
[INFO] [Render:trace] {"renderJobId":"1e8b1a67-e0eb-4146-a129-f5c9c96b1952","phase":"compile","status":"start","elapsedMs":8,"needsAlpha":false}
  █░░░░░░░░░░░░░░░░░░░░░░░░  5%  Compiling composition
@hf-progress {"code":"compile","pct":5}
[INFO] [Compiler] Embedded local font file: assets/fonts/SpaceGrotesk-400.ttf (68 KB → data URI)
[INFO] [Compiler] Embedded local font file: assets/fonts/SpaceGrotesk-500.ttf (68 KB → data URI)
[INFO] [Compiler] Embedded local font file: assets/fonts/SpaceGrotesk-600.ttf (68 KB → data URI)
[INFO] [Compiler] Embedded local font file: assets/fonts/SpaceGrotesk-700.ttf (68 KB → data URI)
[INFO] [Compiler] Embedded local font file: assets/fonts/IBMPlexMono-400.ttf (126 KB → data URI)
[INFO] [Compiler] Embedded local font file: assets/fonts/IBMPlexMono-500.ttf (127 KB → data URI)
[INFO] Compiled composition metadata {"renderJobId":"1e8b1a67-e0eb-4146-a129-f5c9c96b1952","entryFile":"index.html","staticDuration":62.222222,"width":1920,"height":1080,"videoCount":14,"audioCount":1,"renderModeHints":{"recommendScreenshot":false,"reasons":[]}}
[INFO] [Render:trace] {"renderJobId":"1e8b1a67-e0eb-4146-a129-f5c9c96b1952","phase":"compile","status":"end","elapsedMs":1047,"durationMs":1039,"needsAlpha":false}
[INFO] [Render:trace] {"renderJobId":"1e8b1a67-e0eb-4146-a129-f5c9c96b1952","phase":"compile","status":"checkpoint","elapsedMs":1056,"message":"composition metadata resolved","width":1920,"height":1080,"videoCount":14,"audioCount":1,"imageCount":15,"deviceScaleFactor":1,"forceScreenshot":false,"compositionHash":"3ec58d3e1446a353"}
[INFO] [Render:trace] {"renderJobId":"1e8b1a67-e0eb-4146-a129-f5c9c96b1952","phase":"browser_probe","status":"start","elapsedMs":1057,"forceScreenshot":false,"stagePhase":"calibrating"}
[WARN] [Compiler] WARNING: Video "mind-place" has sparse keyframes (max interval: 2.77s). This causes seek failures and frame freezing. Re-encode with: ffmpeg -i "assets/generated/cases/p-action2.mp4" -c:v libx264 -r 30 -g 30 -keyint_min 30 -movflags +faststart -c:a copy output.mp4
[WARN] [Compiler] WARNING: Video "mind-grasp" has sparse keyframes (max interval: 3.2s). This causes seek failures and frame freezing. Re-encode with: ffmpeg -i "assets/generated/cases/p-action1.mp4" -c:v libx264 -r 30 -g 30 -keyint_min 30 -movflags +faststart -c:a copy output.mp4
[WARN] [Compiler] WARNING: Video "coord-piano" has sparse keyframes (max interval: 8.33s). This causes seek failures and frame freezing. Re-encode with: ffmpeg -i "assets/generated/coordination-20261010-174012/piano-feedback.mp4" -c:v libx264 -r 30 -g 30 -keyint_min 30 -movflags +faststart -c:a copy output.mp4
[INFO] [Render:trace] {"renderJobId":"1e8b1a67-e0eb-4146-a129-f5c9c96b1952","phase":"browser_probe","status":"end","elapsedMs":2147,"durationMs":1089,"forceScreenshot":false,"stagePhase":"calibrating"}
[INFO] [Render:trace] {"renderJobId":"1e8b1a67-e0eb-4146-a129-f5c9c96b1952","phase":"browser_probe","status":"checkpoint","elapsedMs":2156,"message":"duration resolved","durationSeconds":62.222222,"totalFrames":1867,"compositionHash":"3ec58d3e1446a353","beginFrameStalled":false}
[INFO] [Render:trace] {"renderJobId":"1e8b1a67-e0eb-4146-a129-f5c9c96b1952","phase":"video_extract","status":"start","elapsedMs":2156,"videoCount":14}
[INFO] Probing video color spaces... {"renderJobId":"1e8b1a67-e0eb-4146-a129-f5c9c96b1952","videoCount":14}
  ██░░░░░░░░░░░░░░░░░░░░░░░  10%  Extracting video frames
@hf-progress {"code":"extract_video","pct":10}
[INFO] Extracting frames from video 1/14 {"renderJobId":"1e8b1a67-e0eb-4146-a129-f5c9c96b1952","sourceType":"local"}
[INFO] Extracting frames from video 2/14 {"renderJobId":"1e8b1a67-e0eb-4146-a129-f5c9c96b1952","sourceType":"local"}
[INFO] Extracting frames from video 3/14 {"renderJobId":"1e8b1a67-e0eb-4146-a129-f5c9c96b1952","sourceType":"local"}
[INFO] Extracting frames from video 4/14 {"renderJobId":"1e8b1a67-e0eb-4146-a129-f5c9c96b1952","sourceType":"local"}
[INFO] Extracting frames from video 5/14 {"renderJobId":"1e8b1a67-e0eb-4146-a129-f5c9c96b1952","sourceType":"local"}
[INFO] Extracting frames from video 6/14 {"renderJobId":"1e8b1a67-e0eb-4146-a129-f5c9c96b1952","sourceType":"local"}
[INFO] Extracting frames from video 7/14 {"renderJobId":"1e8b1a67-e0eb-4146-a129-f5c9c96b1952","sourceType":"local"}
[INFO] Extracting frames from video 8/14 {"renderJobId":"1e8b1a67-e0eb-4146-a129-f5c9c96b1952","sourceType":"local"}
[INFO] Extracting frames from video 9/14 {"renderJobId":"1e8b1a67-e0eb-4146-a129-f5c9c96b1952","sourceType":"local"}
[INFO] Extracting frames from video 10/14 {"renderJobId":"1e8b1a67-e0eb-4146-a129-f5c9c96b1952","sourceType":"local"}
[INFO] Extracting frames from video 11/14 {"renderJobId":"1e8b1a67-e0eb-4146-a129-f5c9c96b1952","sourceType":"local"}
[INFO] Extracting frames from video 12/14 {"renderJobId":"1e8b1a67-e0eb-4146-a129-f5c9c96b1952","sourceType":"local"}
[INFO] Extracting frames from video 13/14 {"renderJobId":"1e8b1a67-e0eb-4146-a129-f5c9c96b1952","sourceType":"local"}
[INFO] Extracting frames from video 14/14 {"renderJobId":"1e8b1a67-e0eb-4146-a129-f5c9c96b1952","sourceType":"local"}
[INFO] [Render:trace] {"renderJobId":"1e8b1a67-e0eb-4146-a129-f5c9c96b1952","phase":"video_extract","status":"end","elapsedMs":3959,"durationMs":1802,"videoCount":14}
[INFO] [Render:trace] {"renderJobId":"1e8b1a67-e0eb-4146-a129-f5c9c96b1952","phase":"video_extract","status":"checkpoint","elapsedMs":3966,"message":"frames resolved","videoCount":14,"extractedVideoCount":14,"totalFramesExtracted":1486,"maxFramesPerVideo":352,"avgFramesPerExtractedVideo":106,"vfrPreflightCount":0,"vfrPreflightMs":0,"cacheHits":12,"cacheMisses":2,"transientRetries":0,"minVideoFrameCoverageRatio":1,"authoredTimedClipCount":23}
[INFO] [Render] No HDR sources detected — rendering SDR {"renderJobId":"1e8b1a67-e0eb-4146-a129-f5c9c96b1952"}
[INFO] [Render:trace] {"renderJobId":"1e8b1a67-e0eb-4146-a129-f5c9c96b1952","phase":"hdr_detection","status":"checkpoint","elapsedMs":3967,"message":"resolved","requestedHdrMode":"auto","effectiveHdr":"sdr","nativeHdrVideoCount":0,"nativeHdrImageCount":0}
[INFO] [Render:trace] {"renderJobId":"1e8b1a67-e0eb-4146-a129-f5c9c96b1952","phase":"audio_process","status":"start","elapsedMs":3967,"audioCount":1}
  █████░░░░░░░░░░░░░░░░░░░░  20%  Processing audio tracks
@hf-progress {"code":"process_audio","pct":20}
[INFO] [Render:trace] {"renderJobId":"1e8b1a67-e0eb-4146-a129-f5c9c96b1952","phase":"audio_process","status":"end","elapsedMs":6991,"durationMs":3024,"audioCount":1}
[INFO] [Render:trace] {"renderJobId":"1e8b1a67-e0eb-4146-a129-f5c9c96b1952","phase":"file_server","status":"start","elapsedMs":6992,"reused":false}
  ██████░░░░░░░░░░░░░░░░░░░  25%  Starting frame capture
@hf-progress {"code":"start_browsers","pct":25}
[INFO] [Render:trace] {"renderJobId":"1e8b1a67-e0eb-4146-a129-f5c9c96b1952","phase":"file_server","status":"end","elapsedMs":7017,"durationMs":25}
  ██████░░░░░░░░░░░░░░░░░░░  25%  Checking browser GPU
@hf-progress {"code":"start_browsers","pct":25}
[hyperframes] browserGpuMode probe → hardware (WebGL renderer vendor="Google Inc. (NVIDIA Corporation)" renderer="ANGLE (NVIDIA Corporation, NVIDIA RTX PRO 6000 Blackwell Max-Q Workstation Edition/PCIe/SSE2, OpenGL ES 3.2)")
[INFO] [Render:trace] {"renderJobId":"1e8b1a67-e0eb-4146-a129-f5c9c96b1952","phase":"capture_calibration","status":"checkpoint","elapsedMs":7943,"message":"skipped","requestedWorkers":4,"totalFrames":1867,"htmlInCanvasDetected":false,"lowMemoryMode":false,"deInversionEligible":false,"deParallelRouterEligible":false}
[INFO] [Render:trace] {"renderJobId":"1e8b1a67-e0eb-4146-a129-f5c9c96b1952","phase":"worker_resolution","status":"checkpoint","elapsedMs":10517,"message":"resolved","workerCount":4}
[INFO] [Render] Parallel beginframe capture will stream to the encoder (interleaved, 4 workers) instead of the disk path. Set HF_CAPTURE_PARALLEL_STREAM=false to disable. {"renderJobId":"1e8b1a67-e0eb-4146-a129-f5c9c96b1952"}
[INFO] [Render:trace] {"renderJobId":"1e8b1a67-e0eb-4146-a129-f5c9c96b1952","phase":"worker_resolution","status":"checkpoint","elapsedMs":10518,"message":"parallel beginframe capture routed to streaming"}
[INFO] streaming-encode gate {"renderJobId":"1e8b1a67-e0eb-4146-a129-f5c9c96b1952","enabled":true,"reason":"parallel_forced","configFlag":true,"durationCapEnabled":false,"outputFormat":"mp4","workerCount":4,"durationSeconds":62.222222,"maxDurationSeconds":240}
[INFO] [Render:trace] {"renderJobId":"1e8b1a67-e0eb-4146-a129-f5c9c96b1952","phase":"capture_strategy","status":"checkpoint","elapsedMs":10520,"message":"resolved","workerCount":4,"forceScreenshot":false,"captureBeyondViewport":true,"useStreamingEncode":true,"useLayeredComposite":false,"usePageSideCompositing":false,"hasHdrContent":false,"hasShaderTransitions":false,"isPngSequence":false}
[INFO] [Render:trace] {"renderJobId":"1e8b1a67-e0eb-4146-a129-f5c9c96b1952","phase":"capture_streaming","status":"start","elapsedMs":10521,"stagePhase":"capturing","workerCount":4,"forceScreenshot":false,"totalFrames":1867,"framesCompleted":0,"captureMode":"beginframe","captureOperation":"beginFrame"}
[INFO] [Render] Parallel capture worker phase {"renderJobId":"1e8b1a67-e0eb-4146-a129-f5c9c96b1952","workerId":0,"phase":"browser_launch","browserExecutable":"/home/xzy/.cache/puppeteer/chrome-headless-shell/linux-148.0.7778.97/chrome-headless-shell-linux64/chrome-headless-shell","browserVersion":"unknown","canvasDrawElement":"unknown","gpuBackend":"unknown"}
[INFO] [Render] Parallel capture worker phase {"renderJobId":"1e8b1a67-e0eb-4146-a129-f5c9c96b1952","workerId":1,"phase":"browser_launch","browserExecutable":"/home/xzy/.cache/puppeteer/chrome-headless-shell/linux-148.0.7778.97/chrome-headless-shell-linux64/chrome-headless-shell","browserVersion":"unknown","canvasDrawElement":"unknown","gpuBackend":"unknown"}
[INFO] [Render] Parallel capture worker phase {"renderJobId":"1e8b1a67-e0eb-4146-a129-f5c9c96b1952","workerId":2,"phase":"browser_launch","browserExecutable":"/home/xzy/.cache/puppeteer/chrome-headless-shell/linux-148.0.7778.97/chrome-headless-shell-linux64/chrome-headless-shell","browserVersion":"unknown","canvasDrawElement":"unknown","gpuBackend":"unknown"}
[INFO] [Render] Parallel capture worker phase {"renderJobId":"1e8b1a67-e0eb-4146-a129-f5c9c96b1952","workerId":3,"phase":"browser_launch","browserExecutable":"/home/xzy/.cache/puppeteer/chrome-headless-shell/linux-148.0.7778.97/chrome-headless-shell-linux64/chrome-headless-shell","browserVersion":"unknown","canvasDrawElement":"unknown","gpuBackend":"unknown"}
  ██████░░░░░░░░░░░░░░░░░░░  25%  Starting browsers (0/4 ready)
@hf-progress {"code":"start_browsers","done":0,"total":4,"pct":25}
[BrowserManager] Browser launched (HeadlessChrome/148.0.7778.97, beginframe, gl=--use-gl=angle --use-angle=gl-egl, headlessShell=true, platform=linux)
[BrowserManager] Browser launched (HeadlessChrome/148.0.7778.97, beginframe, gl=--use-gl=angle --use-angle=gl-egl, headlessShell=true, platform=linux)
[BrowserManager] Browser launched (HeadlessChrome/148.0.7778.97, beginframe, gl=--use-gl=angle --use-angle=gl-egl, headlessShell=true, platform=linux)
[BrowserManager] Browser launched (HeadlessChrome/148.0.7778.97, beginframe, gl=--use-gl=angle --use-angle=gl-egl, headlessShell=true, platform=linux)
[INFO] [Render] Parallel capture worker phase {"renderJobId":"1e8b1a67-e0eb-4146-a129-f5c9c96b1952","workerId":1,"phase":"browser_probe","browserExecutable":"/home/xzy/.cache/puppeteer/chrome-headless-shell/linux-148.0.7778.97/chrome-headless-shell-linux64/chrome-headless-shell","browserVersion":"unknown","canvasDrawElement":"unknown","gpuBackend":"unknown"}
[INFO] [Render] Parallel capture worker phase {"renderJobId":"1e8b1a67-e0eb-4146-a129-f5c9c96b1952","workerId":1,"phase":"session_init","browserExecutable":"/home/xzy/.cache/puppeteer/chrome-headless-shell/linux-148.0.7778.97/chrome-headless-shell-linux64/chrome-headless-shell","browserVersion":"HeadlessChrome/148.0.7778.97","canvasDrawElement":"unknown","gpuBackend":"unknown"}
[initSession:beginframe] warmup loop started (0ms)
[initSession:beginframe] page.goto start (1ms)
[INFO] [Render] Parallel capture worker phase {"renderJobId":"1e8b1a67-e0eb-4146-a129-f5c9c96b1952","workerId":0,"phase":"browser_probe","browserExecutable":"/home/xzy/.cache/puppeteer/chrome-headless-shell/linux-148.0.7778.97/chrome-headless-shell-linux64/chrome-headless-shell","browserVersion":"unknown","canvasDrawElement":"unknown","gpuBackend":"unknown"}
[INFO] [Render] Parallel capture worker phase {"renderJobId":"1e8b1a67-e0eb-4146-a129-f5c9c96b1952","workerId":0,"phase":"session_init","browserExecutable":"/home/xzy/.cache/puppeteer/chrome-headless-shell/linux-148.0.7778.97/chrome-headless-shell-linux64/chrome-headless-shell","browserVersion":"HeadlessChrome/148.0.7778.97","canvasDrawElement":"unknown","gpuBackend":"unknown"}
[INFO] [Render] Parallel capture worker phase {"renderJobId":"1e8b1a67-e0eb-4146-a129-f5c9c96b1952","workerId":3,"phase":"browser_probe","browserExecutable":"/home/xzy/.cache/puppeteer/chrome-headless-shell/linux-148.0.7778.97/chrome-headless-shell-linux64/chrome-headless-shell","browserVersion":"unknown","canvasDrawElement":"unknown","gpuBackend":"unknown"}
[INFO] [Render] Parallel capture worker phase {"renderJobId":"1e8b1a67-e0eb-4146-a129-f5c9c96b1952","workerId":3,"phase":"session_init","browserExecutable":"/home/xzy/.cache/puppeteer/chrome-headless-shell/linux-148.0.7778.97/chrome-headless-shell-linux64/chrome-headless-shell","browserVersion":"HeadlessChrome/148.0.7778.97","canvasDrawElement":"unknown","gpuBackend":"unknown"}
[INFO] [Render] Parallel capture worker phase {"renderJobId":"1e8b1a67-e0eb-4146-a129-f5c9c96b1952","workerId":2,"phase":"browser_probe","browserExecutable":"/home/xzy/.cache/puppeteer/chrome-headless-shell/linux-148.0.7778.97/chrome-headless-shell-linux64/chrome-headless-shell","browserVersion":"unknown","canvasDrawElement":"unknown","gpuBackend":"unknown"}
[INFO] [Render] Parallel capture worker phase {"renderJobId":"1e8b1a67-e0eb-4146-a129-f5c9c96b1952","workerId":2,"phase":"session_init","browserExecutable":"/home/xzy/.cache/puppeteer/chrome-headless-shell/linux-148.0.7778.97/chrome-headless-shell-linux64/chrome-headless-shell","browserVersion":"HeadlessChrome/148.0.7778.97","canvasDrawElement":"unknown","gpuBackend":"unknown"}
[initSession:beginframe] warmup loop started (0ms)
[initSession:beginframe] page.goto start (0ms)
[initSession:beginframe] warmup loop started (0ms)
[initSession:beginframe] page.goto start (0ms)
[initSession:beginframe] warmup loop started (0ms)
[initSession:beginframe] page.goto start (0ms)
[initSession:beginframe] page.goto complete (1414ms)
[HyperFrames] render runtime fps {"canonicalFps":30,"source":"render-options","rawFpsSource":"render-options","rawFps":30}
[initSession:beginframe] page.goto complete (1160ms)
[initSession:beginframe] page.goto complete (1178ms)
[HyperFrames] render runtime fps {"canonicalFps":30,"source":"render-options","rawFpsSource":"render-options","rawFps":30}
[initSession:beginframe] page.goto complete (1222ms)
[initSession:beginframe] GSAP proxy flush complete (1226ms)
[HyperFrames] render runtime fps {"canonicalFps":30,"source":"render-options","rawFpsSource":"render-options","rawFps":30}
[initSession:beginframe] GSAP proxy flush complete (1606ms)
[HyperFrames] render runtime fps {"canonicalFps":30,"source":"render-options","rawFpsSource":"render-options","rawFps":30}
[initSession:beginframe] GSAP proxy flush complete (1349ms)
[initSession:beginframe] pollHfReady complete (1719ms)
[initSession:beginframe] pollSubCompositionTimelines complete (ready) (1730ms)
[initSession:beginframe] applyVideoMetadataHints complete (1736ms)
[initSession:beginframe] pollHfReady complete (1388ms)
[initSession:beginframe] pollHfReady complete (1392ms)
[initSession:beginframe] media + fonts + tailwind ready (1755ms)
[initSession:beginframe] static-frame dedup: disabled (capture mode beginframe, not screenshot) (1782ms)
[initSession:beginframe] GSAP proxy flush complete (1429ms)
[INFO] [Render] Parallel capture worker phase {"renderJobId":"1e8b1a67-e0eb-4146-a129-f5c9c96b1952","workerId":1,"phase":"frame_capture","frameIndex":1,"browserExecutable":"/home/xzy/.cache/puppeteer/chrome-headless-shell/linux-148.0.7778.97/chrome-headless-shell-linux64/chrome-headless-shell","browserVersion":"HeadlessChrome/148.0.7778.97","canvasDrawElement":false,"gpuBackend":"unknown"}
  ██████░░░░░░░░░░░░░░░░░░░  25%  Starting browsers (1/4 ready)
@hf-progress {"code":"start_browsers","done":1,"total":4,"pct":25}
[initSession:beginframe] pollHfReady complete (1526ms)
[initSession:beginframe] pollSubCompositionTimelines complete (ready) (1554ms)
[initSession:beginframe] pollSubCompositionTimelines complete (ready) (1556ms)
[initSession:beginframe] applyVideoMetadataHints complete (1561ms)
[initSession:beginframe] applyVideoMetadataHints complete (1609ms)
[initSession:beginframe] pollSubCompositionTimelines complete (ready) (1639ms)
[initSession:beginframe] applyVideoMetadataHints complete (1642ms)
[initSession:beginframe] media + fonts + tailwind ready (1727ms)
[initSession:beginframe] media + fonts + tailwind ready (1761ms)
[initSession:beginframe] static-frame dedup: disabled (capture mode beginframe, not screenshot) (1768ms)
[INFO] [Render] Parallel capture worker phase {"renderJobId":"1e8b1a67-e0eb-4146-a129-f5c9c96b1952","workerId":0,"phase":"frame_capture","frameIndex":0,"browserExecutable":"/home/xzy/.cache/puppeteer/chrome-headless-shell/linux-148.0.7778.97/chrome-headless-shell-linux64/chrome-headless-shell","browserVersion":"HeadlessChrome/148.0.7778.97","canvasDrawElement":false,"gpuBackend":"unknown"}
  ██████░░░░░░░░░░░░░░░░░░░  25%  Starting browsers (2/4 ready)
@hf-progress {"code":"start_browsers","done":2,"total":4,"pct":25}
[initSession:beginframe] static-frame dedup: disabled (capture mode beginframe, not screenshot) (1777ms)
[INFO] [Render] Parallel capture worker phase {"renderJobId":"1e8b1a67-e0eb-4146-a129-f5c9c96b1952","workerId":2,"phase":"frame_capture","frameIndex":2,"browserExecutable":"/home/xzy/.cache/puppeteer/chrome-headless-shell/linux-148.0.7778.97/chrome-headless-shell-linux64/chrome-headless-shell","browserVersion":"HeadlessChrome/148.0.7778.97","canvasDrawElement":false,"gpuBackend":"unknown"}
[initSession:beginframe] media + fonts + tailwind ready (1800ms)
[initSession:beginframe] static-frame dedup: disabled (capture mode beginframe, not screenshot) (1840ms)
[INFO] [Render] Parallel capture worker phase {"renderJobId":"1e8b1a67-e0eb-4146-a129-f5c9c96b1952","workerId":3,"phase":"frame_capture","frameIndex":3,"browserExecutable":"/home/xzy/.cache/puppeteer/chrome-headless-shell/linux-148.0.7778.97/chrome-headless-shell-linux64/chrome-headless-shell","browserVersion":"HeadlessChrome/148.0.7778.97","canvasDrawElement":false,"gpuBackend":"unknown"}
  ██████░░░░░░░░░░░░░░░░░░░  25%  Streaming frame 1/1867 (4 workers)
@hf-progress {"code":"capture","done":1,"total":1867,"pct":25}
  ██████░░░░░░░░░░░░░░░░░░░  25%  Streaming frame 5/1867 (4 workers)
@hf-progress {"code":"capture","done":5,"total":1867,"pct":25}
  ██████░░░░░░░░░░░░░░░░░░░  25%  Streaming frame 9/1867 (4 workers)
@hf-progress {"code":"capture","done":9,"total":1867,"pct":25}
  ██████░░░░░░░░░░░░░░░░░░░  25%  Streaming frame 13/1867 (4 workers)
@hf-progress {"code":"capture","done":13,"total":1867,"pct":25}
  ██████░░░░░░░░░░░░░░░░░░░  26%  Streaming frame 17/1867 (4 workers)
@hf-progress {"code":"capture","done":17,"total":1867,"pct":26}
  ██████░░░░░░░░░░░░░░░░░░░  26%  Streaming frame 21/1867 (4 workers)
@hf-progress {"code":"capture","done":21,"total":1867,"pct":26}
  ██████░░░░░░░░░░░░░░░░░░░  26%  Streaming frame 25/1867 (4 workers)
@hf-progress {"code":"capture","done":25,"total":1867,"pct":26}
  ██████░░░░░░░░░░░░░░░░░░░  26%  Streaming frame 29/1867 (4 workers)
@hf-progress {"code":"capture","done":29,"total":1867,"pct":26}
  ██████░░░░░░░░░░░░░░░░░░░  26%  Streaming frame 32/1867 (4 workers)
@hf-progress {"code":"capture","done":32,"total":1867,"pct":26}
  ██████░░░░░░░░░░░░░░░░░░░  26%  Streaming frame 35/1867 (4 workers)
@hf-progress {"code":"capture","done":35,"total":1867,"pct":26}
  ██████░░░░░░░░░░░░░░░░░░░  26%  Streaming frame 38/1867 (4 workers)
@hf-progress {"code":"capture","done":38,"total":1867,"pct":26}
  ██████░░░░░░░░░░░░░░░░░░░  26%  Streaming frame 42/1867 (4 workers)
@hf-progress {"code":"capture","done":42,"total":1867,"pct":26}
  ██████░░░░░░░░░░░░░░░░░░░  26%  Streaming frame 45/1867 (4 workers)
@hf-progress {"code":"capture","done":45,"total":1867,"pct":26}
  ██████░░░░░░░░░░░░░░░░░░░  26%  Streaming frame 49/1867 (4 workers)
@hf-progress {"code":"capture","done":49,"total":1867,"pct":26}
  ██████░░░░░░░░░░░░░░░░░░░  27%  Streaming frame 53/1867 (4 workers)
@hf-progress {"code":"capture","done":53,"total":1867,"pct":27}
  ██████░░░░░░░░░░░░░░░░░░░  27%  Streaming frame 58/1867 (4 workers)
@hf-progress {"code":"capture","done":58,"total":1867,"pct":27}
  ██████░░░░░░░░░░░░░░░░░░░  27%  Streaming frame 62/1867 (4 workers)
@hf-progress {"code":"capture","done":62,"total":1867,"pct":27}
  ██████░░░░░░░░░░░░░░░░░░░  27%  Streaming frame 68/1867 (4 workers)
@hf-progress {"code":"capture","done":68,"total":1867,"pct":27}
  ██████░░░░░░░░░░░░░░░░░░░  27%  Streaming frame 73/1867 (4 workers)
@hf-progress {"code":"capture","done":73,"total":1867,"pct":27}
  ██████░░░░░░░░░░░░░░░░░░░  27%  Streaming frame 77/1867 (4 workers)
@hf-progress {"code":"capture","done":77,"total":1867,"pct":27}
  ██████░░░░░░░░░░░░░░░░░░░  27%  Streaming frame 81/1867 (4 workers)
@hf-progress {"code":"capture","done":81,"total":1867,"pct":27}
  ███████░░░░░░░░░░░░░░░░░░  28%  Streaming frame 86/1867 (4 workers)
@hf-progress {"code":"capture","done":86,"total":1867,"pct":28}
  ███████░░░░░░░░░░░░░░░░░░  28%  Streaming frame 91/1867 (4 workers)
@hf-progress {"code":"capture","done":91,"total":1867,"pct":28}
  ███████░░░░░░░░░░░░░░░░░░  28%  Streaming frame 96/1867 (4 workers)
@hf-progress {"code":"capture","done":96,"total":1867,"pct":28}
  ███████░░░░░░░░░░░░░░░░░░  28%  Streaming frame 101/1867 (4 workers)
@hf-progress {"code":"capture","done":101,"total":1867,"pct":28}
  ███████░░░░░░░░░░░░░░░░░░  28%  Streaming frame 106/1867 (4 workers)
@hf-progress {"code":"capture","done":106,"total":1867,"pct":28}
  ███████░░░░░░░░░░░░░░░░░░  28%  Streaming frame 111/1867 (4 workers)
@hf-progress {"code":"capture","done":111,"total":1867,"pct":28}
  ███████░░░░░░░░░░░░░░░░░░  28%  Streaming frame 116/1867 (4 workers)
@hf-progress {"code":"capture","done":116,"total":1867,"pct":28}
  ███████░░░░░░░░░░░░░░░░░░  29%  Streaming frame 121/1867 (4 workers)
@hf-progress {"code":"capture","done":121,"total":1867,"pct":29}
  ███████░░░░░░░░░░░░░░░░░░  29%  Streaming frame 126/1867 (4 workers)
@hf-progress {"code":"capture","done":126,"total":1867,"pct":29}
  ███████░░░░░░░░░░░░░░░░░░  29%  Streaming frame 131/1867 (4 workers)
@hf-progress {"code":"capture","done":131,"total":1867,"pct":29}
  ███████░░░░░░░░░░░░░░░░░░  29%  Streaming frame 136/1867 (4 workers)
@hf-progress {"code":"capture","done":136,"total":1867,"pct":29}
  ███████░░░░░░░░░░░░░░░░░░  29%  Streaming frame 141/1867 (4 workers)
@hf-progress {"code":"capture","done":141,"total":1867,"pct":29}
  ███████░░░░░░░░░░░░░░░░░░  29%  Streaming frame 146/1867 (4 workers)
@hf-progress {"code":"capture","done":146,"total":1867,"pct":29}
  ███████░░░░░░░░░░░░░░░░░░  29%  Streaming frame 151/1867 (4 workers)
@hf-progress {"code":"capture","done":151,"total":1867,"pct":29}
  ███████░░░░░░░░░░░░░░░░░░  30%  Streaming frame 156/1867 (4 workers)
@hf-progress {"code":"capture","done":156,"total":1867,"pct":30}
  ███████░░░░░░░░░░░░░░░░░░  30%  Streaming frame 168/1867 (4 workers)
@hf-progress {"code":"capture","done":168,"total":1867,"pct":30}
  ███████░░░░░░░░░░░░░░░░░░  30%  Streaming frame 183/1867 (4 workers)
@hf-progress {"code":"capture","done":183,"total":1867,"pct":30}
  ███████░░░░░░░░░░░░░░░░░░  31%  Streaming frame 197/1867 (4 workers)
@hf-progress {"code":"capture","done":197,"total":1867,"pct":31}
  ███████░░░░░░░░░░░░░░░░░░  31%  Streaming frame 211/1867 (4 workers)
@hf-progress {"code":"capture","done":211,"total":1867,"pct":31}
  ████████░░░░░░░░░░░░░░░░░  32%  Streaming frame 221/1867 (4 workers)
@hf-progress {"code":"capture","done":221,"total":1867,"pct":32}
  ████████░░░░░░░░░░░░░░░░░  32%  Streaming frame 235/1867 (4 workers)
@hf-progress {"code":"capture","done":235,"total":1867,"pct":32}
  ████████░░░░░░░░░░░░░░░░░  32%  Streaming frame 250/1867 (4 workers)
@hf-progress {"code":"capture","done":250,"total":1867,"pct":32}
  ████████░░░░░░░░░░░░░░░░░  33%  Streaming frame 263/1867 (4 workers)
@hf-progress {"code":"capture","done":263,"total":1867,"pct":33}
  ████████░░░░░░░░░░░░░░░░░  33%  Streaming frame 278/1867 (4 workers)
@hf-progress {"code":"capture","done":278,"total":1867,"pct":33}
  ████████░░░░░░░░░░░░░░░░░  34%  Streaming frame 291/1867 (4 workers)
@hf-progress {"code":"capture","done":291,"total":1867,"pct":34}
  ████████░░░░░░░░░░░░░░░░░  34%  Streaming frame 305/1867 (4 workers)
@hf-progress {"code":"capture","done":305,"total":1867,"pct":34}
  ████████░░░░░░░░░░░░░░░░░  34%  Streaming frame 317/1867 (4 workers)
@hf-progress {"code":"capture","done":317,"total":1867,"pct":34}
  ████████░░░░░░░░░░░░░░░░░  35%  Streaming frame 331/1867 (4 workers)
@hf-progress {"code":"capture","done":331,"total":1867,"pct":35}
  ████████░░░░░░░░░░░░░░░░░  35%  Streaming frame 347/1867 (4 workers)
@hf-progress {"code":"capture","done":347,"total":1867,"pct":35}
  █████████░░░░░░░░░░░░░░░░  36%  Streaming frame 357/1867 (4 workers)
@hf-progress {"code":"capture","done":357,"total":1867,"pct":36}
  █████████░░░░░░░░░░░░░░░░  36%  Streaming frame 365/1867 (4 workers)
@hf-progress {"code":"capture","done":365,"total":1867,"pct":36}
  █████████░░░░░░░░░░░░░░░░  36%  Streaming frame 373/1867 (4 workers)
@hf-progress {"code":"capture","done":373,"total":1867,"pct":36}
  █████████░░░░░░░░░░░░░░░░  36%  Streaming frame 381/1867 (4 workers)
@hf-progress {"code":"capture","done":381,"total":1867,"pct":36}
  █████████░░░░░░░░░░░░░░░░  36%  Streaming frame 389/1867 (4 workers)
@hf-progress {"code":"capture","done":389,"total":1867,"pct":36}
  █████████░░░░░░░░░░░░░░░░  37%  Streaming frame 397/1867 (4 workers)
@hf-progress {"code":"capture","done":397,"total":1867,"pct":37}
  █████████░░░░░░░░░░░░░░░░  37%  Streaming frame 405/1867 (4 workers)
@hf-progress {"code":"capture","done":405,"total":1867,"pct":37}
  █████████░░░░░░░░░░░░░░░░  37%  Streaming frame 412/1867 (4 workers)
@hf-progress {"code":"capture","done":412,"total":1867,"pct":37}
  █████████░░░░░░░░░░░░░░░░  37%  Streaming frame 418/1867 (4 workers)
@hf-progress {"code":"capture","done":418,"total":1867,"pct":37}
  █████████░░░░░░░░░░░░░░░░  38%  Streaming frame 425/1867 (4 workers)
@hf-progress {"code":"capture","done":425,"total":1867,"pct":38}
  █████████░░░░░░░░░░░░░░░░  38%  Streaming frame 433/1867 (4 workers)
@hf-progress {"code":"capture","done":433,"total":1867,"pct":38}
  █████████░░░░░░░░░░░░░░░░  38%  Streaming frame 441/1867 (4 workers)
@hf-progress {"code":"capture","done":441,"total":1867,"pct":38}
  █████████░░░░░░░░░░░░░░░░  38%  Streaming frame 449/1867 (4 workers)
@hf-progress {"code":"capture","done":449,"total":1867,"pct":38}
  █████████░░░░░░░░░░░░░░░░  38%  Streaming frame 457/1867 (4 workers)
@hf-progress {"code":"capture","done":457,"total":1867,"pct":38}
  █████████░░░░░░░░░░░░░░░░  39%  Streaming frame 465/1867 (4 workers)
@hf-progress {"code":"capture","done":465,"total":1867,"pct":39}
  █████████░░░░░░░░░░░░░░░░  39%  Streaming frame 473/1867 (4 workers)
@hf-progress {"code":"capture","done":473,"total":1867,"pct":39}
  █████████░░░░░░░░░░░░░░░░  39%  Streaming frame 480/1867 (4 workers)
@hf-progress {"code":"capture","done":480,"total":1867,"pct":39}
  █████████░░░░░░░░░░░░░░░░  39%  Streaming frame 485/1867 (4 workers)
@hf-progress {"code":"capture","done":485,"total":1867,"pct":39}
  ██████████░░░░░░░░░░░░░░░  40%  Streaming frame 493/1867 (4 workers)
@hf-progress {"code":"capture","done":493,"total":1867,"pct":40}
  ██████████░░░░░░░░░░░░░░░  40%  Streaming frame 501/1867 (4 workers)
@hf-progress {"code":"capture","done":501,"total":1867,"pct":40}
  ██████████░░░░░░░░░░░░░░░  40%  Streaming frame 509/1867 (4 workers)
@hf-progress {"code":"capture","done":509,"total":1867,"pct":40}
  ██████████░░░░░░░░░░░░░░░  40%  Streaming frame 517/1867 (4 workers)
@hf-progress {"code":"capture","done":517,"total":1867,"pct":40}
  ██████████░░░░░░░░░░░░░░░  40%  Streaming frame 525/1867 (4 workers)
@hf-progress {"code":"capture","done":525,"total":1867,"pct":40}
  ██████████░░░░░░░░░░░░░░░  41%  Streaming frame 532/1867 (4 workers)
@hf-progress {"code":"capture","done":532,"total":1867,"pct":41}
  ██████████░░░░░░░░░░░░░░░  41%  Streaming frame 537/1867 (4 workers)
@hf-progress {"code":"capture","done":537,"total":1867,"pct":41}
  ██████████░░░░░░░░░░░░░░░  41%  Streaming frame 543/1867 (4 workers)
@hf-progress {"code":"capture","done":543,"total":1867,"pct":41}
  ██████████░░░░░░░░░░░░░░░  41%  Streaming frame 551/1867 (4 workers)
@hf-progress {"code":"capture","done":551,"total":1867,"pct":41}
  ██████████░░░░░░░░░░░░░░░  41%  Streaming frame 559/1867 (4 workers)
@hf-progress {"code":"capture","done":559,"total":1867,"pct":41}
  ██████████░░░░░░░░░░░░░░░  42%  Streaming frame 567/1867 (4 workers)
@hf-progress {"code":"capture","done":567,"total":1867,"pct":42}
  ██████████░░░░░░░░░░░░░░░  42%  Streaming frame 575/1867 (4 workers)
@hf-progress {"code":"capture","done":575,"total":1867,"pct":42}
  ██████████░░░░░░░░░░░░░░░  42%  Streaming frame 583/1867 (4 workers)
@hf-progress {"code":"capture","done":583,"total":1867,"pct":42}
  ██████████░░░░░░░░░░░░░░░  42%  Streaming frame 589/1867 (4 workers)
@hf-progress {"code":"capture","done":589,"total":1867,"pct":42}
  ██████████░░░░░░░░░░░░░░░  43%  Streaming frame 596/1867 (4 workers)
@hf-progress {"code":"capture","done":596,"total":1867,"pct":43}
  ██████████░░░░░░░░░░░░░░░  43%  Streaming frame 604/1867 (4 workers)
@hf-progress {"code":"capture","done":604,"total":1867,"pct":43}
  ██████████░░░░░░░░░░░░░░░  43%  Streaming frame 612/1867 (4 workers)
@hf-progress {"code":"capture","done":612,"total":1867,"pct":43}
[INFO] [Render:trace] {"renderJobId":"1e8b1a67-e0eb-4146-a129-f5c9c96b1952","phase":"capture_streaming","status":"checkpoint","elapsedMs":40522,"message":"stage still running","stagePhase":"capturing","workerCount":4,"forceScreenshot":false,"totalFrames":1867,"framesCompleted":616,"captureMode":"beginframe","captureOperation":"beginFrame","heartbeatIndex":1,"stageElapsedMs":30001}
  ██████████░░░░░░░░░░░░░░░  43%  Streaming frame 617/1867 (4 workers)
@hf-progress {"code":"capture","done":617,"total":1867,"pct":43}
  ██████████░░░░░░░░░░░░░░░  43%  Streaming frame 625/1867 (4 workers)
@hf-progress {"code":"capture","done":625,"total":1867,"pct":43}
  ███████████░░░░░░░░░░░░░░  44%  Streaming frame 633/1867 (4 workers)
@hf-progress {"code":"capture","done":633,"total":1867,"pct":44}
  ███████████░░░░░░░░░░░░░░  44%  Streaming frame 641/1867 (4 workers)
@hf-progress {"code":"capture","done":641,"total":1867,"pct":44}
  ███████████░░░░░░░░░░░░░░  44%  Streaming frame 649/1867 (4 workers)
@hf-progress {"code":"capture","done":649,"total":1867,"pct":44}
  ███████████░░░░░░░░░░░░░░  44%  Streaming frame 657/1867 (4 workers)
@hf-progress {"code":"capture","done":657,"total":1867,"pct":44}
  ███████████░░░░░░░░░░░░░░  45%  Streaming frame 665/1867 (4 workers)
@hf-progress {"code":"capture","done":665,"total":1867,"pct":45}
  ███████████░░░░░░░░░░░░░░  45%  Streaming frame 673/1867 (4 workers)
@hf-progress {"code":"capture","done":673,"total":1867,"pct":45}
  ███████████░░░░░░░░░░░░░░  45%  Streaming frame 681/1867 (4 workers)
@hf-progress {"code":"capture","done":681,"total":1867,"pct":45}
  ███████████░░░░░░░░░░░░░░  45%  Streaming frame 689/1867 (4 workers)
@hf-progress {"code":"capture","done":689,"total":1867,"pct":45}
  ███████████░░░░░░░░░░░░░░  46%  Streaming frame 697/1867 (4 workers)
@hf-progress {"code":"capture","done":697,"total":1867,"pct":46}
  ███████████░░░░░░░░░░░░░░  46%  Streaming frame 705/1867 (4 workers)
@hf-progress {"code":"capture","done":705,"total":1867,"pct":46}
  ███████████░░░░░░░░░░░░░░  46%  Streaming frame 713/1867 (4 workers)
@hf-progress {"code":"capture","done":713,"total":1867,"pct":46}
  ███████████░░░░░░░░░░░░░░  46%  Streaming frame 717/1867 (4 workers)
@hf-progress {"code":"capture","done":717,"total":1867,"pct":46}
  ███████████░░░░░░░░░░░░░░  46%  Streaming frame 722/1867 (4 workers)
@hf-progress {"code":"capture","done":722,"total":1867,"pct":46}
  ███████████░░░░░░░░░░░░░░  46%  Streaming frame 729/1867 (4 workers)
@hf-progress {"code":"capture","done":729,"total":1867,"pct":46}
  ███████████░░░░░░░░░░░░░░  47%  Streaming frame 737/1867 (4 workers)
@hf-progress {"code":"capture","done":737,"total":1867,"pct":47}
  ███████████░░░░░░░░░░░░░░  47%  Streaming frame 745/1867 (4 workers)
@hf-progress {"code":"capture","done":745,"total":1867,"pct":47}
  ███████████░░░░░░░░░░░░░░  47%  Streaming frame 753/1867 (4 workers)
@hf-progress {"code":"capture","done":753,"total":1867,"pct":47}
  ███████████░░░░░░░░░░░░░░  47%  Streaming frame 761/1867 (4 workers)
@hf-progress {"code":"capture","done":761,"total":1867,"pct":47}
  ████████████░░░░░░░░░░░░░  48%  Streaming frame 769/1867 (4 workers)
@hf-progress {"code":"capture","done":769,"total":1867,"pct":48}
  ████████████░░░░░░░░░░░░░  48%  Streaming frame 777/1867 (4 workers)
@hf-progress {"code":"capture","done":777,"total":1867,"pct":48}
  ████████████░░░░░░░░░░░░░  48%  Streaming frame 785/1867 (4 workers)
@hf-progress {"code":"capture","done":785,"total":1867,"pct":48}
  ████████████░░░░░░░░░░░░░  48%  Streaming frame 793/1867 (4 workers)
@hf-progress {"code":"capture","done":793,"total":1867,"pct":48}
  ████████████░░░░░░░░░░░░░  49%  Streaming frame 801/1867 (4 workers)
@hf-progress {"code":"capture","done":801,"total":1867,"pct":49}
  ████████████░░░░░░░░░░░░░  49%  Streaming frame 809/1867 (4 workers)
@hf-progress {"code":"capture","done":809,"total":1867,"pct":49}
  ████████████░░░░░░░░░░░░░  49%  Streaming frame 817/1867 (4 workers)
@hf-progress {"code":"capture","done":817,"total":1867,"pct":49}
  ████████████░░░░░░░░░░░░░  49%  Streaming frame 825/1867 (4 workers)
@hf-progress {"code":"capture","done":825,"total":1867,"pct":49}
  ████████████░░░░░░░░░░░░░  50%  Streaming frame 833/1867 (4 workers)
@hf-progress {"code":"capture","done":833,"total":1867,"pct":50}
  ████████████░░░░░░░░░░░░░  50%  Streaming frame 840/1867 (4 workers)
@hf-progress {"code":"capture","done":840,"total":1867,"pct":50}
  ████████████░░░░░░░░░░░░░  50%  Streaming frame 846/1867 (4 workers)
@hf-progress {"code":"capture","done":846,"total":1867,"pct":50}
  ████████████░░░░░░░░░░░░░  50%  Streaming frame 853/1867 (4 workers)
@hf-progress {"code":"capture","done":853,"total":1867,"pct":50}
  ████████████░░░░░░░░░░░░░  50%  Streaming frame 859/1867 (4 workers)
@hf-progress {"code":"capture","done":859,"total":1867,"pct":50}
  ████████████░░░░░░░░░░░░░  50%  Streaming frame 865/1867 (4 workers)
@hf-progress {"code":"capture","done":865,"total":1867,"pct":50}
  ████████████░░░░░░░░░░░░░  51%  Streaming frame 871/1867 (4 workers)
@hf-progress {"code":"capture","done":871,"total":1867,"pct":51}
  ████████████░░░░░░░░░░░░░  51%  Streaming frame 878/1867 (4 workers)
@hf-progress {"code":"capture","done":878,"total":1867,"pct":51}
  ████████████░░░░░░░░░░░░░  51%  Streaming frame 885/1867 (4 workers)
@hf-progress {"code":"capture","done":885,"total":1867,"pct":51}
  ████████████░░░░░░░░░░░░░  51%  Streaming frame 890/1867 (4 workers)
@hf-progress {"code":"capture","done":890,"total":1867,"pct":51}
  ████████████░░░░░░░░░░░░░  51%  Streaming frame 897/1867 (4 workers)
@hf-progress {"code":"capture","done":897,"total":1867,"pct":51}
  █████████████░░░░░░░░░░░░  52%  Streaming frame 902/1867 (4 workers)
@hf-progress {"code":"capture","done":902,"total":1867,"pct":52}
  █████████████░░░░░░░░░░░░  52%  Streaming frame 906/1867 (4 workers)
@hf-progress {"code":"capture","done":906,"total":1867,"pct":52}
  █████████████░░░░░░░░░░░░  52%  Streaming frame 914/1867 (4 workers)
@hf-progress {"code":"capture","done":914,"total":1867,"pct":52}
  █████████████░░░░░░░░░░░░  52%  Streaming frame 922/1867 (4 workers)
@hf-progress {"code":"capture","done":922,"total":1867,"pct":52}
  █████████████░░░░░░░░░░░░  52%  Streaming frame 930/1867 (4 workers)
@hf-progress {"code":"capture","done":930,"total":1867,"pct":52}
  █████████████░░░░░░░░░░░░  53%  Streaming frame 938/1867 (4 workers)
@hf-progress {"code":"capture","done":938,"total":1867,"pct":53}
  █████████████░░░░░░░░░░░░  53%  Streaming frame 946/1867 (4 workers)
@hf-progress {"code":"capture","done":946,"total":1867,"pct":53}
  █████████████░░░░░░░░░░░░  53%  Streaming frame 954/1867 (4 workers)
@hf-progress {"code":"capture","done":954,"total":1867,"pct":53}
  █████████████░░░░░░░░░░░░  53%  Streaming frame 962/1867 (4 workers)
@hf-progress {"code":"capture","done":962,"total":1867,"pct":53}
  █████████████░░░░░░░░░░░░  54%  Streaming frame 970/1867 (4 workers)
@hf-progress {"code":"capture","done":970,"total":1867,"pct":54}
  █████████████░░░░░░░░░░░░  54%  Streaming frame 978/1867 (4 workers)
@hf-progress {"code":"capture","done":978,"total":1867,"pct":54}
  █████████████░░░░░░░░░░░░  54%  Streaming frame 986/1867 (4 workers)
@hf-progress {"code":"capture","done":986,"total":1867,"pct":54}
  █████████████░░░░░░░░░░░░  54%  Streaming frame 994/1867 (4 workers)
@hf-progress {"code":"capture","done":994,"total":1867,"pct":54}
  █████████████░░░░░░░░░░░░  55%  Streaming frame 1002/1867 (4 workers)
@hf-progress {"code":"capture","done":1002,"total":1867,"pct":55}
  █████████████░░░░░░░░░░░░  55%  Streaming frame 1010/1867 (4 workers)
@hf-progress {"code":"capture","done":1010,"total":1867,"pct":55}
  █████████████░░░░░░░░░░░░  55%  Streaming frame 1019/1867 (4 workers)
@hf-progress {"code":"capture","done":1019,"total":1867,"pct":55}
  █████████████░░░░░░░░░░░░  55%  Streaming frame 1026/1867 (4 workers)
@hf-progress {"code":"capture","done":1026,"total":1867,"pct":55}
  █████████████░░░░░░░░░░░░  55%  Streaming frame 1034/1867 (4 workers)
@hf-progress {"code":"capture","done":1034,"total":1867,"pct":55}
  ██████████████░░░░░░░░░░░  56%  Streaming frame 1042/1867 (4 workers)
@hf-progress {"code":"capture","done":1042,"total":1867,"pct":56}
  ██████████████░░░░░░░░░░░  56%  Streaming frame 1050/1867 (4 workers)
@hf-progress {"code":"capture","done":1050,"total":1867,"pct":56}
  ██████████████░░░░░░░░░░░  56%  Streaming frame 1058/1867 (4 workers)
@hf-progress {"code":"capture","done":1058,"total":1867,"pct":56}
  ██████████████░░░░░░░░░░░  56%  Streaming frame 1066/1867 (4 workers)
@hf-progress {"code":"capture","done":1066,"total":1867,"pct":56}
  ██████████████░░░░░░░░░░░  57%  Streaming frame 1074/1867 (4 workers)
@hf-progress {"code":"capture","done":1074,"total":1867,"pct":57}
  ██████████████░░░░░░░░░░░  57%  Streaming frame 1082/1867 (4 workers)
@hf-progress {"code":"capture","done":1082,"total":1867,"pct":57}
  ██████████████░░░░░░░░░░░  57%  Streaming frame 1090/1867 (4 workers)
@hf-progress {"code":"capture","done":1090,"total":1867,"pct":57}
  ██████████████░░░░░░░░░░░  57%  Streaming frame 1098/1867 (4 workers)
@hf-progress {"code":"capture","done":1098,"total":1867,"pct":57}
  ██████████████░░░░░░░░░░░  58%  Streaming frame 1106/1867 (4 workers)
@hf-progress {"code":"capture","done":1106,"total":1867,"pct":58}
  ██████████████░░░░░░░░░░░  58%  Streaming frame 1114/1867 (4 workers)
@hf-progress {"code":"capture","done":1114,"total":1867,"pct":58}
  ██████████████░░░░░░░░░░░  58%  Streaming frame 1122/1867 (4 workers)
@hf-progress {"code":"capture","done":1122,"total":1867,"pct":58}
  ██████████████░░░░░░░░░░░  58%  Streaming frame 1130/1867 (4 workers)
@hf-progress {"code":"capture","done":1130,"total":1867,"pct":58}
  ██████████████░░░░░░░░░░░  59%  Streaming frame 1138/1867 (4 workers)
@hf-progress {"code":"capture","done":1138,"total":1867,"pct":59}
  ██████████████░░░░░░░░░░░  59%  Streaming frame 1146/1867 (4 workers)
@hf-progress {"code":"capture","done":1146,"total":1867,"pct":59}
  ██████████████░░░░░░░░░░░  59%  Streaming frame 1154/1867 (4 workers)
@hf-progress {"code":"capture","done":1154,"total":1867,"pct":59}
  ██████████████░░░░░░░░░░░  59%  Streaming frame 1162/1867 (4 workers)
@hf-progress {"code":"capture","done":1162,"total":1867,"pct":59}
  ██████████████░░░░░░░░░░░  59%  Streaming frame 1170/1867 (4 workers)
@hf-progress {"code":"capture","done":1170,"total":1867,"pct":59}
  ███████████████░░░░░░░░░░  60%  Streaming frame 1178/1867 (4 workers)
@hf-progress {"code":"capture","done":1178,"total":1867,"pct":60}
  ███████████████░░░░░░░░░░  60%  Streaming frame 1186/1867 (4 workers)
@hf-progress {"code":"capture","done":1186,"total":1867,"pct":60}
  ███████████████░░░░░░░░░░  60%  Streaming frame 1194/1867 (4 workers)
@hf-progress {"code":"capture","done":1194,"total":1867,"pct":60}
  ███████████████░░░░░░░░░░  60%  Streaming frame 1202/1867 (4 workers)
@hf-progress {"code":"capture","done":1202,"total":1867,"pct":60}
  ███████████████░░░░░░░░░░  61%  Streaming frame 1210/1867 (4 workers)
@hf-progress {"code":"capture","done":1210,"total":1867,"pct":61}
  ███████████████░░░░░░░░░░  61%  Streaming frame 1219/1867 (4 workers)
@hf-progress {"code":"capture","done":1219,"total":1867,"pct":61}
  ███████████████░░░░░░░░░░  61%  Streaming frame 1227/1867 (4 workers)
@hf-progress {"code":"capture","done":1227,"total":1867,"pct":61}
  ███████████████░░░░░░░░░░  61%  Streaming frame 1235/1867 (4 workers)
@hf-progress {"code":"capture","done":1235,"total":1867,"pct":61}
  ███████████████░░░░░░░░░░  62%  Streaming frame 1243/1867 (4 workers)
@hf-progress {"code":"capture","done":1243,"total":1867,"pct":62}
  ███████████████░░░░░░░░░░  62%  Streaming frame 1252/1867 (4 workers)
@hf-progress {"code":"capture","done":1252,"total":1867,"pct":62}
  ███████████████░░░░░░░░░░  62%  Streaming frame 1262/1867 (4 workers)
@hf-progress {"code":"capture","done":1262,"total":1867,"pct":62}
  ███████████████░░░░░░░░░░  62%  Streaming frame 1271/1867 (4 workers)
@hf-progress {"code":"capture","done":1271,"total":1867,"pct":62}
  ███████████████░░░░░░░░░░  63%  Streaming frame 1279/1867 (4 workers)
@hf-progress {"code":"capture","done":1279,"total":1867,"pct":63}
  ███████████████░░░░░░░░░░  63%  Streaming frame 1286/1867 (4 workers)
@hf-progress {"code":"capture","done":1286,"total":1867,"pct":63}
  ███████████████░░░░░░░░░░  63%  Streaming frame 1296/1867 (4 workers)
@hf-progress {"code":"capture","done":1296,"total":1867,"pct":63}
  ███████████████░░░░░░░░░░  63%  Streaming frame 1304/1867 (4 workers)
@hf-progress {"code":"capture","done":1304,"total":1867,"pct":63}
  ████████████████░░░░░░░░░  64%  Streaming frame 1312/1867 (4 workers)
@hf-progress {"code":"capture","done":1312,"total":1867,"pct":64}
  ████████████████░░░░░░░░░  64%  Streaming frame 1320/1867 (4 workers)
@hf-progress {"code":"capture","done":1320,"total":1867,"pct":64}
  ████████████████░░░░░░░░░  64%  Streaming frame 1328/1867 (4 workers)
@hf-progress {"code":"capture","done":1328,"total":1867,"pct":64}
  ████████████████░░░░░░░░░  64%  Streaming frame 1336/1867 (4 workers)
@hf-progress {"code":"capture","done":1336,"total":1867,"pct":64}
  ████████████████░░░░░░░░░  65%  Streaming frame 1346/1867 (4 workers)
@hf-progress {"code":"capture","done":1346,"total":1867,"pct":65}
  ████████████████░░░░░░░░░  65%  Streaming frame 1354/1867 (4 workers)
@hf-progress {"code":"capture","done":1354,"total":1867,"pct":65}
  ████████████████░░░░░░░░░  65%  Streaming frame 1360/1867 (4 workers)
@hf-progress {"code":"capture","done":1360,"total":1867,"pct":65}
  ████████████████░░░░░░░░░  65%  Streaming frame 1366/1867 (4 workers)
@hf-progress {"code":"capture","done":1366,"total":1867,"pct":65}
  ████████████████░░░░░░░░░  65%  Streaming frame 1372/1867 (4 workers)
@hf-progress {"code":"capture","done":1372,"total":1867,"pct":65}
  ████████████████░░░░░░░░░  66%  Streaming frame 1379/1867 (4 workers)
@hf-progress {"code":"capture","done":1379,"total":1867,"pct":66}
  ████████████████░░░░░░░░░  66%  Streaming frame 1384/1867 (4 workers)
@hf-progress {"code":"capture","done":1384,"total":1867,"pct":66}
  ████████████████░░░░░░░░░  66%  Streaming frame 1390/1867 (4 workers)
@hf-progress {"code":"capture","done":1390,"total":1867,"pct":66}
  ████████████████░░░░░░░░░  66%  Streaming frame 1396/1867 (4 workers)
@hf-progress {"code":"capture","done":1396,"total":1867,"pct":66}
  ████████████████░░░░░░░░░  66%  Streaming frame 1403/1867 (4 workers)
@hf-progress {"code":"capture","done":1403,"total":1867,"pct":66}
  ████████████████░░░░░░░░░  66%  Streaming frame 1408/1867 (4 workers)
@hf-progress {"code":"capture","done":1408,"total":1867,"pct":66}
[INFO] [Render:trace] {"renderJobId":"1e8b1a67-e0eb-4146-a129-f5c9c96b1952","phase":"capture_streaming","status":"checkpoint","elapsedMs":70532,"message":"stage still running","stagePhase":"capturing","workerCount":4,"forceScreenshot":false,"totalFrames":1867,"framesCompleted":1408,"captureMode":"beginframe","captureOperation":"beginFrame","heartbeatIndex":2,"stageElapsedMs":60011}
  ████████████████░░░░░░░░░  67%  Streaming frame 1414/1867 (4 workers)
@hf-progress {"code":"capture","done":1414,"total":1867,"pct":67}
  ████████████████░░░░░░░░░  67%  Streaming frame 1419/1867 (4 workers)
@hf-progress {"code":"capture","done":1419,"total":1867,"pct":67}
  ████████████████░░░░░░░░░  67%  Streaming frame 1424/1867 (4 workers)
@hf-progress {"code":"capture","done":1424,"total":1867,"pct":67}
  ████████████████░░░░░░░░░  67%  Streaming frame 1429/1867 (4 workers)
@hf-progress {"code":"capture","done":1429,"total":1867,"pct":67}
  ████████████████░░░░░░░░░  67%  Streaming frame 1435/1867 (4 workers)
@hf-progress {"code":"capture","done":1435,"total":1867,"pct":67}
  ████████████████░░░░░░░░░  67%  Streaming frame 1440/1867 (4 workers)
@hf-progress {"code":"capture","done":1440,"total":1867,"pct":67}
  █████████████████░░░░░░░░  68%  Streaming frame 1445/1867 (4 workers)
@hf-progress {"code":"capture","done":1445,"total":1867,"pct":68}
  █████████████████░░░░░░░░  68%  Streaming frame 1450/1867 (4 workers)
@hf-progress {"code":"capture","done":1450,"total":1867,"pct":68}
  █████████████████░░░░░░░░  68%  Streaming frame 1455/1867 (4 workers)
@hf-progress {"code":"capture","done":1455,"total":1867,"pct":68}
  █████████████████░░░░░░░░  68%  Streaming frame 1460/1867 (4 workers)
@hf-progress {"code":"capture","done":1460,"total":1867,"pct":68}
  █████████████████░░░░░░░░  68%  Streaming frame 1466/1867 (4 workers)
@hf-progress {"code":"capture","done":1466,"total":1867,"pct":68}
  █████████████████░░░░░░░░  68%  Streaming frame 1471/1867 (4 workers)
@hf-progress {"code":"capture","done":1471,"total":1867,"pct":68}
  █████████████████░░░░░░░░  68%  Streaming frame 1476/1867 (4 workers)
@hf-progress {"code":"capture","done":1476,"total":1867,"pct":68}
  █████████████████░░░░░░░░  69%  Streaming frame 1480/1867 (4 workers)
@hf-progress {"code":"capture","done":1480,"total":1867,"pct":69}
  █████████████████░░░░░░░░  69%  Streaming frame 1485/1867 (4 workers)
@hf-progress {"code":"capture","done":1485,"total":1867,"pct":69}
  █████████████████░░░░░░░░  69%  Streaming frame 1491/1867 (4 workers)
@hf-progress {"code":"capture","done":1491,"total":1867,"pct":69}
  █████████████████░░░░░░░░  69%  Streaming frame 1496/1867 (4 workers)
@hf-progress {"code":"capture","done":1496,"total":1867,"pct":69}
  █████████████████░░░░░░░░  69%  Streaming frame 1501/1867 (4 workers)
@hf-progress {"code":"capture","done":1501,"total":1867,"pct":69}
  █████████████████░░░░░░░░  69%  Streaming frame 1507/1867 (4 workers)
@hf-progress {"code":"capture","done":1507,"total":1867,"pct":69}
  █████████████████░░░░░░░░  70%  Streaming frame 1517/1867 (4 workers)
@hf-progress {"code":"capture","done":1517,"total":1867,"pct":70}
  █████████████████░░░░░░░░  70%  Streaming frame 1533/1867 (4 workers)
@hf-progress {"code":"capture","done":1533,"total":1867,"pct":70}
  █████████████████░░░░░░░░  71%  Streaming frame 1549/1867 (4 workers)
@hf-progress {"code":"capture","done":1549,"total":1867,"pct":71}
  █████████████████░░░░░░░░  71%  Streaming frame 1565/1867 (4 workers)
@hf-progress {"code":"capture","done":1565,"total":1867,"pct":71}
  ██████████████████░░░░░░░  72%  Streaming frame 1581/1867 (4 workers)
@hf-progress {"code":"capture","done":1581,"total":1867,"pct":72}
  ██████████████████░░░░░░░  72%  Streaming frame 1597/1867 (4 workers)
@hf-progress {"code":"capture","done":1597,"total":1867,"pct":72}
  ██████████████████░░░░░░░  72%  Streaming frame 1608/1867 (4 workers)
@hf-progress {"code":"capture","done":1608,"total":1867,"pct":72}
  ██████████████████░░░░░░░  73%  Streaming frame 1618/1867 (4 workers)
@hf-progress {"code":"capture","done":1618,"total":1867,"pct":73}
  ██████████████████░░░░░░░  73%  Streaming frame 1634/1867 (4 workers)
@hf-progress {"code":"capture","done":1634,"total":1867,"pct":73}
  ██████████████████░░░░░░░  74%  Streaming frame 1650/1867 (4 workers)
@hf-progress {"code":"capture","done":1650,"total":1867,"pct":74}
  ██████████████████░░░░░░░  74%  Streaming frame 1666/1867 (4 workers)
@hf-progress {"code":"capture","done":1666,"total":1867,"pct":74}
  ██████████████████░░░░░░░  75%  Streaming frame 1682/1867 (4 workers)
@hf-progress {"code":"capture","done":1682,"total":1867,"pct":75}
  ██████████████████░░░░░░░  75%  Streaming frame 1696/1867 (4 workers)
@hf-progress {"code":"capture","done":1696,"total":1867,"pct":75}
  ██████████████████░░░░░░░  75%  Streaming frame 1710/1867 (4 workers)
@hf-progress {"code":"capture","done":1710,"total":1867,"pct":75}
  ███████████████████░░░░░░  76%  Streaming frame 1726/1867 (4 workers)
@hf-progress {"code":"capture","done":1726,"total":1867,"pct":76}
  ███████████████████░░░░░░  76%  Streaming frame 1742/1867 (4 workers)
@hf-progress {"code":"capture","done":1742,"total":1867,"pct":76}
  ███████████████████░░░░░░  77%  Streaming frame 1757/1867 (4 workers)
@hf-progress {"code":"capture","done":1757,"total":1867,"pct":77}
  ███████████████████░░░░░░  77%  Streaming frame 1770/1867 (4 workers)
@hf-progress {"code":"capture","done":1770,"total":1867,"pct":77}
  ███████████████████░░░░░░  78%  Streaming frame 1785/1867 (4 workers)
@hf-progress {"code":"capture","done":1785,"total":1867,"pct":78}
  ███████████████████░░░░░░  78%  Streaming frame 1798/1867 (4 workers)
@hf-progress {"code":"capture","done":1798,"total":1867,"pct":78}
  ███████████████████░░░░░░  78%  Streaming frame 1813/1867 (4 workers)
@hf-progress {"code":"capture","done":1813,"total":1867,"pct":78}
  ███████████████████░░░░░░  79%  Streaming frame 1828/1867 (4 workers)
@hf-progress {"code":"capture","done":1828,"total":1867,"pct":79}
  ███████████████████░░░░░░  79%  Streaming frame 1841/1867 (4 workers)
@hf-progress {"code":"capture","done":1841,"total":1867,"pct":79}
  ████████████████████░░░░░  80%  Streaming frame 1854/1867 (4 workers)
@hf-progress {"code":"capture","done":1854,"total":1867,"pct":80}
  ████████████████████░░░░░  80%  Streaming frame 1866/1867 (4 workers)
@hf-progress {"code":"capture","done":1866,"total":1867,"pct":80}
  ████████████████████░░░░░  80%  Streaming frame 1867/1867 (4 workers)
@hf-progress {"code":"capture","done":1867,"total":1867,"pct":80}
  ██████████████████████░░░  90%  Encoding frame 1860/1867
@hf-progress {"code":"encode","done":1860,"total":1867,"pct":90}
  ██████████████████████░░░  90%  Encoding frame 1867/1867
@hf-progress {"code":"encode","done":1867,"total":1867,"pct":90}
[INFO] [Render:trace] {"renderJobId":"1e8b1a67-e0eb-4146-a129-f5c9c96b1952","phase":"capture_streaming","status":"end","elapsedMs":83678,"durationMs":73157,"stagePhase":"capturing","workerCount":4,"forceScreenshot":false,"totalFrames":1867,"framesCompleted":1867,"captureMode":"beginframe","captureOperation":"encode"}
[INFO] [Render:trace] {"renderJobId":"1e8b1a67-e0eb-4146-a129-f5c9c96b1952","phase":"assemble","status":"start","elapsedMs":83682,"stagePhase":"capturing","hasAudio":true,"workerCount":4,"forceScreenshot":false,"totalFrames":1867,"framesCompleted":1867,"captureMode":"beginframe","captureOperation":"encode"}
  ██████████████████████░░░  90%  Assembling final video
@hf-progress {"code":"assemble","done":0,"total":62.222222,"pct":90}
  ████████████████████████░  99%  Assembling final video
@hf-progress {"code":"assemble","done":62.22,"total":62.222222,"pct":99}
  ████████████████████████░  99%  Assembling final video
@hf-progress {"code":"assemble","done":62.222222,"total":62.222222,"pct":99}
[INFO] [Render:trace] {"renderJobId":"1e8b1a67-e0eb-4146-a129-f5c9c96b1952","phase":"assemble","status":"end","elapsedMs":87304,"durationMs":3622,"stagePhase":"capturing","hasAudio":true,"workerCount":4,"forceScreenshot":false,"totalFrames":1867,"framesCompleted":1867,"captureMode":"beginframe","captureOperation":"encode"}
[INFO] [Render:trace] {"renderJobId":"1e8b1a67-e0eb-4146-a129-f5c9c96b1952","phase":"pipeline","status":"checkpoint","elapsedMs":87516,"message":"artifact validated","totalElapsedMs":87497}
  █████████████████████████  100%  Render complete

◇  /home/xzy/xzy_project/robostream++/outputs/mind2act-hyperframes-blank-20261010-111117/renders/mind2act-world-promo-1080p-20261010-180033.mp4
   68.7 MB · 1m 2.2s video · rendered in 1m 30.1s
   beginframe capture · hardware gpu · compile 2.1s · extract 1.8s · audio 3.0s · probe 1.1s · setup 3.5s · capture 1m 13.2s · encode (during capture) 1m 12.4s · assemble 3.6s
   Keep editing by chatting with Framey in the HyperFrames desktop app → https://hyperframes.dev/studio/download?os=linux
