done p-intro.mp4 56
done p-action1.mp4 78
done p-action2.mp4 70
done act-wide.mp4 39
done act-draw.mp4 162
done act-detail.mp4 162
done piano-setup.mp4 44
done piano-demo.mp4 44
done piano-play.mp4 107
done six-p-00.mp4 45
done six-pr3-01.mp4 45
done six-cp05-02.mp4 45
done six-e-03.mp4 45
done six-cp02-04.mp4 45
done six-cp04-05.mp4 45
done quick-e.mp4 33
done quick-fr1.mp4 33
done quick-cp02.mp4 33
done quick-f.mp4 33
done quick-pr1.mp4 33
done quick-cp03.mp4 33
done quick-m.mp4 33
done quick-fr2.mp4 33
done quick-cp04.mp4 33
done quick-s.mp4 33
done quick-pr2.mp4 33
done quick-cp01.mp4 33
