[BrowserManager] Browser launched (HeadlessChrome/148.0.7778.97, screenshot, gl=--use-gl=angle --use-angle=swiftshader, headlessShell=true, platform=linux)
[initSession:screenshot] page.goto start (1ms)
[HyperFrames] render runtime fps {"canonicalFps":30,"source":"default","rawFpsSource":"default","rawFps":30,"fallbackReason":"missing"}
[initSession:screenshot] page.goto complete (2311ms)
[initSession:screenshot] GSAP proxy flush complete (2418ms)
[initSession:screenshot] pollHfReady complete (2436ms)
[initSession:screenshot] pollSubCompositionTimelines complete (ready) (2443ms)
[initSession:screenshot] applyVideoMetadataHints complete (2444ms)
[initSession:screenshot] media + fonts + tailwind ready (2862ms)
[initSession:screenshot] static-frame dedup: disabled (video) (2893ms)

Animation map: 273/285 tweens (skipped 12 micro-tweens)
  collision: 216
  paced-slow: 15
  paced-fast: 3
  degenerate: 2
  invisible: 1
  staggers: 3 elements stagger with uneven intervals (378ms, 0ms); 3 elements stagger with uneven intervals (378ms, 0ms); 3 elements stagger with uneven intervals (4807ms, 378ms); 3 elements stagger with uneven intervals (0ms, 0ms); 12 elements stagger with uneven intervals (0ms, 30ms, 890ms, 310ms, 150ms, 182ms, 38ms, 300ms, 30ms, 10ms, 0ms); 13 elements stagger with uneven intervals (0ms, 80ms, 20ms, 80ms, 0ms, 0ms, 100ms, 0ms, 20ms, 1102ms, 378ms, 0ms); 10 elements stagger with uneven intervals (120ms, 80ms, 120ms, 480ms, 350ms, 552ms, 378ms, 0ms, 170ms); 3 elements stagger with uneven intervals (378ms, 0ms); 3 elements stagger with uneven intervals (378ms, 0ms); 3 elements stagger with uneven intervals (378ms, 0ms); 3 elements stagger with uneven intervals (378ms, 0ms); 4 elements stagger with uneven intervals (662ms, 378ms, 0ms); 3 elements stagger at 605ms intervals; 3 elements stagger with uneven intervals (378ms, 0ms); 3 elements stagger with uneven intervals (378ms, 0ms); 3 elements stagger with uneven intervals (1207ms, 378ms); 4 elements stagger with uneven intervals (620ms, 887ms, 378ms); 4 elements stagger with uneven intervals (0ms, 378ms, 0ms); 4 elements stagger with uneven intervals (0ms, 378ms, 0ms); 4 elements stagger with uneven intervals (378ms, 1232ms, 378ms); 4 elements stagger with uneven intervals (0ms, 378ms, 0ms); 3 elements stagger with uneven intervals (378ms, 1492ms); 4 elements stagger with uneven intervals (100ms, 278ms, 100ms); 3 elements stagger at 435ms intervals; 8 elements stagger at 97ms intervals; 4 elements stagger with uneven intervals (330ms, 48ms, 330ms); 6 elements stagger with uneven intervals (180ms, 100ms, 98ms, 180ms, 100ms); 5 elements stagger at 303ms intervals; 3 elements stagger with uneven intervals (378ms, 872ms); 3 elements stagger with uneven intervals (1102ms, 378ms); 4 elements stagger at 333ms intervals; 4 elements stagger with uneven intervals (350ms, 28ms, 350ms); 3 elements stagger with uneven intervals (378ms, 972ms); 3 elements stagger with uneven intervals (982ms, 378ms); 6 elements stagger with uneven intervals (320ms, 58ms, 320ms, 452ms, 378ms); 4 elements stagger with uneven intervals (310ms, 68ms, 310ms)
  dead zones: 36-37s
Timeline (47.4s, each char ≈ 0.79s):
  0s                                                    47s
  ┼───────────────────────────────────────────────────────────┤
  █                                                             #intro-one scale
  ██                                                            #intro-six opacity+scale
  ██                                                            #intro-one scale
  ██                                                            #intro-one scale
  ██                                                            #motivation-surface clipPath
  █████████                                                     #motive-grid x+y
  █                                                             #mind-surface clipPath
  ██                                                            #mind-camera scale
  █                                                             #act-surface clipPath
  █                                                             #mind2act-surface clipPath
  █                                                             #scale-surface clipPath
  ██                                                            #outro-surface clipPath
  ████████                                                      #outro-linefield scale+rotation
  ██                                                            #motivation-bright opacity+x+y+scale+rotation
  ██                                                            #motivation-dark opacity+x+y+scale+rotation
  ██                                                            #act-top opacity+x+y+scale+rotation
  ██                                                            #mind2act-top opacity+x+y+scale+rotation
  ██                                                            #outro-logo opacity+x+y+scale+rotation
  ██                                                            #motivation-head opacity+x+y+scale+rotation
  ██                                                            #mind-top opacity+x+y+scale+rotation
  ██                                                            #scale-label opacity+x+y+scale+rotation
  ██                                                            #act-target-focus opacity+x+y+scale+rotation
  ██                                                            #scale-word0 opacity+x+y+scale+rotation
  ██                                                            #mind-meta opacity+x+y+scale+rotation
  ██                                                            #act-meta opacity+x+y+scale+rotation
  ██                                                            #mind2act-meta opacity+x+y+scale+rotation
  ██                                                            #intro-six opacity+scale
  ██                                                            #intro-six opacity+scale
  ██                                                            #mind-bottom opacity+x+y+scale+rotation
  ██                                                            #mind2act-bottom opacity+x+y+scale+rotation
  ██                                                            #outro-brand opacity+x+y+scale+rotation
   █                                                            #act-bottom opacity+x+y+scale+rotation
   █                                                            #mind-order opacity+x+y+scale+rotation
   ██                                                           #mind2act-panel opacity+x+y+scale+rotation
   ██                                                           #intro-all opacity+scale
   ██                                                           #outro-call opacity+x+y+scale+rotation
   █                                                            #piano-stage0 color
   ██                                                           #intro-shade opacity
   ██                                                           #intro-logo opacity+scale+rotation
   ██                                                           #mind-order-highlight opacity+scale
   ██                                                           #intro-all opacity+scale
   ██                                                           #intro-all opacity+scale
   ██                                                           #outro-sub opacity+x+y+scale+rotation
   ███                                                          #intro-orbit opacity+scale+rotation
   ███                                                          #motivation-bright x+y
   ███                                                          #motivation-dark x+y
   ██                                                           #act-target-focus opacity
   ██                                                           #act-camera scale+x+y
   ██                                                           #motivation-mind opacity+x+y+scale+rotation
    █                                                           #outro-rule scaleX
    ██                                                          #intro-shade opacity
    ██                                                          #intro-logo opacity+scale+rotation
    ██                                                          #intro-shade opacity
    ██                                                          #intro-logo opacity+scale+rotation
    █                                                           #outro-url opacity+x+y+scale+rotation
    ██                                                          #mind-order x+y+scale
    ██                                                          #intro-orbit opacity+scale+rotation
    ██                                                          #intro-orbit opacity+scale+rotation
    █                                                           #scale-word1 opacity+x+y+scale+rotation
    ██                                                          #piano-memory opacity+x+y+scale+rotation
    █                                                           #intro-eyebrow opacity+x+y+scale+rotation
    ██                                                          #outro-footer opacity+x+y+scale+rotation
    █                                                           #piano-stage1 color
    █                                                           #memory-frame0 opacity+x+y+scale+rotation
    ██                                                          #intro-name opacity+x+y+scale+rotation
    ██                                                          #act-compare opacity+x+y+scale+rotation
    ██                                                          #intro-eyebrow opacity+x+y+scale+rotation
    ██                                                          #intro-eyebrow opacity+x+y+scale+rotation
    ██                                                          #intro-rule scaleX
     █                                                          #mind-panel opacity+x+y+scale+rotation
     █                                                          #act-panel opacity+x+y+scale+rotation
     █                                                          #intro-name opacity+x+y+scale+rotation
     █                                                          #intro-name opacity+x+y+scale+rotation
     █                                                          #intro-tagline opacity+x+y+scale+rotation
     ██                                                         #motivation-act opacity+x+y+scale+rotation
     █                                                          #memory-frame1 opacity+x+y+scale+rotation
     █                                                          #mind-step0 color
     ██                                                         #intro-rule scaleX
     ██                                                         #intro-rule scaleX
     ████                                                       #intro-orbit rotation
     ██                                                         #intro-edge opacity+x+y+scale+rotation
     █████                                                      #act-camera scale+x+y
     ██                                                         #intro-tagline opacity+x+y+scale+rotation
     ██                                                         #intro-tagline opacity+x+y+scale+rotation
     ██                                                         #motivation-orbit opacity+x+y+scale+rotation
     █████                                                      #intro-orbit rotation
     █████                                                      #intro-orbit rotation
     ██                                                         #intro-edge opacity+x+y+scale+rotation
     ██                                                         #intro-edge opacity+x+y+scale+rotation
      █                                                         #memory-frame2 opacity+x+y+scale+rotation
      █                                                         #scale-word2 opacity+x+y+scale+rotation
      ████                                                      #mind2act-camera scale+x+y
      █                                                         #piano-stage2 color
      █                                                         #mind-step1 color
      █                                                         #piano-memory borderColor
       ██                                                       #motivation-coord opacity+x+y+scale+rotation
       ██                                                       #scale-stats clipPath
        █                                                       #mind-step2 color
        █                                                       #scale-stats-label opacity+x+y+scale+rotation
        █                                                       #stat15 opacity+x+y+scale+rotation
        ██                                                      #motivation-bright x+y
        ██                                                      #motivation-dark x+y
        ██                                                      #outro-surface opacity
        ██                                                      #motivation-surface clipPath
        █████████                                               #motive-grid x+y
        ██                                                      #motivation-bright opacity+x+y+scale+rotation
        ██                                                      #motivation-dark opacity+x+y+scale+rotation
        ██                                                      #motivation-head opacity+x+y+scale+rotation
        ██                                                      #stat-divider scaleY
        ██                                                      #stat45 opacity+x+y+scale+rotation
         █                                                      #motivation-surface clipPath
         █████████                                              #motive-grid x+y
         █                                                      #motivation-bright opacity+x+y+scale+rotation
         █                                                      #motivation-dark opacity+x+y+scale+rotation
         ██                                                     #motivation-head opacity+x+y+scale+rotation
         ███                                                    #motivation-bright x+y
         ███                                                    #motivation-dark x+y
          █                                                     #motivation-mind opacity+x+y+scale+rotation
          ██                                                    #motivation-bright x+y
          ██                                                    #motivation-dark x+y
          ██                                                    #motivation-mind opacity+x+y+scale+rotation
           ██                                                   #motivation-act opacity+x+y+scale+rotation
           ██                                                   #motivation-act opacity+x+y+scale+rotation
           ██                                                   #motivation-orbit opacity+x+y+scale+rotation
            █                                                   #difficulty clipPath
            ██                                                  #motivation-orbit opacity+x+y+scale+rotation
            ██                                                  #difficulty-label opacity+x+y+scale+rotation
            ██                                                  #difficulty-easy opacity+x+y+scale+rotation
            ██                                                  #difficulty-bars opacity+x
            ██                                                  #delivery0 color
            ██                                                  #difficulty-axes opacity+x+y+scale+rotation
             ██                                                 #motivation-coord opacity+x+y+scale+rotation
             ██                                                 #motivation-coord opacity+x+y+scale+rotation
              █                                                 #difficulty-medium opacity+x+y+scale+rotation
              ██                                                #motivation-bright x+y
              ██                                                #motivation-dark x+y
              █                                                 #delivery1 color
              ███                                               #motivation-bright x+y
              ███                                               #motivation-dark x+y
                █                                               #difficulty-hard opacity+x+y+scale+rotation
                █                                               #delivery2 color
                 █                                              #mind-surface clipPath
                 ██                                             #mind-camera scale
                 █                                              #mind-top opacity+x+y+scale+rotation
                 ██                                             #mind-meta opacity+x+y+scale+rotation
                 █                                              #mind-surface clipPath
                 ██                                             #mind-camera scale
                 ██                                             #mind-bottom opacity+x+y+scale+rotation
                 ██                                             #mind-order opacity+x+y+scale+rotation
                 ██                                             #mind-top opacity+x+y+scale+rotation
                 ██                                             #mind-meta opacity+x+y+scale+rotation
                 ██                                             #mind-bottom opacity+x+y+scale+rotation
                  █                                             #mind-order opacity+x+y+scale+rotation
                  █                                             #mind-order-highlight opacity+scale
                  ██                                            #mind-order x+y+scale
                  ██                                            #mind-order-highlight opacity+scale
                   ██                                           #mind-order x+y+scale
                   ██                                           #mind-panel opacity+x+y+scale+rotation
                   ██                                           #mind-step0 color
                    █                                           #mind-panel opacity+x+y+scale+rotation
                    █                                           #mind-step0 color
                    ██                                          #mind-step1 color
                     █                                          #mind-step1 color
                      █                                         #mind-step2 color
                       █                                        #mind-step2 color
                        █                                       #act-surface clipPath
                        ██                                      #act-top opacity+x+y+scale+rotation
                        ██                                      #act-target-focus opacity+x+y+scale+rotation
                        ██                                      #act-meta opacity+x+y+scale+rotation
                        ██                                      #act-surface clipPath
                         █                                      #act-bottom opacity+x+y+scale+rotation
                         █                                      #act-top opacity+x+y+scale+rotation
                         █                                      #act-target-focus opacity+x+y+scale+rotation
                         █                                      #act-meta opacity+x+y+scale+rotation
                         ██                                     #act-bottom opacity+x+y+scale+rotation
                         ██                                     #act-target-focus opacity
                         ███                                    #act-camera scale+x+y
                          █                                     #act-target-focus opacity
                          ██                                    #act-camera scale+x+y
                          ██                                    #act-compare opacity+x+y+scale+rotation
                           █                                    #act-panel opacity+x+y+scale+rotation
                           █                                    #act-compare opacity+x+y+scale+rotation
                           ██                                   #act-panel opacity+x+y+scale+rotation
                           █████                                #act-camera scale+x+y
                            ████                                #act-camera scale+x+y
                                █                               #mind2act-surface clipPath
                                █                               #mind2act-top opacity+x+y+scale+rotation
                                ██                              #mind2act-meta opacity+x+y+scale+rotation
                                █                               #mind2act-surface clipPath
                                ██                              #mind2act-bottom opacity+x+y+scale+rotation
                                ██                              #mind2act-top opacity+x+y+scale+rotation
                                ██                              #mind2act-panel opacity+x+y+scale+rotation
                                ██                              #mind2act-meta opacity+x+y+scale+rotation
                                ██                              #piano-stage0 color
                                ██                              #mind2act-bottom opacity+x+y+scale+rotation
                                 ██                             #mind2act-panel opacity+x+y+scale+rotation
                                 █                              #piano-stage0 color
                                 ██                             #piano-memory opacity+x+y+scale+rotation
                                  █                             #piano-stage1 color
                                  █                             #memory-frame0 opacity+x+y+scale+rotation
                                  ██                            #piano-memory opacity+x+y+scale+rotation
                                  █                             #piano-stage1 color
                                  █                             #memory-frame0 opacity+x+y+scale+rotation
                                  ██                            #memory-frame1 opacity+x+y+scale+rotation
                                   █                            #memory-frame1 opacity+x+y+scale+rotation
                                   █                            #memory-frame2 opacity+x+y+scale+rotation
                                   █████                        #mind2act-camera scale+x+y
                                   ██                           #piano-stage2 color
                                    █                           #memory-frame2 opacity+x+y+scale+rotation
                                    █                           #piano-memory borderColor
                                    ████                        #mind2act-camera scale+x+y
                                    █                           #piano-stage2 color
                                    █                           #piano-memory borderColor
                                       █                        #scale-surface clipPath
                                       ██                       #scale-label opacity+x+y+scale+rotation
                                       ██                       #scale-word0 opacity+x+y+scale+rotation
                                       ██                       #scale-surface clipPath
                                        █                       #scale-label opacity+x+y+scale+rotation
                                        █                       #scale-word0 opacity+x+y+scale+rotation
                                         █                      #scale-word1 opacity+x+y+scale+rotation
                                         ██                     #scale-word1 opacity+x+y+scale+rotation
                                           █                    #scale-word2 opacity+x+y+scale+rotation
                                           ██                   #scale-word2 opacity+x+y+scale+rotation
                                            ██                  #scale-stats clipPath
                                             █                  #scale-stats-label opacity+x+y+scale+rotation
                                             ██                 #stat15 opacity+x+y+scale+rotation
                                             █                  #scale-stats clipPath
                                             ██                 #scale-stats-label opacity+x+y+scale+rotation
                                             ██                 #stat15 opacity+x+y+scale+rotation
                                             ██                 #stat-divider scaleY
                                             ██                 #stat45 opacity+x+y+scale+rotation
                                              ██                #stat-divider scaleY
                                              ██                #stat45 opacity+x+y+scale+rotation
                                                 █              #difficulty clipPath
                                                 ██             #difficulty-label opacity+x+y+scale+rotation
                                                 ██             #difficulty-easy opacity+x+y+scale+rotation
                                                 ██             #difficulty clipPath
                                                 ██             #difficulty-bars opacity+x
                                                 ██             #delivery0 color
                                                  █             #difficulty-axes opacity+x+y+scale+rotation
                                                  █             #difficulty-label opacity+x+y+scale+rotation
                                                  █             #difficulty-easy opacity+x+y+scale+rotation
                                                  ██            #difficulty-bars opacity+x
                                                  █             #delivery0 color
                                                  ██            #difficulty-axes opacity+x+y+scale+rotation
                                                   █            #difficulty-medium opacity+x+y+scale+rotation
                                                   █            #delivery1 color
                                                   ██           #difficulty-medium opacity+x+y+scale+rotation
                                                    █           #delivery1 color
                                                     █          #difficulty-hard opacity+x+y+scale+rotation
                                                     █          #delivery2 color
                                                     ██         #difficulty-hard opacity+x+y+scale+rotation
                                                     █          #delivery2 color
                                                       ██       #outro-surface clipPath
                                                       ███████  #outro-linefield scale+rotation
                                                       ██       #outro-logo opacity+x+y+scale+rotation
                                                       ██       #outro-surface clipPath
                                                       ███████  #outro-linefield scale+rotation
                                                       ██       #outro-brand opacity+x+y+scale+rotation
                                                        ██      #outro-logo opacity+x+y+scale+rotation
                                                        ██      #outro-call opacity+x+y+scale+rotation
                                                        ██      #outro-brand opacity+x+y+scale+rotation
                                                        ██      #outro-sub opacity+x+y+scale+rotation
                                                        ██      #outro-call opacity+x+y+scale+rotation
                                                         █      #outro-rule scaleX
                                                         █      #outro-url opacity+x+y+scale+rotation
                                                         █      #outro-sub opacity+x+y+scale+rotation
                                                         ██     #outro-footer opacity+x+y+scale+rotation
                                                         ██     #outro-rule scaleX
                                                         ██     #outro-url opacity+x+y+scale+rotation
                                                         ██     #outro-footer opacity+x+y+scale+rotation
                                                             █  #outro-surface opacity
                                                             █  #outro-surface opacity
