
◆  Rendering mind2act-hyperframes-blank-20261010-111117 → /home/xzy/xzy_project/robostream++/outputs/mind2act-hyperframes-blank-20261010-111117/renders/mind2act-world-promo-1080p-20261010-130800.mp4
   30fps · high · 4 workers
   GPU: encoder GPU + browser GPU (auto-detect)

[?25l│
◒  Checking browser[1G[J◐  Checking browser[1G[J◇  Browser: env
[?25h[INFO] [Render] Pipeline started {"renderJobId":"f6b6abb2-bed4-4d00-8bd7-36aa0d68d2dc","platform":"linux","arch":"x64","nodeVersion":"v22.23.3","fps":{"num":30,"den":1},"format":"mp4","quality":"high","browserGpuMode":"auto","forceScreenshot":false,"protocolTimeout":300000,"browserTimeout":120000,"pageNavigationTimeout":60000,"playerReadyTimeout":45000}
[INFO] [Render:trace] {"renderJobId":"f6b6abb2-bed4-4d00-8bd7-36aa0d68d2dc","phase":"pipeline","status":"checkpoint","elapsedMs":5,"message":"started","format":"mp4","quality":"high","browserGpuMode":"auto","forceScreenshot":false,"protocolTimeoutMs":300000,"pageNavigationTimeoutMs":60000,"playerReadyTimeoutMs":45000,"requestedWorkers":4}
[INFO] [Render:trace] {"renderJobId":"f6b6abb2-bed4-4d00-8bd7-36aa0d68d2dc","phase":"compile","status":"start","elapsedMs":8,"needsAlpha":false}
  █░░░░░░░░░░░░░░░░░░░░░░░░  5%  Compiling composition
@hf-progress {"code":"compile","pct":5}
[INFO] [Compiler] Embedded local font file: assets/fonts/SpaceGrotesk-400.ttf (68 KB → data URI)
[INFO] [Compiler] Embedded local font file: assets/fonts/SpaceGrotesk-500.ttf (68 KB → data URI)
[INFO] [Compiler] Embedded local font file: assets/fonts/SpaceGrotesk-600.ttf (68 KB → data URI)
[INFO] [Compiler] Embedded local font file: assets/fonts/SpaceGrotesk-700.ttf (68 KB → data URI)
[INFO] [Compiler] Embedded local font file: assets/fonts/IBMPlexMono-400.ttf (126 KB → data URI)
[INFO] [Compiler] Embedded local font file: assets/fonts/IBMPlexMono-500.ttf (127 KB → data URI)
[INFO] Compiled composition metadata {"renderJobId":"f6b6abb2-bed4-4d00-8bd7-36aa0d68d2dc","entryFile":"index.html","staticDuration":47.407407,"width":1920,"height":1080,"videoCount":14,"audioCount":1,"renderModeHints":{"recommendScreenshot":false,"reasons":[]}}
[INFO] [Render:trace] {"renderJobId":"f6b6abb2-bed4-4d00-8bd7-36aa0d68d2dc","phase":"compile","status":"end","elapsedMs":1166,"durationMs":1158,"needsAlpha":false}
[INFO] [Render:trace] {"renderJobId":"f6b6abb2-bed4-4d00-8bd7-36aa0d68d2dc","phase":"compile","status":"checkpoint","elapsedMs":1180,"message":"composition metadata resolved","width":1920,"height":1080,"videoCount":14,"audioCount":1,"imageCount":11,"deviceScaleFactor":1,"forceScreenshot":false,"compositionHash":"86f8eead6c86a238"}
[INFO] [Render:trace] {"renderJobId":"f6b6abb2-bed4-4d00-8bd7-36aa0d68d2dc","phase":"browser_probe","status":"start","elapsedMs":1181,"forceScreenshot":false,"stagePhase":"calibrating"}
[WARN] [Compiler] WARNING: Video "intro-source" has sparse keyframes (max interval: 3.73s). This causes seek failures and frame freezing. Re-encode with: ffmpeg -i "assets/generated/cases/piano-play.mp4" -c:v libx264 -r 30 -g 30 -keyint_min 30 -movflags +faststart -c:a copy output.mp4
[WARN] [Compiler] WARNING: Video "intro-allvid" has sparse keyframes (max interval: 5.5s). This causes seek failures and frame freezing. Re-encode with: ffmpeg -i "assets/generated/montage/all-cases-mosaic.mp4" -c:v libx264 -r 30 -g 30 -keyint_min 30 -movflags +faststart -c:a copy output.mp4
[WARN] [Compiler] WARNING: Video "piano-replay" has sparse keyframes (max interval: 3.73s). This causes seek failures and frame freezing. Re-encode with: ffmpeg -i "assets/generated/cases/piano-play.mp4" -c:v libx264 -r 30 -g 30 -keyint_min 30 -movflags +faststart -c:a copy output.mp4
[WARN] [Compiler] WARNING: Video "mind-place" has sparse keyframes (max interval: 2.77s). This causes seek failures and frame freezing. Re-encode with: ffmpeg -i "assets/generated/cases/p-action2.mp4" -c:v libx264 -r 30 -g 30 -keyint_min 30 -movflags +faststart -c:a copy output.mp4
[WARN] [Compiler] WARNING: Video "scale-mosaic" has sparse keyframes (max interval: 5.5s). This causes seek failures and frame freezing. Re-encode with: ffmpeg -i "assets/generated/montage/all-cases-mosaic.mp4" -c:v libx264 -r 30 -g 30 -keyint_min 30 -movflags +faststart -c:a copy output.mp4
[WARN] [Compiler] WARNING: Video "mind-grasp" has sparse keyframes (max interval: 3.2s). This causes seek failures and frame freezing. Re-encode with: ffmpeg -i "assets/generated/cases/p-action1.mp4" -c:v libx264 -r 30 -g 30 -keyint_min 30 -movflags +faststart -c:a copy output.mp4
[WARN] [Compiler] WARNING: Video "act-drawing" has sparse keyframes (max interval: 6s). This causes seek failures and frame freezing. Re-encode with: ffmpeg -i "assets/generated/cases/act-draw.mp4" -c:v libx264 -r 30 -g 30 -keyint_min 30 -movflags +faststart -c:a copy output.mp4
[WARN] [Compiler] WARNING: Video "act-inset-video" has sparse keyframes (max interval: 6s). This causes seek failures and frame freezing. Re-encode with: ffmpeg -i "assets/generated/cases/act-detail.mp4" -c:v libx264 -r 30 -g 30 -keyint_min 30 -movflags +faststart -c:a copy output.mp4
[INFO] [Render:trace] {"renderJobId":"f6b6abb2-bed4-4d00-8bd7-36aa0d68d2dc","phase":"browser_probe","status":"end","elapsedMs":2159,"durationMs":977,"forceScreenshot":false,"stagePhase":"calibrating"}
[INFO] [Render:trace] {"renderJobId":"f6b6abb2-bed4-4d00-8bd7-36aa0d68d2dc","phase":"browser_probe","status":"checkpoint","elapsedMs":2172,"message":"duration resolved","durationSeconds":47.407407,"totalFrames":1423,"compositionHash":"86f8eead6c86a238","beginFrameStalled":false}
[INFO] [Render:trace] {"renderJobId":"f6b6abb2-bed4-4d00-8bd7-36aa0d68d2dc","phase":"video_extract","status":"start","elapsedMs":2173,"videoCount":14}
[INFO] Probing video color spaces... {"renderJobId":"f6b6abb2-bed4-4d00-8bd7-36aa0d68d2dc","videoCount":14}
  ██░░░░░░░░░░░░░░░░░░░░░░░  10%  Extracting video frames
@hf-progress {"code":"extract_video","pct":10}
[INFO] Extracting frames from video 1/14 {"renderJobId":"f6b6abb2-bed4-4d00-8bd7-36aa0d68d2dc","sourceType":"local"}
[INFO] Extracting frames from video 2/14 {"renderJobId":"f6b6abb2-bed4-4d00-8bd7-36aa0d68d2dc","sourceType":"local"}
[INFO] Extracting frames from video 3/14 {"renderJobId":"f6b6abb2-bed4-4d00-8bd7-36aa0d68d2dc","sourceType":"local"}
[INFO] Extracting frames from video 4/14 {"renderJobId":"f6b6abb2-bed4-4d00-8bd7-36aa0d68d2dc","sourceType":"local"}
[INFO] Extracting frames from video 5/14 {"renderJobId":"f6b6abb2-bed4-4d00-8bd7-36aa0d68d2dc","sourceType":"local"}
[INFO] Extracting frames from video 6/14 {"renderJobId":"f6b6abb2-bed4-4d00-8bd7-36aa0d68d2dc","sourceType":"local"}
[INFO] Extracting frames from video 7/14 {"renderJobId":"f6b6abb2-bed4-4d00-8bd7-36aa0d68d2dc","sourceType":"local"}
[INFO] Extracting frames from video 8/14 {"renderJobId":"f6b6abb2-bed4-4d00-8bd7-36aa0d68d2dc","sourceType":"local"}
[INFO] Extracting frames from video 9/14 {"renderJobId":"f6b6abb2-bed4-4d00-8bd7-36aa0d68d2dc","sourceType":"local"}
[INFO] Extracting frames from video 10/14 {"renderJobId":"f6b6abb2-bed4-4d00-8bd7-36aa0d68d2dc","sourceType":"local"}
[INFO] Extracting frames from video 11/14 {"renderJobId":"f6b6abb2-bed4-4d00-8bd7-36aa0d68d2dc","sourceType":"local"}
[INFO] Extracting frames from video 12/14 {"renderJobId":"f6b6abb2-bed4-4d00-8bd7-36aa0d68d2dc","sourceType":"local"}
[INFO] Extracting frames from video 13/14 {"renderJobId":"f6b6abb2-bed4-4d00-8bd7-36aa0d68d2dc","sourceType":"local"}
[INFO] Extracting frames from video 14/14 {"renderJobId":"f6b6abb2-bed4-4d00-8bd7-36aa0d68d2dc","sourceType":"local"}
[INFO] [Render:trace] {"renderJobId":"f6b6abb2-bed4-4d00-8bd7-36aa0d68d2dc","phase":"video_extract","status":"end","elapsedMs":2923,"durationMs":749,"videoCount":14}
[INFO] [Render:trace] {"renderJobId":"f6b6abb2-bed4-4d00-8bd7-36aa0d68d2dc","phase":"video_extract","status":"checkpoint","elapsedMs":2943,"message":"frames resolved","videoCount":14,"extractedVideoCount":14,"totalFramesExtracted":1296,"maxFramesPerVideo":162,"avgFramesPerExtractedVideo":93,"vfrPreflightCount":0,"vfrPreflightMs":0,"cacheHits":14,"cacheMisses":0,"transientRetries":0,"minVideoFrameCoverageRatio":1,"authoredTimedClipCount":22}
[INFO] [Render] No HDR sources detected — rendering SDR {"renderJobId":"f6b6abb2-bed4-4d00-8bd7-36aa0d68d2dc"}
[INFO] [Render:trace] {"renderJobId":"f6b6abb2-bed4-4d00-8bd7-36aa0d68d2dc","phase":"hdr_detection","status":"checkpoint","elapsedMs":2944,"message":"resolved","requestedHdrMode":"auto","effectiveHdr":"sdr","nativeHdrVideoCount":0,"nativeHdrImageCount":0}
[INFO] [Render:trace] {"renderJobId":"f6b6abb2-bed4-4d00-8bd7-36aa0d68d2dc","phase":"audio_process","status":"start","elapsedMs":2944,"audioCount":1}
  █████░░░░░░░░░░░░░░░░░░░░  20%  Processing audio tracks
@hf-progress {"code":"process_audio","pct":20}
[INFO] [Render:trace] {"renderJobId":"f6b6abb2-bed4-4d00-8bd7-36aa0d68d2dc","phase":"audio_process","status":"end","elapsedMs":5388,"durationMs":2444,"audioCount":1}
[INFO] [Render:trace] {"renderJobId":"f6b6abb2-bed4-4d00-8bd7-36aa0d68d2dc","phase":"file_server","status":"start","elapsedMs":5389,"reused":false}
  ██████░░░░░░░░░░░░░░░░░░░  25%  Starting frame capture
@hf-progress {"code":"start_browsers","pct":25}
[INFO] [Render:trace] {"renderJobId":"f6b6abb2-bed4-4d00-8bd7-36aa0d68d2dc","phase":"file_server","status":"end","elapsedMs":5412,"durationMs":23}
  ██████░░░░░░░░░░░░░░░░░░░  25%  Checking browser GPU
@hf-progress {"code":"start_browsers","pct":25}
[hyperframes] browserGpuMode probe → hardware (WebGL renderer vendor="Google Inc. (NVIDIA Corporation)" renderer="ANGLE (NVIDIA Corporation, NVIDIA RTX PRO 6000 Blackwell Max-Q Workstation Edition/PCIe/SSE2, OpenGL ES 3.2)")
[INFO] [Render:trace] {"renderJobId":"f6b6abb2-bed4-4d00-8bd7-36aa0d68d2dc","phase":"capture_calibration","status":"checkpoint","elapsedMs":6370,"message":"skipped","requestedWorkers":4,"totalFrames":1423,"htmlInCanvasDetected":false,"lowMemoryMode":false,"deInversionEligible":false,"deParallelRouterEligible":false}
[INFO] [Render:trace] {"renderJobId":"f6b6abb2-bed4-4d00-8bd7-36aa0d68d2dc","phase":"worker_resolution","status":"checkpoint","elapsedMs":7660,"message":"resolved","workerCount":4}
[INFO] [Render] Parallel beginframe capture will stream to the encoder (interleaved, 4 workers) instead of the disk path. Set HF_CAPTURE_PARALLEL_STREAM=false to disable. {"renderJobId":"f6b6abb2-bed4-4d00-8bd7-36aa0d68d2dc"}
[INFO] [Render:trace] {"renderJobId":"f6b6abb2-bed4-4d00-8bd7-36aa0d68d2dc","phase":"worker_resolution","status":"checkpoint","elapsedMs":7661,"message":"parallel beginframe capture routed to streaming"}
[INFO] streaming-encode gate {"renderJobId":"f6b6abb2-bed4-4d00-8bd7-36aa0d68d2dc","enabled":true,"reason":"parallel_forced","configFlag":true,"durationCapEnabled":false,"outputFormat":"mp4","workerCount":4,"durationSeconds":47.407407,"maxDurationSeconds":240}
[INFO] [Render:trace] {"renderJobId":"f6b6abb2-bed4-4d00-8bd7-36aa0d68d2dc","phase":"capture_strategy","status":"checkpoint","elapsedMs":7663,"message":"resolved","workerCount":4,"forceScreenshot":false,"captureBeyondViewport":true,"useStreamingEncode":true,"useLayeredComposite":false,"usePageSideCompositing":false,"hasHdrContent":false,"hasShaderTransitions":false,"isPngSequence":false}
[INFO] [Render:trace] {"renderJobId":"f6b6abb2-bed4-4d00-8bd7-36aa0d68d2dc","phase":"capture_streaming","status":"start","elapsedMs":7664,"stagePhase":"capturing","workerCount":4,"forceScreenshot":false,"totalFrames":1423,"framesCompleted":0,"captureMode":"beginframe","captureOperation":"beginFrame"}
[INFO] [Render] Parallel capture worker phase {"renderJobId":"f6b6abb2-bed4-4d00-8bd7-36aa0d68d2dc","workerId":0,"phase":"browser_launch","browserExecutable":"/home/xzy/.cache/puppeteer/chrome-headless-shell/linux-148.0.7778.97/chrome-headless-shell-linux64/chrome-headless-shell","browserVersion":"unknown","canvasDrawElement":"unknown","gpuBackend":"unknown"}
[INFO] [Render] Parallel capture worker phase {"renderJobId":"f6b6abb2-bed4-4d00-8bd7-36aa0d68d2dc","workerId":1,"phase":"browser_launch","browserExecutable":"/home/xzy/.cache/puppeteer/chrome-headless-shell/linux-148.0.7778.97/chrome-headless-shell-linux64/chrome-headless-shell","browserVersion":"unknown","canvasDrawElement":"unknown","gpuBackend":"unknown"}
[INFO] [Render] Parallel capture worker phase {"renderJobId":"f6b6abb2-bed4-4d00-8bd7-36aa0d68d2dc","workerId":2,"phase":"browser_launch","browserExecutable":"/home/xzy/.cache/puppeteer/chrome-headless-shell/linux-148.0.7778.97/chrome-headless-shell-linux64/chrome-headless-shell","browserVersion":"unknown","canvasDrawElement":"unknown","gpuBackend":"unknown"}
[INFO] [Render] Parallel capture worker phase {"renderJobId":"f6b6abb2-bed4-4d00-8bd7-36aa0d68d2dc","workerId":3,"phase":"browser_launch","browserExecutable":"/home/xzy/.cache/puppeteer/chrome-headless-shell/linux-148.0.7778.97/chrome-headless-shell-linux64/chrome-headless-shell","browserVersion":"unknown","canvasDrawElement":"unknown","gpuBackend":"unknown"}
  ██████░░░░░░░░░░░░░░░░░░░  25%  Starting browsers (0/4 ready)
@hf-progress {"code":"start_browsers","done":0,"total":4,"pct":25}
[BrowserManager] Browser launched (HeadlessChrome/148.0.7778.97, beginframe, gl=--use-gl=angle --use-angle=gl-egl, headlessShell=true, platform=linux)
[BrowserManager] Browser launched (HeadlessChrome/148.0.7778.97, beginframe, gl=--use-gl=angle --use-angle=gl-egl, headlessShell=true, platform=linux)
[BrowserManager] Browser launched (HeadlessChrome/148.0.7778.97, beginframe, gl=--use-gl=angle --use-angle=gl-egl, headlessShell=true, platform=linux)
[BrowserManager] Browser launched (HeadlessChrome/148.0.7778.97, beginframe, gl=--use-gl=angle --use-angle=gl-egl, headlessShell=true, platform=linux)
[INFO] [Render] Parallel capture worker phase {"renderJobId":"f6b6abb2-bed4-4d00-8bd7-36aa0d68d2dc","workerId":0,"phase":"browser_probe","browserExecutable":"/home/xzy/.cache/puppeteer/chrome-headless-shell/linux-148.0.7778.97/chrome-headless-shell-linux64/chrome-headless-shell","browserVersion":"unknown","canvasDrawElement":"unknown","gpuBackend":"unknown"}
[INFO] [Render] Parallel capture worker phase {"renderJobId":"f6b6abb2-bed4-4d00-8bd7-36aa0d68d2dc","workerId":0,"phase":"session_init","browserExecutable":"/home/xzy/.cache/puppeteer/chrome-headless-shell/linux-148.0.7778.97/chrome-headless-shell-linux64/chrome-headless-shell","browserVersion":"HeadlessChrome/148.0.7778.97","canvasDrawElement":"unknown","gpuBackend":"unknown"}
[initSession:beginframe] warmup loop started (0ms)
[initSession:beginframe] page.goto start (1ms)
[INFO] [Render] Parallel capture worker phase {"renderJobId":"f6b6abb2-bed4-4d00-8bd7-36aa0d68d2dc","workerId":1,"phase":"browser_probe","browserExecutable":"/home/xzy/.cache/puppeteer/chrome-headless-shell/linux-148.0.7778.97/chrome-headless-shell-linux64/chrome-headless-shell","browserVersion":"unknown","canvasDrawElement":"unknown","gpuBackend":"unknown"}
[INFO] [Render] Parallel capture worker phase {"renderJobId":"f6b6abb2-bed4-4d00-8bd7-36aa0d68d2dc","workerId":1,"phase":"session_init","browserExecutable":"/home/xzy/.cache/puppeteer/chrome-headless-shell/linux-148.0.7778.97/chrome-headless-shell-linux64/chrome-headless-shell","browserVersion":"HeadlessChrome/148.0.7778.97","canvasDrawElement":"unknown","gpuBackend":"unknown"}
[initSession:beginframe] warmup loop started (0ms)
[initSession:beginframe] page.goto start (0ms)
[INFO] [Render] Parallel capture worker phase {"renderJobId":"f6b6abb2-bed4-4d00-8bd7-36aa0d68d2dc","workerId":2,"phase":"browser_probe","browserExecutable":"/home/xzy/.cache/puppeteer/chrome-headless-shell/linux-148.0.7778.97/chrome-headless-shell-linux64/chrome-headless-shell","browserVersion":"unknown","canvasDrawElement":"unknown","gpuBackend":"unknown"}
[INFO] [Render] Parallel capture worker phase {"renderJobId":"f6b6abb2-bed4-4d00-8bd7-36aa0d68d2dc","workerId":2,"phase":"session_init","browserExecutable":"/home/xzy/.cache/puppeteer/chrome-headless-shell/linux-148.0.7778.97/chrome-headless-shell-linux64/chrome-headless-shell","browserVersion":"HeadlessChrome/148.0.7778.97","canvasDrawElement":"unknown","gpuBackend":"unknown"}
[INFO] [Render] Parallel capture worker phase {"renderJobId":"f6b6abb2-bed4-4d00-8bd7-36aa0d68d2dc","workerId":3,"phase":"browser_probe","browserExecutable":"/home/xzy/.cache/puppeteer/chrome-headless-shell/linux-148.0.7778.97/chrome-headless-shell-linux64/chrome-headless-shell","browserVersion":"unknown","canvasDrawElement":"unknown","gpuBackend":"unknown"}
[INFO] [Render] Parallel capture worker phase {"renderJobId":"f6b6abb2-bed4-4d00-8bd7-36aa0d68d2dc","workerId":3,"phase":"session_init","browserExecutable":"/home/xzy/.cache/puppeteer/chrome-headless-shell/linux-148.0.7778.97/chrome-headless-shell-linux64/chrome-headless-shell","browserVersion":"HeadlessChrome/148.0.7778.97","canvasDrawElement":"unknown","gpuBackend":"unknown"}
[initSession:beginframe] warmup loop started (0ms)
[initSession:beginframe] page.goto start (0ms)
[initSession:beginframe] warmup loop started (0ms)
[initSession:beginframe] page.goto start (0ms)
[initSession:beginframe] page.goto complete (2006ms)
[initSession:beginframe] page.goto complete (2051ms)
[HyperFrames] render runtime fps {"canonicalFps":30,"source":"render-options","rawFpsSource":"render-options","rawFps":30}
[HyperFrames] render runtime fps {"canonicalFps":30,"source":"render-options","rawFpsSource":"render-options","rawFps":30}
[initSession:beginframe] GSAP proxy flush complete (2128ms)
[initSession:beginframe] GSAP proxy flush complete (2149ms)
[initSession:beginframe] pollHfReady complete (2157ms)
[initSession:beginframe] pollSubCompositionTimelines complete (ready) (2162ms)
[initSession:beginframe] applyVideoMetadataHints complete (2166ms)
[initSession:beginframe] page.goto complete (1194ms)
[initSession:beginframe] page.goto complete (1217ms)
[initSession:beginframe] GSAP proxy flush complete (1223ms)
[initSession:beginframe] GSAP proxy flush complete (1249ms)
[HyperFrames] render runtime fps {"canonicalFps":30,"source":"render-options","rawFpsSource":"render-options","rawFps":30}
[HyperFrames] render runtime fps {"canonicalFps":30,"source":"render-options","rawFpsSource":"render-options","rawFps":30}
[initSession:beginframe] pollHfReady complete (2284ms)
[initSession:beginframe] pollSubCompositionTimelines complete (ready) (2288ms)
[initSession:beginframe] applyVideoMetadataHints complete (2291ms)
[initSession:beginframe] media + fonts + tailwind ready (2333ms)
[initSession:beginframe] static-frame dedup: disabled (capture mode beginframe, not screenshot) (2360ms)
[initSession:beginframe] media + fonts + tailwind ready (2357ms)
[INFO] [Render] Parallel capture worker phase {"renderJobId":"f6b6abb2-bed4-4d00-8bd7-36aa0d68d2dc","workerId":0,"phase":"frame_capture","frameIndex":0,"browserExecutable":"/home/xzy/.cache/puppeteer/chrome-headless-shell/linux-148.0.7778.97/chrome-headless-shell-linux64/chrome-headless-shell","browserVersion":"HeadlessChrome/148.0.7778.97","canvasDrawElement":false,"gpuBackend":"unknown"}
  ██████░░░░░░░░░░░░░░░░░░░  25%  Starting browsers (1/4 ready)
@hf-progress {"code":"start_browsers","done":1,"total":4,"pct":25}
[initSession:beginframe] static-frame dedup: disabled (capture mode beginframe, not screenshot) (2388ms)
[INFO] [Render] Parallel capture worker phase {"renderJobId":"f6b6abb2-bed4-4d00-8bd7-36aa0d68d2dc","workerId":1,"phase":"frame_capture","frameIndex":1,"browserExecutable":"/home/xzy/.cache/puppeteer/chrome-headless-shell/linux-148.0.7778.97/chrome-headless-shell-linux64/chrome-headless-shell","browserVersion":"HeadlessChrome/148.0.7778.97","canvasDrawElement":false,"gpuBackend":"unknown"}
[initSession:beginframe] pollHfReady complete (1564ms)
[initSession:beginframe] pollSubCompositionTimelines complete (ready) (1649ms)
[initSession:beginframe] applyVideoMetadataHints complete (1654ms)
[initSession:beginframe] pollHfReady complete (1739ms)
[initSession:beginframe] pollSubCompositionTimelines complete (ready) (1743ms)
[initSession:beginframe] applyVideoMetadataHints complete (1746ms)
[initSession:beginframe] media + fonts + tailwind ready (1811ms)
[initSession:beginframe] static-frame dedup: disabled (capture mode beginframe, not screenshot) (1837ms)
[INFO] [Render] Parallel capture worker phase {"renderJobId":"f6b6abb2-bed4-4d00-8bd7-36aa0d68d2dc","workerId":2,"phase":"frame_capture","frameIndex":2,"browserExecutable":"/home/xzy/.cache/puppeteer/chrome-headless-shell/linux-148.0.7778.97/chrome-headless-shell-linux64/chrome-headless-shell","browserVersion":"HeadlessChrome/148.0.7778.97","canvasDrawElement":false,"gpuBackend":"unknown"}
  ██████░░░░░░░░░░░░░░░░░░░  25%  Starting browsers (3/4 ready)
@hf-progress {"code":"start_browsers","done":3,"total":4,"pct":25}
  ██████░░░░░░░░░░░░░░░░░░░  25%  Streaming frame 1/1423 (4 workers)
@hf-progress {"code":"capture","done":1,"total":1423,"pct":25}
[initSession:beginframe] media + fonts + tailwind ready (1892ms)
[initSession:beginframe] static-frame dedup: disabled (capture mode beginframe, not screenshot) (1923ms)
[INFO] [Render] Parallel capture worker phase {"renderJobId":"f6b6abb2-bed4-4d00-8bd7-36aa0d68d2dc","workerId":3,"phase":"frame_capture","frameIndex":3,"browserExecutable":"/home/xzy/.cache/puppeteer/chrome-headless-shell/linux-148.0.7778.97/chrome-headless-shell-linux64/chrome-headless-shell","browserVersion":"HeadlessChrome/148.0.7778.97","canvasDrawElement":false,"gpuBackend":"unknown"}
  ██████░░░░░░░░░░░░░░░░░░░  25%  Streaming frame 3/1423 (4 workers)
@hf-progress {"code":"capture","done":3,"total":1423,"pct":25}
  ██████░░░░░░░░░░░░░░░░░░░  25%  Streaming frame 7/1423 (4 workers)
@hf-progress {"code":"capture","done":7,"total":1423,"pct":25}
  ██████░░░░░░░░░░░░░░░░░░░  25%  Streaming frame 11/1423 (4 workers)
@hf-progress {"code":"capture","done":11,"total":1423,"pct":25}
  ██████░░░░░░░░░░░░░░░░░░░  26%  Streaming frame 15/1423 (4 workers)
@hf-progress {"code":"capture","done":15,"total":1423,"pct":26}
  ██████░░░░░░░░░░░░░░░░░░░  26%  Streaming frame 19/1423 (4 workers)
@hf-progress {"code":"capture","done":19,"total":1423,"pct":26}
  ██████░░░░░░░░░░░░░░░░░░░  26%  Streaming frame 23/1423 (4 workers)
@hf-progress {"code":"capture","done":23,"total":1423,"pct":26}
  ██████░░░░░░░░░░░░░░░░░░░  26%  Streaming frame 27/1423 (4 workers)
@hf-progress {"code":"capture","done":27,"total":1423,"pct":26}
  ██████░░░░░░░░░░░░░░░░░░░  26%  Streaming frame 31/1423 (4 workers)
@hf-progress {"code":"capture","done":31,"total":1423,"pct":26}
  ██████░░░░░░░░░░░░░░░░░░░  26%  Streaming frame 35/1423 (4 workers)
@hf-progress {"code":"capture","done":35,"total":1423,"pct":26}
  ██████░░░░░░░░░░░░░░░░░░░  27%  Streaming frame 39/1423 (4 workers)
@hf-progress {"code":"capture","done":39,"total":1423,"pct":27}
  ██████░░░░░░░░░░░░░░░░░░░  27%  Streaming frame 43/1423 (4 workers)
@hf-progress {"code":"capture","done":43,"total":1423,"pct":27}
  ██████░░░░░░░░░░░░░░░░░░░  27%  Streaming frame 47/1423 (4 workers)
@hf-progress {"code":"capture","done":47,"total":1423,"pct":27}
  ██████░░░░░░░░░░░░░░░░░░░  27%  Streaming frame 52/1423 (4 workers)
@hf-progress {"code":"capture","done":52,"total":1423,"pct":27}
  ██████░░░░░░░░░░░░░░░░░░░  27%  Streaming frame 57/1423 (4 workers)
@hf-progress {"code":"capture","done":57,"total":1423,"pct":27}
  ██████░░░░░░░░░░░░░░░░░░░  27%  Streaming frame 61/1423 (4 workers)
@hf-progress {"code":"capture","done":61,"total":1423,"pct":27}
  ███████░░░░░░░░░░░░░░░░░░  28%  Streaming frame 66/1423 (4 workers)
@hf-progress {"code":"capture","done":66,"total":1423,"pct":28}
  ███████░░░░░░░░░░░░░░░░░░  28%  Streaming frame 71/1423 (4 workers)
@hf-progress {"code":"capture","done":71,"total":1423,"pct":28}
  ███████░░░░░░░░░░░░░░░░░░  28%  Streaming frame 76/1423 (4 workers)
@hf-progress {"code":"capture","done":76,"total":1423,"pct":28}
  ███████░░░░░░░░░░░░░░░░░░  28%  Streaming frame 80/1423 (4 workers)
@hf-progress {"code":"capture","done":80,"total":1423,"pct":28}
  ███████░░░░░░░░░░░░░░░░░░  28%  Streaming frame 85/1423 (4 workers)
@hf-progress {"code":"capture","done":85,"total":1423,"pct":28}
  ███████░░░░░░░░░░░░░░░░░░  28%  Streaming frame 90/1423 (4 workers)
@hf-progress {"code":"capture","done":90,"total":1423,"pct":28}
  ███████░░░░░░░░░░░░░░░░░░  29%  Streaming frame 95/1423 (4 workers)
@hf-progress {"code":"capture","done":95,"total":1423,"pct":29}
  ███████░░░░░░░░░░░░░░░░░░  29%  Streaming frame 100/1423 (4 workers)
@hf-progress {"code":"capture","done":100,"total":1423,"pct":29}
  ███████░░░░░░░░░░░░░░░░░░  29%  Streaming frame 104/1423 (4 workers)
@hf-progress {"code":"capture","done":104,"total":1423,"pct":29}
  ███████░░░░░░░░░░░░░░░░░░  29%  Streaming frame 109/1423 (4 workers)
@hf-progress {"code":"capture","done":109,"total":1423,"pct":29}
  ███████░░░░░░░░░░░░░░░░░░  29%  Streaming frame 113/1423 (4 workers)
@hf-progress {"code":"capture","done":113,"total":1423,"pct":29}
  ███████░░░░░░░░░░░░░░░░░░  30%  Streaming frame 118/1423 (4 workers)
@hf-progress {"code":"capture","done":118,"total":1423,"pct":30}
  ███████░░░░░░░░░░░░░░░░░░  30%  Streaming frame 122/1423 (4 workers)
@hf-progress {"code":"capture","done":122,"total":1423,"pct":30}
  ███████░░░░░░░░░░░░░░░░░░  30%  Streaming frame 126/1423 (4 workers)
@hf-progress {"code":"capture","done":126,"total":1423,"pct":30}
  ███████░░░░░░░░░░░░░░░░░░  30%  Streaming frame 131/1423 (4 workers)
@hf-progress {"code":"capture","done":131,"total":1423,"pct":30}
  ███████░░░░░░░░░░░░░░░░░░  30%  Streaming frame 136/1423 (4 workers)
@hf-progress {"code":"capture","done":136,"total":1423,"pct":30}
  ███████░░░░░░░░░░░░░░░░░░  30%  Streaming frame 141/1423 (4 workers)
@hf-progress {"code":"capture","done":141,"total":1423,"pct":30}
  ███████░░░░░░░░░░░░░░░░░░  31%  Streaming frame 145/1423 (4 workers)
@hf-progress {"code":"capture","done":145,"total":1423,"pct":31}
  ███████░░░░░░░░░░░░░░░░░░  31%  Streaming frame 150/1423 (4 workers)
@hf-progress {"code":"capture","done":150,"total":1423,"pct":31}
  ███████░░░░░░░░░░░░░░░░░░  31%  Streaming frame 155/1423 (4 workers)
@hf-progress {"code":"capture","done":155,"total":1423,"pct":31}
  ███████░░░░░░░░░░░░░░░░░░  31%  Streaming frame 162/1423 (4 workers)
@hf-progress {"code":"capture","done":162,"total":1423,"pct":31}
  ████████░░░░░░░░░░░░░░░░░  32%  Streaming frame 171/1423 (4 workers)
@hf-progress {"code":"capture","done":171,"total":1423,"pct":32}
  ████████░░░░░░░░░░░░░░░░░  32%  Streaming frame 183/1423 (4 workers)
@hf-progress {"code":"capture","done":183,"total":1423,"pct":32}
  ████████░░░░░░░░░░░░░░░░░  33%  Streaming frame 195/1423 (4 workers)
@hf-progress {"code":"capture","done":195,"total":1423,"pct":33}
  ████████░░░░░░░░░░░░░░░░░  33%  Streaming frame 210/1423 (4 workers)
@hf-progress {"code":"capture","done":210,"total":1423,"pct":33}
  ████████░░░░░░░░░░░░░░░░░  34%  Streaming frame 223/1423 (4 workers)
@hf-progress {"code":"capture","done":223,"total":1423,"pct":34}
  ████████░░░░░░░░░░░░░░░░░  34%  Streaming frame 235/1423 (4 workers)
@hf-progress {"code":"capture","done":235,"total":1423,"pct":34}
  ████████░░░░░░░░░░░░░░░░░  35%  Streaming frame 247/1423 (4 workers)
@hf-progress {"code":"capture","done":247,"total":1423,"pct":35}
  ████████░░░░░░░░░░░░░░░░░  35%  Streaming frame 259/1423 (4 workers)
@hf-progress {"code":"capture","done":259,"total":1423,"pct":35}
  ████████░░░░░░░░░░░░░░░░░  35%  Streaming frame 271/1423 (4 workers)
@hf-progress {"code":"capture","done":271,"total":1423,"pct":35}
  █████████░░░░░░░░░░░░░░░░  36%  Streaming frame 283/1423 (4 workers)
@hf-progress {"code":"capture","done":283,"total":1423,"pct":36}
  █████████░░░░░░░░░░░░░░░░  36%  Streaming frame 295/1423 (4 workers)
@hf-progress {"code":"capture","done":295,"total":1423,"pct":36}
  █████████░░░░░░░░░░░░░░░░  37%  Streaming frame 307/1423 (4 workers)
@hf-progress {"code":"capture","done":307,"total":1423,"pct":37}
  █████████░░░░░░░░░░░░░░░░  37%  Streaming frame 319/1423 (4 workers)
@hf-progress {"code":"capture","done":319,"total":1423,"pct":37}
  █████████░░░░░░░░░░░░░░░░  38%  Streaming frame 331/1423 (4 workers)
@hf-progress {"code":"capture","done":331,"total":1423,"pct":38}
  █████████░░░░░░░░░░░░░░░░  38%  Streaming frame 343/1423 (4 workers)
@hf-progress {"code":"capture","done":343,"total":1423,"pct":38}
  █████████░░░░░░░░░░░░░░░░  39%  Streaming frame 355/1423 (4 workers)
@hf-progress {"code":"capture","done":355,"total":1423,"pct":39}
  █████████░░░░░░░░░░░░░░░░  39%  Streaming frame 362/1423 (4 workers)
@hf-progress {"code":"capture","done":362,"total":1423,"pct":39}
  █████████░░░░░░░░░░░░░░░░  39%  Streaming frame 368/1423 (4 workers)
@hf-progress {"code":"capture","done":368,"total":1423,"pct":39}
  █████████░░░░░░░░░░░░░░░░  39%  Streaming frame 373/1423 (4 workers)
@hf-progress {"code":"capture","done":373,"total":1423,"pct":39}
  ██████████░░░░░░░░░░░░░░░  40%  Streaming frame 379/1423 (4 workers)
@hf-progress {"code":"capture","done":379,"total":1423,"pct":40}
  ██████████░░░░░░░░░░░░░░░  40%  Streaming frame 387/1423 (4 workers)
@hf-progress {"code":"capture","done":387,"total":1423,"pct":40}
  ██████████░░░░░░░░░░░░░░░  40%  Streaming frame 395/1423 (4 workers)
@hf-progress {"code":"capture","done":395,"total":1423,"pct":40}
  ██████████░░░░░░░░░░░░░░░  41%  Streaming frame 403/1423 (4 workers)
@hf-progress {"code":"capture","done":403,"total":1423,"pct":41}
  ██████████░░░░░░░░░░░░░░░  41%  Streaming frame 408/1423 (4 workers)
@hf-progress {"code":"capture","done":408,"total":1423,"pct":41}
  ██████████░░░░░░░░░░░░░░░  41%  Streaming frame 415/1423 (4 workers)
@hf-progress {"code":"capture","done":415,"total":1423,"pct":41}
  ██████████░░░░░░░░░░░░░░░  41%  Streaming frame 422/1423 (4 workers)
@hf-progress {"code":"capture","done":422,"total":1423,"pct":41}
  ██████████░░░░░░░░░░░░░░░  42%  Streaming frame 428/1423 (4 workers)
@hf-progress {"code":"capture","done":428,"total":1423,"pct":42}
  ██████████░░░░░░░░░░░░░░░  42%  Streaming frame 436/1423 (4 workers)
@hf-progress {"code":"capture","done":436,"total":1423,"pct":42}
  ██████████░░░░░░░░░░░░░░░  42%  Streaming frame 444/1423 (4 workers)
@hf-progress {"code":"capture","done":444,"total":1423,"pct":42}
  ██████████░░░░░░░░░░░░░░░  42%  Streaming frame 452/1423 (4 workers)
@hf-progress {"code":"capture","done":452,"total":1423,"pct":42}
  ██████████░░░░░░░░░░░░░░░  43%  Streaming frame 460/1423 (4 workers)
@hf-progress {"code":"capture","done":460,"total":1423,"pct":43}
  ██████████░░░░░░░░░░░░░░░  43%  Streaming frame 467/1423 (4 workers)
@hf-progress {"code":"capture","done":467,"total":1423,"pct":43}
  ██████████░░░░░░░░░░░░░░░  43%  Streaming frame 473/1423 (4 workers)
@hf-progress {"code":"capture","done":473,"total":1423,"pct":43}
  ███████████░░░░░░░░░░░░░░  44%  Streaming frame 480/1423 (4 workers)
@hf-progress {"code":"capture","done":480,"total":1423,"pct":44}
  ███████████░░░░░░░░░░░░░░  44%  Streaming frame 488/1423 (4 workers)
@hf-progress {"code":"capture","done":488,"total":1423,"pct":44}
  ███████████░░░░░░░░░░░░░░  44%  Streaming frame 496/1423 (4 workers)
@hf-progress {"code":"capture","done":496,"total":1423,"pct":44}
  ███████████░░░░░░░░░░░░░░  44%  Streaming frame 504/1423 (4 workers)
@hf-progress {"code":"capture","done":504,"total":1423,"pct":44}
  ███████████░░░░░░░░░░░░░░  45%  Streaming frame 512/1423 (4 workers)
@hf-progress {"code":"capture","done":512,"total":1423,"pct":45}
  ███████████░░░░░░░░░░░░░░  45%  Streaming frame 520/1423 (4 workers)
@hf-progress {"code":"capture","done":520,"total":1423,"pct":45}
  ███████████░░░░░░░░░░░░░░  45%  Streaming frame 528/1423 (4 workers)
@hf-progress {"code":"capture","done":528,"total":1423,"pct":45}
  ███████████░░░░░░░░░░░░░░  46%  Streaming frame 535/1423 (4 workers)
@hf-progress {"code":"capture","done":535,"total":1423,"pct":46}
  ███████████░░░░░░░░░░░░░░  46%  Streaming frame 542/1423 (4 workers)
@hf-progress {"code":"capture","done":542,"total":1423,"pct":46}
  ███████████░░░░░░░░░░░░░░  46%  Streaming frame 547/1423 (4 workers)
@hf-progress {"code":"capture","done":547,"total":1423,"pct":46}
[INFO] [Render:trace] {"renderJobId":"f6b6abb2-bed4-4d00-8bd7-36aa0d68d2dc","phase":"capture_streaming","status":"checkpoint","elapsedMs":37665,"message":"stage still running","stagePhase":"capturing","workerCount":4,"forceScreenshot":false,"totalFrames":1423,"framesCompleted":550,"captureMode":"beginframe","captureOperation":"beginFrame","heartbeatIndex":1,"stageElapsedMs":30001}
  ███████████░░░░░░░░░░░░░░  46%  Streaming frame 555/1423 (4 workers)
@hf-progress {"code":"capture","done":555,"total":1423,"pct":46}
  ███████████░░░░░░░░░░░░░░  47%  Streaming frame 563/1423 (4 workers)
@hf-progress {"code":"capture","done":563,"total":1423,"pct":47}
  ███████████░░░░░░░░░░░░░░  47%  Streaming frame 571/1423 (4 workers)
@hf-progress {"code":"capture","done":571,"total":1423,"pct":47}
  ███████████░░░░░░░░░░░░░░  47%  Streaming frame 579/1423 (4 workers)
@hf-progress {"code":"capture","done":579,"total":1423,"pct":47}
  ████████████░░░░░░░░░░░░░  48%  Streaming frame 587/1423 (4 workers)
@hf-progress {"code":"capture","done":587,"total":1423,"pct":48}
  ████████████░░░░░░░░░░░░░  48%  Streaming frame 595/1423 (4 workers)
@hf-progress {"code":"capture","done":595,"total":1423,"pct":48}
  ████████████░░░░░░░░░░░░░  48%  Streaming frame 602/1423 (4 workers)
@hf-progress {"code":"capture","done":602,"total":1423,"pct":48}
  ████████████░░░░░░░░░░░░░  49%  Streaming frame 609/1423 (4 workers)
@hf-progress {"code":"capture","done":609,"total":1423,"pct":49}
  ████████████░░░░░░░░░░░░░  49%  Streaming frame 615/1423 (4 workers)
@hf-progress {"code":"capture","done":615,"total":1423,"pct":49}
  ████████████░░░░░░░░░░░░░  49%  Streaming frame 623/1423 (4 workers)
@hf-progress {"code":"capture","done":623,"total":1423,"pct":49}
  ████████████░░░░░░░░░░░░░  49%  Streaming frame 630/1423 (4 workers)
@hf-progress {"code":"capture","done":630,"total":1423,"pct":49}
  ████████████░░░░░░░░░░░░░  50%  Streaming frame 635/1423 (4 workers)
@hf-progress {"code":"capture","done":635,"total":1423,"pct":50}
  ████████████░░░░░░░░░░░░░  50%  Streaming frame 643/1423 (4 workers)
@hf-progress {"code":"capture","done":643,"total":1423,"pct":50}
  ████████████░░░░░░░░░░░░░  50%  Streaming frame 651/1423 (4 workers)
@hf-progress {"code":"capture","done":651,"total":1423,"pct":50}
  ████████████░░░░░░░░░░░░░  50%  Streaming frame 659/1423 (4 workers)
@hf-progress {"code":"capture","done":659,"total":1423,"pct":50}
  ████████████░░░░░░░░░░░░░  51%  Streaming frame 667/1423 (4 workers)
@hf-progress {"code":"capture","done":667,"total":1423,"pct":51}
  ████████████░░░░░░░░░░░░░  51%  Streaming frame 675/1423 (4 workers)
@hf-progress {"code":"capture","done":675,"total":1423,"pct":51}
  ████████████░░░░░░░░░░░░░  51%  Streaming frame 681/1423 (4 workers)
@hf-progress {"code":"capture","done":681,"total":1423,"pct":51}
  █████████████░░░░░░░░░░░░  52%  Streaming frame 688/1423 (4 workers)
@hf-progress {"code":"capture","done":688,"total":1423,"pct":52}
  █████████████░░░░░░░░░░░░  52%  Streaming frame 695/1423 (4 workers)
@hf-progress {"code":"capture","done":695,"total":1423,"pct":52}
  █████████████░░░░░░░░░░░░  52%  Streaming frame 702/1423 (4 workers)
@hf-progress {"code":"capture","done":702,"total":1423,"pct":52}
  █████████████░░░░░░░░░░░░  52%  Streaming frame 708/1423 (4 workers)
@hf-progress {"code":"capture","done":708,"total":1423,"pct":52}
  █████████████░░░░░░░░░░░░  53%  Streaming frame 713/1423 (4 workers)
@hf-progress {"code":"capture","done":713,"total":1423,"pct":53}
  █████████████░░░░░░░░░░░░  53%  Streaming frame 717/1423 (4 workers)
@hf-progress {"code":"capture","done":717,"total":1423,"pct":53}
  █████████████░░░░░░░░░░░░  53%  Streaming frame 722/1423 (4 workers)
@hf-progress {"code":"capture","done":722,"total":1423,"pct":53}
  █████████████░░░░░░░░░░░░  53%  Streaming frame 726/1423 (4 workers)
@hf-progress {"code":"capture","done":726,"total":1423,"pct":53}
  █████████████░░░░░░░░░░░░  53%  Streaming frame 731/1423 (4 workers)
@hf-progress {"code":"capture","done":731,"total":1423,"pct":53}
  █████████████░░░░░░░░░░░░  53%  Streaming frame 737/1423 (4 workers)
@hf-progress {"code":"capture","done":737,"total":1423,"pct":53}
  █████████████░░░░░░░░░░░░  54%  Streaming frame 742/1423 (4 workers)
@hf-progress {"code":"capture","done":742,"total":1423,"pct":54}
  █████████████░░░░░░░░░░░░  54%  Streaming frame 749/1423 (4 workers)
@hf-progress {"code":"capture","done":749,"total":1423,"pct":54}
  █████████████░░░░░░░░░░░░  54%  Streaming frame 754/1423 (4 workers)
@hf-progress {"code":"capture","done":754,"total":1423,"pct":54}
  █████████████░░░░░░░░░░░░  54%  Streaming frame 760/1423 (4 workers)
@hf-progress {"code":"capture","done":760,"total":1423,"pct":54}
  █████████████░░░░░░░░░░░░  55%  Streaming frame 766/1423 (4 workers)
@hf-progress {"code":"capture","done":766,"total":1423,"pct":55}
  █████████████░░░░░░░░░░░░  55%  Streaming frame 772/1423 (4 workers)
@hf-progress {"code":"capture","done":772,"total":1423,"pct":55}
  █████████████░░░░░░░░░░░░  55%  Streaming frame 778/1423 (4 workers)
@hf-progress {"code":"capture","done":778,"total":1423,"pct":55}
  █████████████░░░░░░░░░░░░  55%  Streaming frame 783/1423 (4 workers)
@hf-progress {"code":"capture","done":783,"total":1423,"pct":55}
  █████████████░░░░░░░░░░░░  55%  Streaming frame 788/1423 (4 workers)
@hf-progress {"code":"capture","done":788,"total":1423,"pct":55}
  ██████████████░░░░░░░░░░░  56%  Streaming frame 794/1423 (4 workers)
@hf-progress {"code":"capture","done":794,"total":1423,"pct":56}
  ██████████████░░░░░░░░░░░  56%  Streaming frame 800/1423 (4 workers)
@hf-progress {"code":"capture","done":800,"total":1423,"pct":56}
  ██████████████░░░░░░░░░░░  56%  Streaming frame 805/1423 (4 workers)
@hf-progress {"code":"capture","done":805,"total":1423,"pct":56}
  ██████████████░░░░░░░░░░░  56%  Streaming frame 812/1423 (4 workers)
@hf-progress {"code":"capture","done":812,"total":1423,"pct":56}
  ██████████████░░░░░░░░░░░  57%  Streaming frame 817/1423 (4 workers)
@hf-progress {"code":"capture","done":817,"total":1423,"pct":57}
  ██████████████░░░░░░░░░░░  57%  Streaming frame 823/1423 (4 workers)
@hf-progress {"code":"capture","done":823,"total":1423,"pct":57}
  ██████████████░░░░░░░░░░░  57%  Streaming frame 828/1423 (4 workers)
@hf-progress {"code":"capture","done":828,"total":1423,"pct":57}
  ██████████████░░░░░░░░░░░  57%  Streaming frame 834/1423 (4 workers)
@hf-progress {"code":"capture","done":834,"total":1423,"pct":57}
  ██████████████░░░░░░░░░░░  57%  Streaming frame 839/1423 (4 workers)
@hf-progress {"code":"capture","done":839,"total":1423,"pct":57}
  ██████████████░░░░░░░░░░░  58%  Streaming frame 844/1423 (4 workers)
@hf-progress {"code":"capture","done":844,"total":1423,"pct":58}
  ██████████████░░░░░░░░░░░  58%  Streaming frame 851/1423 (4 workers)
@hf-progress {"code":"capture","done":851,"total":1423,"pct":58}
  ██████████████░░░░░░░░░░░  58%  Streaming frame 856/1423 (4 workers)
@hf-progress {"code":"capture","done":856,"total":1423,"pct":58}
  ██████████████░░░░░░░░░░░  58%  Streaming frame 863/1423 (4 workers)
@hf-progress {"code":"capture","done":863,"total":1423,"pct":58}
  ██████████████░░░░░░░░░░░  59%  Streaming frame 868/1423 (4 workers)
@hf-progress {"code":"capture","done":868,"total":1423,"pct":59}
  ██████████████░░░░░░░░░░░  59%  Streaming frame 875/1423 (4 workers)
@hf-progress {"code":"capture","done":875,"total":1423,"pct":59}
  ██████████████░░░░░░░░░░░  59%  Streaming frame 880/1423 (4 workers)
@hf-progress {"code":"capture","done":880,"total":1423,"pct":59}
  ██████████████░░░░░░░░░░░  59%  Streaming frame 887/1423 (4 workers)
@hf-progress {"code":"capture","done":887,"total":1423,"pct":59}
  ██████████████░░░░░░░░░░░  59%  Streaming frame 891/1423 (4 workers)
@hf-progress {"code":"capture","done":891,"total":1423,"pct":59}
  ███████████████░░░░░░░░░░  60%  Streaming frame 896/1423 (4 workers)
@hf-progress {"code":"capture","done":896,"total":1423,"pct":60}
  ███████████████░░░░░░░░░░  60%  Streaming frame 903/1423 (4 workers)
@hf-progress {"code":"capture","done":903,"total":1423,"pct":60}
  ███████████████░░░░░░░░░░  60%  Streaming frame 908/1423 (4 workers)
@hf-progress {"code":"capture","done":908,"total":1423,"pct":60}
  ███████████████░░░░░░░░░░  60%  Streaming frame 916/1423 (4 workers)
@hf-progress {"code":"capture","done":916,"total":1423,"pct":60}
  ███████████████░░░░░░░░░░  61%  Streaming frame 925/1423 (4 workers)
@hf-progress {"code":"capture","done":925,"total":1423,"pct":61}
  ███████████████░░░░░░░░░░  61%  Streaming frame 934/1423 (4 workers)
@hf-progress {"code":"capture","done":934,"total":1423,"pct":61}
  ███████████████░░░░░░░░░░  61%  Streaming frame 942/1423 (4 workers)
@hf-progress {"code":"capture","done":942,"total":1423,"pct":61}
  ███████████████░░░░░░░░░░  62%  Streaming frame 949/1423 (4 workers)
@hf-progress {"code":"capture","done":949,"total":1423,"pct":62}
  ███████████████░░░░░░░░░░  62%  Streaming frame 956/1423 (4 workers)
@hf-progress {"code":"capture","done":956,"total":1423,"pct":62}
  ███████████████░░░░░░░░░░  62%  Streaming frame 964/1423 (4 workers)
@hf-progress {"code":"capture","done":964,"total":1423,"pct":62}
  ███████████████░░░░░░░░░░  63%  Streaming frame 973/1423 (4 workers)
@hf-progress {"code":"capture","done":973,"total":1423,"pct":63}
  ███████████████░░░░░░░░░░  63%  Streaming frame 980/1423 (4 workers)
@hf-progress {"code":"capture","done":980,"total":1423,"pct":63}
  ███████████████░░░░░░░░░░  63%  Streaming frame 988/1423 (4 workers)
@hf-progress {"code":"capture","done":988,"total":1423,"pct":63}
  ███████████████░░░░░░░░░░  63%  Streaming frame 996/1423 (4 workers)
@hf-progress {"code":"capture","done":996,"total":1423,"pct":63}
  ████████████████░░░░░░░░░  64%  Streaming frame 1004/1423 (4 workers)
@hf-progress {"code":"capture","done":1004,"total":1423,"pct":64}
  ████████████████░░░░░░░░░  64%  Streaming frame 1012/1423 (4 workers)
@hf-progress {"code":"capture","done":1012,"total":1423,"pct":64}
  ████████████████░░░░░░░░░  64%  Streaming frame 1020/1423 (4 workers)
@hf-progress {"code":"capture","done":1020,"total":1423,"pct":64}
  ████████████████░░░░░░░░░  65%  Streaming frame 1024/1423 (4 workers)
@hf-progress {"code":"capture","done":1024,"total":1423,"pct":65}
  ████████████████░░░░░░░░░  65%  Streaming frame 1029/1423 (4 workers)
@hf-progress {"code":"capture","done":1029,"total":1423,"pct":65}
  ████████████████░░░░░░░░░  65%  Streaming frame 1033/1423 (4 workers)
@hf-progress {"code":"capture","done":1033,"total":1423,"pct":65}
  ████████████████░░░░░░░░░  65%  Streaming frame 1039/1423 (4 workers)
@hf-progress {"code":"capture","done":1039,"total":1423,"pct":65}
  ████████████████░░░░░░░░░  65%  Streaming frame 1044/1423 (4 workers)
@hf-progress {"code":"capture","done":1044,"total":1423,"pct":65}
  ████████████████░░░░░░░░░  66%  Streaming frame 1049/1423 (4 workers)
@hf-progress {"code":"capture","done":1049,"total":1423,"pct":66}
  ████████████████░░░░░░░░░  66%  Streaming frame 1055/1423 (4 workers)
@hf-progress {"code":"capture","done":1055,"total":1423,"pct":66}
  ████████████████░░░░░░░░░  66%  Streaming frame 1060/1423 (4 workers)
@hf-progress {"code":"capture","done":1060,"total":1423,"pct":66}
  ████████████████░░░░░░░░░  66%  Streaming frame 1066/1423 (4 workers)
@hf-progress {"code":"capture","done":1066,"total":1423,"pct":66}
  ████████████████░░░░░░░░░  66%  Streaming frame 1071/1423 (4 workers)
@hf-progress {"code":"capture","done":1071,"total":1423,"pct":66}
  ████████████████░░░░░░░░░  67%  Streaming frame 1076/1423 (4 workers)
@hf-progress {"code":"capture","done":1076,"total":1423,"pct":67}
  ████████████████░░░░░░░░░  67%  Streaming frame 1082/1423 (4 workers)
@hf-progress {"code":"capture","done":1082,"total":1423,"pct":67}
  ████████████████░░░░░░░░░  67%  Streaming frame 1087/1423 (4 workers)
@hf-progress {"code":"capture","done":1087,"total":1423,"pct":67}
  ████████████████░░░░░░░░░  67%  Streaming frame 1092/1423 (4 workers)
@hf-progress {"code":"capture","done":1092,"total":1423,"pct":67}
  ████████████████░░░░░░░░░  67%  Streaming frame 1098/1423 (4 workers)
@hf-progress {"code":"capture","done":1098,"total":1423,"pct":67}
  █████████████████░░░░░░░░  68%  Streaming frame 1104/1423 (4 workers)
@hf-progress {"code":"capture","done":1104,"total":1423,"pct":68}
  █████████████████░░░░░░░░  68%  Streaming frame 1109/1423 (4 workers)
@hf-progress {"code":"capture","done":1109,"total":1423,"pct":68}
  █████████████████░░░░░░░░  68%  Streaming frame 1115/1423 (4 workers)
@hf-progress {"code":"capture","done":1115,"total":1423,"pct":68}
  █████████████████░░░░░░░░  68%  Streaming frame 1120/1423 (4 workers)
@hf-progress {"code":"capture","done":1120,"total":1423,"pct":68}
  █████████████████░░░░░░░░  69%  Streaming frame 1127/1423 (4 workers)
@hf-progress {"code":"capture","done":1127,"total":1423,"pct":69}
  █████████████████░░░░░░░░  69%  Streaming frame 1132/1423 (4 workers)
@hf-progress {"code":"capture","done":1132,"total":1423,"pct":69}
  █████████████████░░░░░░░░  69%  Streaming frame 1139/1423 (4 workers)
@hf-progress {"code":"capture","done":1139,"total":1423,"pct":69}
  █████████████████░░░░░░░░  69%  Streaming frame 1144/1423 (4 workers)
@hf-progress {"code":"capture","done":1144,"total":1423,"pct":69}
  █████████████████░░░░░░░░  69%  Streaming frame 1151/1423 (4 workers)
@hf-progress {"code":"capture","done":1151,"total":1423,"pct":69}
  █████████████████░░░░░░░░  70%  Streaming frame 1156/1423 (4 workers)
@hf-progress {"code":"capture","done":1156,"total":1423,"pct":70}
  █████████████████░░░░░░░░  70%  Streaming frame 1163/1423 (4 workers)
@hf-progress {"code":"capture","done":1163,"total":1423,"pct":70}
  █████████████████░░░░░░░░  70%  Streaming frame 1168/1423 (4 workers)
@hf-progress {"code":"capture","done":1168,"total":1423,"pct":70}
  █████████████████░░░░░░░░  70%  Streaming frame 1175/1423 (4 workers)
@hf-progress {"code":"capture","done":1175,"total":1423,"pct":70}
  █████████████████░░░░░░░░  71%  Streaming frame 1184/1423 (4 workers)
@hf-progress {"code":"capture","done":1184,"total":1423,"pct":71}
  █████████████████░░░░░░░░  71%  Streaming frame 1200/1423 (4 workers)
@hf-progress {"code":"capture","done":1200,"total":1423,"pct":71}
  ██████████████████░░░░░░░  72%  Streaming frame 1216/1423 (4 workers)
@hf-progress {"code":"capture","done":1216,"total":1423,"pct":72}
  ██████████████████░░░░░░░  73%  Streaming frame 1232/1423 (4 workers)
@hf-progress {"code":"capture","done":1232,"total":1423,"pct":73}
[INFO] [Render:trace] {"renderJobId":"f6b6abb2-bed4-4d00-8bd7-36aa0d68d2dc","phase":"capture_streaming","status":"checkpoint","elapsedMs":67667,"message":"stage still running","stagePhase":"capturing","workerCount":4,"forceScreenshot":false,"totalFrames":1423,"framesCompleted":1235,"captureMode":"beginframe","captureOperation":"beginFrame","heartbeatIndex":2,"stageElapsedMs":60003}
  ██████████████████░░░░░░░  73%  Streaming frame 1248/1423 (4 workers)
@hf-progress {"code":"capture","done":1248,"total":1423,"pct":73}
  ██████████████████░░░░░░░  74%  Streaming frame 1264/1423 (4 workers)
@hf-progress {"code":"capture","done":1264,"total":1423,"pct":74}
  ██████████████████░░░░░░░  74%  Streaming frame 1276/1423 (4 workers)
@hf-progress {"code":"capture","done":1276,"total":1423,"pct":74}
  ██████████████████░░░░░░░  75%  Streaming frame 1290/1423 (4 workers)
@hf-progress {"code":"capture","done":1290,"total":1423,"pct":75}
  ██████████████████░░░░░░░  75%  Streaming frame 1303/1423 (4 workers)
@hf-progress {"code":"capture","done":1303,"total":1423,"pct":75}
  ███████████████████░░░░░░  76%  Streaming frame 1316/1423 (4 workers)
@hf-progress {"code":"capture","done":1316,"total":1423,"pct":76}
  ███████████████████░░░░░░  76%  Streaming frame 1330/1423 (4 workers)
@hf-progress {"code":"capture","done":1330,"total":1423,"pct":76}
  ███████████████████░░░░░░  77%  Streaming frame 1343/1423 (4 workers)
@hf-progress {"code":"capture","done":1343,"total":1423,"pct":77}
  ███████████████████░░░░░░  77%  Streaming frame 1357/1423 (4 workers)
@hf-progress {"code":"capture","done":1357,"total":1423,"pct":77}
  ███████████████████░░░░░░  78%  Streaming frame 1370/1423 (4 workers)
@hf-progress {"code":"capture","done":1370,"total":1423,"pct":78}
  ███████████████████░░░░░░  79%  Streaming frame 1386/1423 (4 workers)
@hf-progress {"code":"capture","done":1386,"total":1423,"pct":79}
  ███████████████████░░░░░░  79%  Streaming frame 1402/1423 (4 workers)
@hf-progress {"code":"capture","done":1402,"total":1423,"pct":79}
  ████████████████████░░░░░  80%  Streaming frame 1418/1423 (4 workers)
@hf-progress {"code":"capture","done":1418,"total":1423,"pct":80}
  ████████████████████░░░░░  80%  Streaming frame 1423/1423 (4 workers)
@hf-progress {"code":"capture","done":1423,"total":1423,"pct":80}
  ██████████████████████░░░  90%  Encoding frame 1420/1423
@hf-progress {"code":"encode","done":1420,"total":1423,"pct":90}
  ██████████████████████░░░  90%  Encoding frame 1423/1423
@hf-progress {"code":"encode","done":1423,"total":1423,"pct":90}
[INFO] [Render:trace] {"renderJobId":"f6b6abb2-bed4-4d00-8bd7-36aa0d68d2dc","phase":"capture_streaming","status":"end","elapsedMs":72021,"durationMs":64357,"stagePhase":"capturing","workerCount":4,"forceScreenshot":false,"totalFrames":1423,"framesCompleted":1423,"captureMode":"beginframe","captureOperation":"encode"}
[INFO] [Render:trace] {"renderJobId":"f6b6abb2-bed4-4d00-8bd7-36aa0d68d2dc","phase":"assemble","status":"start","elapsedMs":72024,"stagePhase":"capturing","hasAudio":true,"workerCount":4,"forceScreenshot":false,"totalFrames":1423,"framesCompleted":1423,"captureMode":"beginframe","captureOperation":"encode"}
  ██████████████████████░░░  90%  Assembling final video
@hf-progress {"code":"assemble","done":0,"total":47.407407,"pct":90}
  ████████████████████████░  99%  Assembling final video
@hf-progress {"code":"assemble","done":47.407407,"total":47.407407,"pct":99}
[INFO] [Render:trace] {"renderJobId":"f6b6abb2-bed4-4d00-8bd7-36aa0d68d2dc","phase":"assemble","status":"end","elapsedMs":74906,"durationMs":2882,"stagePhase":"capturing","hasAudio":true,"workerCount":4,"forceScreenshot":false,"totalFrames":1423,"framesCompleted":1423,"captureMode":"beginframe","captureOperation":"encode"}
[INFO] [Render:trace] {"renderJobId":"f6b6abb2-bed4-4d00-8bd7-36aa0d68d2dc","phase":"pipeline","status":"checkpoint","elapsedMs":75176,"message":"artifact validated","totalElapsedMs":75105}
  █████████████████████████  100%  Render complete

◇  /home/xzy/xzy_project/robostream++/outputs/mind2act-hyperframes-blank-20261010-111117/renders/mind2act-world-promo-1080p-20261010-130800.mp4
   58.8 MB · 47.4s video · rendered in 1m 17.7s
   beginframe capture · hardware gpu · compile 2.2s · extract 0.7s · audio 2.4s · probe 1.0s · setup 2.3s · capture 1m 4.4s · encode (during capture) 1m 3.2s · assemble 2.9s
   Keep editing by chatting with Framey in the HyperFrames desktop app → https://hyperframes.dev/studio/download?os=linux
