
◆  Rendering mind2act-hyperframes-blank-20261010-111117 → /home/xzy/xzy_project/robostream++/outputs/mind2act-hyperframes-blank-20261010-111117/renders/mind2act-world-promo-1080p-20261010-125815.mp4
   30fps · high · 4 workers
   GPU: encoder GPU + browser GPU (auto-detect)

[?25l│
◒  Checking browser[1G[J◐  Checking browser[1G[J◇  Browser: env
[?25h[INFO] [Render] Pipeline started {"renderJobId":"99463c9c-7965-46dd-8ece-26135d784b67","platform":"linux","arch":"x64","nodeVersion":"v22.23.3","fps":{"num":30,"den":1},"format":"mp4","quality":"high","browserGpuMode":"auto","forceScreenshot":false,"protocolTimeout":300000,"browserTimeout":120000,"pageNavigationTimeout":60000,"playerReadyTimeout":45000}
[INFO] [Render:trace] {"renderJobId":"99463c9c-7965-46dd-8ece-26135d784b67","phase":"pipeline","status":"checkpoint","elapsedMs":6,"message":"started","format":"mp4","quality":"high","browserGpuMode":"auto","forceScreenshot":false,"protocolTimeoutMs":300000,"pageNavigationTimeoutMs":60000,"playerReadyTimeoutMs":45000,"requestedWorkers":4}
[INFO] [Render:trace] {"renderJobId":"99463c9c-7965-46dd-8ece-26135d784b67","phase":"compile","status":"start","elapsedMs":9,"needsAlpha":false}
  █░░░░░░░░░░░░░░░░░░░░░░░░  5%  Compiling composition
@hf-progress {"code":"compile","pct":5}
[INFO] [Compiler] Embedded local font file: assets/fonts/SpaceGrotesk-400.ttf (68 KB → data URI)
[INFO] [Compiler] Embedded local font file: assets/fonts/SpaceGrotesk-500.ttf (68 KB → data URI)
[INFO] [Compiler] Embedded local font file: assets/fonts/SpaceGrotesk-600.ttf (68 KB → data URI)
[INFO] [Compiler] Embedded local font file: assets/fonts/SpaceGrotesk-700.ttf (68 KB → data URI)
[INFO] [Compiler] Embedded local font file: assets/fonts/IBMPlexMono-400.ttf (126 KB → data URI)
[INFO] [Compiler] Embedded local font file: assets/fonts/IBMPlexMono-500.ttf (127 KB → data URI)
[INFO] Compiled composition metadata {"renderJobId":"99463c9c-7965-46dd-8ece-26135d784b67","entryFile":"index.html","staticDuration":47.407407,"width":1920,"height":1080,"videoCount":14,"audioCount":1,"renderModeHints":{"recommendScreenshot":false,"reasons":[]}}
[INFO] [Render:trace] {"renderJobId":"99463c9c-7965-46dd-8ece-26135d784b67","phase":"compile","status":"end","elapsedMs":3248,"durationMs":3239,"needsAlpha":false}
[INFO] [Render:trace] {"renderJobId":"99463c9c-7965-46dd-8ece-26135d784b67","phase":"compile","status":"checkpoint","elapsedMs":3263,"message":"composition metadata resolved","width":1920,"height":1080,"videoCount":14,"audioCount":1,"imageCount":11,"deviceScaleFactor":1,"forceScreenshot":false,"compositionHash":"c0a9a875621de204"}
[INFO] [Render:trace] {"renderJobId":"99463c9c-7965-46dd-8ece-26135d784b67","phase":"browser_probe","status":"start","elapsedMs":3264,"forceScreenshot":false,"stagePhase":"calibrating"}
[WARN] [Compiler] WARNING: Video "intro-allvid" has sparse keyframes (max interval: 5.5s). This causes seek failures and frame freezing. Re-encode with: ffmpeg -i "assets/generated/montage/all-cases-mosaic.mp4" -c:v libx264 -r 30 -g 30 -keyint_min 30 -movflags +faststart -c:a copy output.mp4
[WARN] [Compiler] WARNING: Video "intro-source" has sparse keyframes (max interval: 3.73s). This causes seek failures and frame freezing. Re-encode with: ffmpeg -i "assets/generated/cases/piano-play.mp4" -c:v libx264 -r 30 -g 30 -keyint_min 30 -movflags +faststart -c:a copy output.mp4
[WARN] [Compiler] WARNING: Video "piano-replay" has sparse keyframes (max interval: 3.73s). This causes seek failures and frame freezing. Re-encode with: ffmpeg -i "assets/generated/cases/piano-play.mp4" -c:v libx264 -r 30 -g 30 -keyint_min 30 -movflags +faststart -c:a copy output.mp4
[WARN] [Compiler] WARNING: Video "mind-grasp" has sparse keyframes (max interval: 3.2s). This causes seek failures and frame freezing. Re-encode with: ffmpeg -i "assets/generated/cases/p-action1.mp4" -c:v libx264 -r 30 -g 30 -keyint_min 30 -movflags +faststart -c:a copy output.mp4
[WARN] [Compiler] WARNING: Video "scale-mosaic" has sparse keyframes (max interval: 5.5s). This causes seek failures and frame freezing. Re-encode with: ffmpeg -i "assets/generated/montage/all-cases-mosaic.mp4" -c:v libx264 -r 30 -g 30 -keyint_min 30 -movflags +faststart -c:a copy output.mp4
[WARN] [Compiler] WARNING: Video "mind-place" has sparse keyframes (max interval: 2.77s). This causes seek failures and frame freezing. Re-encode with: ffmpeg -i "assets/generated/cases/p-action2.mp4" -c:v libx264 -r 30 -g 30 -keyint_min 30 -movflags +faststart -c:a copy output.mp4
[WARN] [Compiler] WARNING: Video "act-drawing" has sparse keyframes (max interval: 6s). This causes seek failures and frame freezing. Re-encode with: ffmpeg -i "assets/generated/cases/act-draw.mp4" -c:v libx264 -r 30 -g 30 -keyint_min 30 -movflags +faststart -c:a copy output.mp4
[WARN] [Compiler] WARNING: Video "act-inset-video" has sparse keyframes (max interval: 6s). This causes seek failures and frame freezing. Re-encode with: ffmpeg -i "assets/generated/cases/act-detail.mp4" -c:v libx264 -r 30 -g 30 -keyint_min 30 -movflags +faststart -c:a copy output.mp4
[INFO] [Render:trace] {"renderJobId":"99463c9c-7965-46dd-8ece-26135d784b67","phase":"browser_probe","status":"end","elapsedMs":4305,"durationMs":1040,"forceScreenshot":false,"stagePhase":"calibrating"}
[INFO] [Render:trace] {"renderJobId":"99463c9c-7965-46dd-8ece-26135d784b67","phase":"browser_probe","status":"checkpoint","elapsedMs":4319,"message":"duration resolved","durationSeconds":47.407407,"totalFrames":1423,"compositionHash":"c0a9a875621de204","beginFrameStalled":false}
[INFO] [Render:trace] {"renderJobId":"99463c9c-7965-46dd-8ece-26135d784b67","phase":"video_extract","status":"start","elapsedMs":4320,"videoCount":14}
[INFO] Probing video color spaces... {"renderJobId":"99463c9c-7965-46dd-8ece-26135d784b67","videoCount":14}
  ██░░░░░░░░░░░░░░░░░░░░░░░  10%  Extracting video frames
@hf-progress {"code":"extract_video","pct":10}
[INFO] Extracting frames from video 1/14 {"renderJobId":"99463c9c-7965-46dd-8ece-26135d784b67","sourceType":"local"}
[INFO] Extracting frames from video 2/14 {"renderJobId":"99463c9c-7965-46dd-8ece-26135d784b67","sourceType":"local"}
[INFO] Extracting frames from video 3/14 {"renderJobId":"99463c9c-7965-46dd-8ece-26135d784b67","sourceType":"local"}
[INFO] Extracting frames from video 4/14 {"renderJobId":"99463c9c-7965-46dd-8ece-26135d784b67","sourceType":"local"}
[INFO] Extracting frames from video 5/14 {"renderJobId":"99463c9c-7965-46dd-8ece-26135d784b67","sourceType":"local"}
[INFO] Extracting frames from video 6/14 {"renderJobId":"99463c9c-7965-46dd-8ece-26135d784b67","sourceType":"local"}
[INFO] Extracting frames from video 7/14 {"renderJobId":"99463c9c-7965-46dd-8ece-26135d784b67","sourceType":"local"}
[INFO] Extracting frames from video 8/14 {"renderJobId":"99463c9c-7965-46dd-8ece-26135d784b67","sourceType":"local"}
[INFO] Extracting frames from video 9/14 {"renderJobId":"99463c9c-7965-46dd-8ece-26135d784b67","sourceType":"local"}
[INFO] Extracting frames from video 10/14 {"renderJobId":"99463c9c-7965-46dd-8ece-26135d784b67","sourceType":"local"}
[INFO] Extracting frames from video 11/14 {"renderJobId":"99463c9c-7965-46dd-8ece-26135d784b67","sourceType":"local"}
[INFO] Extracting frames from video 12/14 {"renderJobId":"99463c9c-7965-46dd-8ece-26135d784b67","sourceType":"local"}
[INFO] Extracting frames from video 13/14 {"renderJobId":"99463c9c-7965-46dd-8ece-26135d784b67","sourceType":"local"}
[INFO] Extracting frames from video 14/14 {"renderJobId":"99463c9c-7965-46dd-8ece-26135d784b67","sourceType":"local"}
[INFO] [Render:trace] {"renderJobId":"99463c9c-7965-46dd-8ece-26135d784b67","phase":"video_extract","status":"end","elapsedMs":6999,"durationMs":2679,"videoCount":14}
[INFO] [Render:trace] {"renderJobId":"99463c9c-7965-46dd-8ece-26135d784b67","phase":"video_extract","status":"checkpoint","elapsedMs":7016,"message":"frames resolved","videoCount":14,"extractedVideoCount":14,"totalFramesExtracted":1296,"maxFramesPerVideo":162,"avgFramesPerExtractedVideo":93,"vfrPreflightCount":0,"vfrPreflightMs":0,"cacheHits":0,"cacheMisses":14,"transientRetries":0,"minVideoFrameCoverageRatio":1,"authoredTimedClipCount":22}
[INFO] [Render] No HDR sources detected — rendering SDR {"renderJobId":"99463c9c-7965-46dd-8ece-26135d784b67"}
[INFO] [Render:trace] {"renderJobId":"99463c9c-7965-46dd-8ece-26135d784b67","phase":"hdr_detection","status":"checkpoint","elapsedMs":7017,"message":"resolved","requestedHdrMode":"auto","effectiveHdr":"sdr","nativeHdrVideoCount":0,"nativeHdrImageCount":0}
[INFO] [Render:trace] {"renderJobId":"99463c9c-7965-46dd-8ece-26135d784b67","phase":"audio_process","status":"start","elapsedMs":7018,"audioCount":1}
  █████░░░░░░░░░░░░░░░░░░░░  20%  Processing audio tracks
@hf-progress {"code":"process_audio","pct":20}
[INFO] [Render:trace] {"renderJobId":"99463c9c-7965-46dd-8ece-26135d784b67","phase":"audio_process","status":"end","elapsedMs":9487,"durationMs":2469,"audioCount":1}
[INFO] [Render:trace] {"renderJobId":"99463c9c-7965-46dd-8ece-26135d784b67","phase":"file_server","status":"start","elapsedMs":9488,"reused":false}
  ██████░░░░░░░░░░░░░░░░░░░  25%  Starting frame capture
@hf-progress {"code":"start_browsers","pct":25}
[INFO] [Render:trace] {"renderJobId":"99463c9c-7965-46dd-8ece-26135d784b67","phase":"file_server","status":"end","elapsedMs":9513,"durationMs":25}
  ██████░░░░░░░░░░░░░░░░░░░  25%  Checking browser GPU
@hf-progress {"code":"start_browsers","pct":25}
[hyperframes] browserGpuMode probe → hardware (WebGL renderer vendor="Google Inc. (NVIDIA Corporation)" renderer="ANGLE (NVIDIA Corporation, NVIDIA RTX PRO 6000 Blackwell Max-Q Workstation Edition/PCIe/SSE2, OpenGL ES 3.2)")
[INFO] [Render:trace] {"renderJobId":"99463c9c-7965-46dd-8ece-26135d784b67","phase":"capture_calibration","status":"checkpoint","elapsedMs":10545,"message":"skipped","requestedWorkers":4,"totalFrames":1423,"htmlInCanvasDetected":false,"lowMemoryMode":false,"deInversionEligible":false,"deParallelRouterEligible":false}
[INFO] [Render:trace] {"renderJobId":"99463c9c-7965-46dd-8ece-26135d784b67","phase":"worker_resolution","status":"checkpoint","elapsedMs":11251,"message":"resolved","workerCount":4}
[INFO] [Render] Parallel beginframe capture will stream to the encoder (interleaved, 4 workers) instead of the disk path. Set HF_CAPTURE_PARALLEL_STREAM=false to disable. {"renderJobId":"99463c9c-7965-46dd-8ece-26135d784b67"}
[INFO] [Render:trace] {"renderJobId":"99463c9c-7965-46dd-8ece-26135d784b67","phase":"worker_resolution","status":"checkpoint","elapsedMs":11252,"message":"parallel beginframe capture routed to streaming"}
[INFO] streaming-encode gate {"renderJobId":"99463c9c-7965-46dd-8ece-26135d784b67","enabled":true,"reason":"parallel_forced","configFlag":true,"durationCapEnabled":false,"outputFormat":"mp4","workerCount":4,"durationSeconds":47.407407,"maxDurationSeconds":240}
[INFO] [Render:trace] {"renderJobId":"99463c9c-7965-46dd-8ece-26135d784b67","phase":"capture_strategy","status":"checkpoint","elapsedMs":11254,"message":"resolved","workerCount":4,"forceScreenshot":false,"captureBeyondViewport":true,"useStreamingEncode":true,"useLayeredComposite":false,"usePageSideCompositing":false,"hasHdrContent":false,"hasShaderTransitions":false,"isPngSequence":false}
[INFO] [Render:trace] {"renderJobId":"99463c9c-7965-46dd-8ece-26135d784b67","phase":"capture_streaming","status":"start","elapsedMs":11255,"stagePhase":"capturing","workerCount":4,"forceScreenshot":false,"totalFrames":1423,"framesCompleted":0,"captureMode":"beginframe","captureOperation":"beginFrame"}
[INFO] [Render] Parallel capture worker phase {"renderJobId":"99463c9c-7965-46dd-8ece-26135d784b67","workerId":0,"phase":"browser_launch","browserExecutable":"/home/xzy/.cache/puppeteer/chrome-headless-shell/linux-148.0.7778.97/chrome-headless-shell-linux64/chrome-headless-shell","browserVersion":"unknown","canvasDrawElement":"unknown","gpuBackend":"unknown"}
[INFO] [Render] Parallel capture worker phase {"renderJobId":"99463c9c-7965-46dd-8ece-26135d784b67","workerId":1,"phase":"browser_launch","browserExecutable":"/home/xzy/.cache/puppeteer/chrome-headless-shell/linux-148.0.7778.97/chrome-headless-shell-linux64/chrome-headless-shell","browserVersion":"unknown","canvasDrawElement":"unknown","gpuBackend":"unknown"}
[INFO] [Render] Parallel capture worker phase {"renderJobId":"99463c9c-7965-46dd-8ece-26135d784b67","workerId":2,"phase":"browser_launch","browserExecutable":"/home/xzy/.cache/puppeteer/chrome-headless-shell/linux-148.0.7778.97/chrome-headless-shell-linux64/chrome-headless-shell","browserVersion":"unknown","canvasDrawElement":"unknown","gpuBackend":"unknown"}
[INFO] [Render] Parallel capture worker phase {"renderJobId":"99463c9c-7965-46dd-8ece-26135d784b67","workerId":3,"phase":"browser_launch","browserExecutable":"/home/xzy/.cache/puppeteer/chrome-headless-shell/linux-148.0.7778.97/chrome-headless-shell-linux64/chrome-headless-shell","browserVersion":"unknown","canvasDrawElement":"unknown","gpuBackend":"unknown"}
  ██████░░░░░░░░░░░░░░░░░░░  25%  Starting browsers (0/4 ready)
@hf-progress {"code":"start_browsers","done":0,"total":4,"pct":25}
[BrowserManager] Browser launched (HeadlessChrome/148.0.7778.97, beginframe, gl=--use-gl=angle --use-angle=gl-egl, headlessShell=true, platform=linux)
[BrowserManager] Browser launched (HeadlessChrome/148.0.7778.97, beginframe, gl=--use-gl=angle --use-angle=gl-egl, headlessShell=true, platform=linux)
[BrowserManager] Browser launched (HeadlessChrome/148.0.7778.97, beginframe, gl=--use-gl=angle --use-angle=gl-egl, headlessShell=true, platform=linux)
[BrowserManager] Browser launched (HeadlessChrome/148.0.7778.97, beginframe, gl=--use-gl=angle --use-angle=gl-egl, headlessShell=true, platform=linux)
[INFO] [Render] Parallel capture worker phase {"renderJobId":"99463c9c-7965-46dd-8ece-26135d784b67","workerId":0,"phase":"browser_probe","browserExecutable":"/home/xzy/.cache/puppeteer/chrome-headless-shell/linux-148.0.7778.97/chrome-headless-shell-linux64/chrome-headless-shell","browserVersion":"unknown","canvasDrawElement":"unknown","gpuBackend":"unknown"}
[INFO] [Render] Parallel capture worker phase {"renderJobId":"99463c9c-7965-46dd-8ece-26135d784b67","workerId":0,"phase":"session_init","browserExecutable":"/home/xzy/.cache/puppeteer/chrome-headless-shell/linux-148.0.7778.97/chrome-headless-shell-linux64/chrome-headless-shell","browserVersion":"HeadlessChrome/148.0.7778.97","canvasDrawElement":"unknown","gpuBackend":"unknown"}
[initSession:beginframe] warmup loop started (0ms)
[initSession:beginframe] page.goto start (2ms)
[INFO] [Render] Parallel capture worker phase {"renderJobId":"99463c9c-7965-46dd-8ece-26135d784b67","workerId":2,"phase":"browser_probe","browserExecutable":"/home/xzy/.cache/puppeteer/chrome-headless-shell/linux-148.0.7778.97/chrome-headless-shell-linux64/chrome-headless-shell","browserVersion":"unknown","canvasDrawElement":"unknown","gpuBackend":"unknown"}
[INFO] [Render] Parallel capture worker phase {"renderJobId":"99463c9c-7965-46dd-8ece-26135d784b67","workerId":2,"phase":"session_init","browserExecutable":"/home/xzy/.cache/puppeteer/chrome-headless-shell/linux-148.0.7778.97/chrome-headless-shell-linux64/chrome-headless-shell","browserVersion":"HeadlessChrome/148.0.7778.97","canvasDrawElement":"unknown","gpuBackend":"unknown"}
[initSession:beginframe] warmup loop started (0ms)
[initSession:beginframe] page.goto start (0ms)
[INFO] [Render] Parallel capture worker phase {"renderJobId":"99463c9c-7965-46dd-8ece-26135d784b67","workerId":3,"phase":"browser_probe","browserExecutable":"/home/xzy/.cache/puppeteer/chrome-headless-shell/linux-148.0.7778.97/chrome-headless-shell-linux64/chrome-headless-shell","browserVersion":"unknown","canvasDrawElement":"unknown","gpuBackend":"unknown"}
[INFO] [Render] Parallel capture worker phase {"renderJobId":"99463c9c-7965-46dd-8ece-26135d784b67","workerId":3,"phase":"session_init","browserExecutable":"/home/xzy/.cache/puppeteer/chrome-headless-shell/linux-148.0.7778.97/chrome-headless-shell-linux64/chrome-headless-shell","browserVersion":"HeadlessChrome/148.0.7778.97","canvasDrawElement":"unknown","gpuBackend":"unknown"}
[initSession:beginframe] warmup loop started (0ms)
[initSession:beginframe] page.goto start (0ms)
[INFO] [Render] Parallel capture worker phase {"renderJobId":"99463c9c-7965-46dd-8ece-26135d784b67","workerId":1,"phase":"browser_probe","browserExecutable":"/home/xzy/.cache/puppeteer/chrome-headless-shell/linux-148.0.7778.97/chrome-headless-shell-linux64/chrome-headless-shell","browserVersion":"unknown","canvasDrawElement":"unknown","gpuBackend":"unknown"}
[INFO] [Render] Parallel capture worker phase {"renderJobId":"99463c9c-7965-46dd-8ece-26135d784b67","workerId":1,"phase":"session_init","browserExecutable":"/home/xzy/.cache/puppeteer/chrome-headless-shell/linux-148.0.7778.97/chrome-headless-shell-linux64/chrome-headless-shell","browserVersion":"HeadlessChrome/148.0.7778.97","canvasDrawElement":"unknown","gpuBackend":"unknown"}
[initSession:beginframe] warmup loop started (0ms)
[initSession:beginframe] page.goto start (0ms)
[initSession:beginframe] page.goto complete (2173ms)
[initSession:beginframe] page.goto complete (2210ms)
[HyperFrames] render runtime fps {"canonicalFps":30,"source":"render-options","rawFpsSource":"render-options","rawFps":30}
[HyperFrames] render runtime fps {"canonicalFps":30,"source":"render-options","rawFpsSource":"render-options","rawFps":30}
[initSession:beginframe] page.goto complete (1295ms)
[initSession:beginframe] GSAP proxy flush complete (2346ms)
[initSession:beginframe] GSAP proxy flush complete (2376ms)
[initSession:beginframe] pollHfReady complete (2377ms)
[initSession:beginframe] pollHfReady complete (2350ms)
[initSession:beginframe] pollSubCompositionTimelines complete (ready) (2383ms)
[initSession:beginframe] pollSubCompositionTimelines complete (ready) (2357ms)
[initSession:beginframe] applyVideoMetadataHints complete (2391ms)
[initSession:beginframe] applyVideoMetadataHints complete (2365ms)
[initSession:beginframe] page.goto complete (1375ms)
[initSession:beginframe] GSAP proxy flush complete (1370ms)
[HyperFrames] render runtime fps {"canonicalFps":30,"source":"render-options","rawFpsSource":"render-options","rawFps":30}
[HyperFrames] render runtime fps {"canonicalFps":30,"source":"render-options","rawFpsSource":"render-options","rawFps":30}
[initSession:beginframe] media + fonts + tailwind ready (2450ms)
[initSession:beginframe] static-frame dedup: disabled (capture mode beginframe, not screenshot) (2493ms)
[INFO] [Render] Parallel capture worker phase {"renderJobId":"99463c9c-7965-46dd-8ece-26135d784b67","workerId":2,"phase":"frame_capture","frameIndex":2,"browserExecutable":"/home/xzy/.cache/puppeteer/chrome-headless-shell/linux-148.0.7778.97/chrome-headless-shell-linux64/chrome-headless-shell","browserVersion":"HeadlessChrome/148.0.7778.97","canvasDrawElement":false,"gpuBackend":"unknown"}
  ██████░░░░░░░░░░░░░░░░░░░  25%  Starting browsers (1/4 ready)
@hf-progress {"code":"start_browsers","done":1,"total":4,"pct":25}
[initSession:beginframe] media + fonts + tailwind ready (2545ms)
[initSession:beginframe] GSAP proxy flush complete (1533ms)
[initSession:beginframe] static-frame dedup: disabled (capture mode beginframe, not screenshot) (2586ms)
[INFO] [Render] Parallel capture worker phase {"renderJobId":"99463c9c-7965-46dd-8ece-26135d784b67","workerId":0,"phase":"frame_capture","frameIndex":0,"browserExecutable":"/home/xzy/.cache/puppeteer/chrome-headless-shell/linux-148.0.7778.97/chrome-headless-shell-linux64/chrome-headless-shell","browserVersion":"HeadlessChrome/148.0.7778.97","canvasDrawElement":false,"gpuBackend":"unknown"}
[initSession:beginframe] pollHfReady complete (1644ms)
[initSession:beginframe] pollHfReady complete (1699ms)
[initSession:beginframe] pollSubCompositionTimelines complete (ready) (1733ms)
[initSession:beginframe] applyVideoMetadataHints complete (1736ms)
[initSession:beginframe] pollSubCompositionTimelines complete (ready) (1766ms)
[initSession:beginframe] applyVideoMetadataHints complete (1770ms)
[initSession:beginframe] media + fonts + tailwind ready (1872ms)
[initSession:beginframe] static-frame dedup: disabled (capture mode beginframe, not screenshot) (1902ms)
[INFO] [Render] Parallel capture worker phase {"renderJobId":"99463c9c-7965-46dd-8ece-26135d784b67","workerId":3,"phase":"frame_capture","frameIndex":3,"browserExecutable":"/home/xzy/.cache/puppeteer/chrome-headless-shell/linux-148.0.7778.97/chrome-headless-shell-linux64/chrome-headless-shell","browserVersion":"HeadlessChrome/148.0.7778.97","canvasDrawElement":false,"gpuBackend":"unknown"}
  ██████░░░░░░░░░░░░░░░░░░░  25%  Starting browsers (3/4 ready)
@hf-progress {"code":"start_browsers","done":3,"total":4,"pct":25}
[initSession:beginframe] media + fonts + tailwind ready (1916ms)
[initSession:beginframe] static-frame dedup: disabled (capture mode beginframe, not screenshot) (1967ms)
[INFO] [Render] Parallel capture worker phase {"renderJobId":"99463c9c-7965-46dd-8ece-26135d784b67","workerId":1,"phase":"frame_capture","frameIndex":1,"browserExecutable":"/home/xzy/.cache/puppeteer/chrome-headless-shell/linux-148.0.7778.97/chrome-headless-shell-linux64/chrome-headless-shell","browserVersion":"HeadlessChrome/148.0.7778.97","canvasDrawElement":false,"gpuBackend":"unknown"}
  ██████░░░░░░░░░░░░░░░░░░░  25%  Streaming frame 1/1423 (4 workers)
@hf-progress {"code":"capture","done":1,"total":1423,"pct":25}
  ██████░░░░░░░░░░░░░░░░░░░  25%  Streaming frame 2/1423 (4 workers)
@hf-progress {"code":"capture","done":2,"total":1423,"pct":25}
  ██████░░░░░░░░░░░░░░░░░░░  25%  Streaming frame 6/1423 (4 workers)
@hf-progress {"code":"capture","done":6,"total":1423,"pct":25}
  ██████░░░░░░░░░░░░░░░░░░░  25%  Streaming frame 10/1423 (4 workers)
@hf-progress {"code":"capture","done":10,"total":1423,"pct":25}
  ██████░░░░░░░░░░░░░░░░░░░  26%  Streaming frame 14/1423 (4 workers)
@hf-progress {"code":"capture","done":14,"total":1423,"pct":26}
  ██████░░░░░░░░░░░░░░░░░░░  26%  Streaming frame 18/1423 (4 workers)
@hf-progress {"code":"capture","done":18,"total":1423,"pct":26}
  ██████░░░░░░░░░░░░░░░░░░░  26%  Streaming frame 22/1423 (4 workers)
@hf-progress {"code":"capture","done":22,"total":1423,"pct":26}
  ██████░░░░░░░░░░░░░░░░░░░  26%  Streaming frame 26/1423 (4 workers)
@hf-progress {"code":"capture","done":26,"total":1423,"pct":26}
  ██████░░░░░░░░░░░░░░░░░░░  26%  Streaming frame 30/1423 (4 workers)
@hf-progress {"code":"capture","done":30,"total":1423,"pct":26}
  ██████░░░░░░░░░░░░░░░░░░░  26%  Streaming frame 34/1423 (4 workers)
@hf-progress {"code":"capture","done":34,"total":1423,"pct":26}
  ██████░░░░░░░░░░░░░░░░░░░  26%  Streaming frame 37/1423 (4 workers)
@hf-progress {"code":"capture","done":37,"total":1423,"pct":26}
  ██████░░░░░░░░░░░░░░░░░░░  27%  Streaming frame 40/1423 (4 workers)
@hf-progress {"code":"capture","done":40,"total":1423,"pct":27}
  ██████░░░░░░░░░░░░░░░░░░░  27%  Streaming frame 43/1423 (4 workers)
@hf-progress {"code":"capture","done":43,"total":1423,"pct":27}
  ██████░░░░░░░░░░░░░░░░░░░  27%  Streaming frame 44/1423 (4 workers)
@hf-progress {"code":"capture","done":44,"total":1423,"pct":27}
  ██████░░░░░░░░░░░░░░░░░░░  27%  Streaming frame 48/1423 (4 workers)
@hf-progress {"code":"capture","done":48,"total":1423,"pct":27}
  ██████░░░░░░░░░░░░░░░░░░░  27%  Streaming frame 53/1423 (4 workers)
@hf-progress {"code":"capture","done":53,"total":1423,"pct":27}
  ██████░░░░░░░░░░░░░░░░░░░  27%  Streaming frame 57/1423 (4 workers)
@hf-progress {"code":"capture","done":57,"total":1423,"pct":27}
  ██████░░░░░░░░░░░░░░░░░░░  27%  Streaming frame 62/1423 (4 workers)
@hf-progress {"code":"capture","done":62,"total":1423,"pct":27}
  ███████░░░░░░░░░░░░░░░░░░  28%  Streaming frame 66/1423 (4 workers)
@hf-progress {"code":"capture","done":66,"total":1423,"pct":28}
  ███████░░░░░░░░░░░░░░░░░░  28%  Streaming frame 71/1423 (4 workers)
@hf-progress {"code":"capture","done":71,"total":1423,"pct":28}
  ███████░░░░░░░░░░░░░░░░░░  28%  Streaming frame 75/1423 (4 workers)
@hf-progress {"code":"capture","done":75,"total":1423,"pct":28}
  ███████░░░░░░░░░░░░░░░░░░  28%  Streaming frame 79/1423 (4 workers)
@hf-progress {"code":"capture","done":79,"total":1423,"pct":28}
  ███████░░░░░░░░░░░░░░░░░░  28%  Streaming frame 84/1423 (4 workers)
@hf-progress {"code":"capture","done":84,"total":1423,"pct":28}
  ███████░░░░░░░░░░░░░░░░░░  28%  Streaming frame 89/1423 (4 workers)
@hf-progress {"code":"capture","done":89,"total":1423,"pct":28}
  ███████░░░░░░░░░░░░░░░░░░  29%  Streaming frame 94/1423 (4 workers)
@hf-progress {"code":"capture","done":94,"total":1423,"pct":29}
  ███████░░░░░░░░░░░░░░░░░░  29%  Streaming frame 98/1423 (4 workers)
@hf-progress {"code":"capture","done":98,"total":1423,"pct":29}
  ███████░░░░░░░░░░░░░░░░░░  29%  Streaming frame 103/1423 (4 workers)
@hf-progress {"code":"capture","done":103,"total":1423,"pct":29}
  ███████░░░░░░░░░░░░░░░░░░  29%  Streaming frame 108/1423 (4 workers)
@hf-progress {"code":"capture","done":108,"total":1423,"pct":29}
  ███████░░░░░░░░░░░░░░░░░░  29%  Streaming frame 113/1423 (4 workers)
@hf-progress {"code":"capture","done":113,"total":1423,"pct":29}
  ███████░░░░░░░░░░░░░░░░░░  30%  Streaming frame 117/1423 (4 workers)
@hf-progress {"code":"capture","done":117,"total":1423,"pct":30}
  ███████░░░░░░░░░░░░░░░░░░  30%  Streaming frame 121/1423 (4 workers)
@hf-progress {"code":"capture","done":121,"total":1423,"pct":30}
  ███████░░░░░░░░░░░░░░░░░░  30%  Streaming frame 126/1423 (4 workers)
@hf-progress {"code":"capture","done":126,"total":1423,"pct":30}
  ███████░░░░░░░░░░░░░░░░░░  30%  Streaming frame 130/1423 (4 workers)
@hf-progress {"code":"capture","done":130,"total":1423,"pct":30}
  ███████░░░░░░░░░░░░░░░░░░  30%  Streaming frame 134/1423 (4 workers)
@hf-progress {"code":"capture","done":134,"total":1423,"pct":30}
  ███████░░░░░░░░░░░░░░░░░░  30%  Streaming frame 139/1423 (4 workers)
@hf-progress {"code":"capture","done":139,"total":1423,"pct":30}
  ███████░░░░░░░░░░░░░░░░░░  31%  Streaming frame 144/1423 (4 workers)
@hf-progress {"code":"capture","done":144,"total":1423,"pct":31}
  ███████░░░░░░░░░░░░░░░░░░  31%  Streaming frame 149/1423 (4 workers)
@hf-progress {"code":"capture","done":149,"total":1423,"pct":31}
  ███████░░░░░░░░░░░░░░░░░░  31%  Streaming frame 153/1423 (4 workers)
@hf-progress {"code":"capture","done":153,"total":1423,"pct":31}
  ███████░░░░░░░░░░░░░░░░░░  31%  Streaming frame 158/1423 (4 workers)
@hf-progress {"code":"capture","done":158,"total":1423,"pct":31}
  ███████░░░░░░░░░░░░░░░░░░  31%  Streaming frame 164/1423 (4 workers)
@hf-progress {"code":"capture","done":164,"total":1423,"pct":31}
  ████████░░░░░░░░░░░░░░░░░  32%  Streaming frame 175/1423 (4 workers)
@hf-progress {"code":"capture","done":175,"total":1423,"pct":32}
  ████████░░░░░░░░░░░░░░░░░  32%  Streaming frame 184/1423 (4 workers)
@hf-progress {"code":"capture","done":184,"total":1423,"pct":32}
  ████████░░░░░░░░░░░░░░░░░  33%  Streaming frame 196/1423 (4 workers)
@hf-progress {"code":"capture","done":196,"total":1423,"pct":33}
  ████████░░░░░░░░░░░░░░░░░  33%  Streaming frame 211/1423 (4 workers)
@hf-progress {"code":"capture","done":211,"total":1423,"pct":33}
  ████████░░░░░░░░░░░░░░░░░  34%  Streaming frame 223/1423 (4 workers)
@hf-progress {"code":"capture","done":223,"total":1423,"pct":34}
  ████████░░░░░░░░░░░░░░░░░  34%  Streaming frame 236/1423 (4 workers)
@hf-progress {"code":"capture","done":236,"total":1423,"pct":34}
  ████████░░░░░░░░░░░░░░░░░  35%  Streaming frame 248/1423 (4 workers)
@hf-progress {"code":"capture","done":248,"total":1423,"pct":35}
  ████████░░░░░░░░░░░░░░░░░  35%  Streaming frame 260/1423 (4 workers)
@hf-progress {"code":"capture","done":260,"total":1423,"pct":35}
  █████████░░░░░░░░░░░░░░░░  36%  Streaming frame 272/1423 (4 workers)
@hf-progress {"code":"capture","done":272,"total":1423,"pct":36}
  █████████░░░░░░░░░░░░░░░░  36%  Streaming frame 284/1423 (4 workers)
@hf-progress {"code":"capture","done":284,"total":1423,"pct":36}
  █████████░░░░░░░░░░░░░░░░  36%  Streaming frame 296/1423 (4 workers)
@hf-progress {"code":"capture","done":296,"total":1423,"pct":36}
  █████████░░░░░░░░░░░░░░░░  37%  Streaming frame 309/1423 (4 workers)
@hf-progress {"code":"capture","done":309,"total":1423,"pct":37}
  █████████░░░░░░░░░░░░░░░░  37%  Streaming frame 321/1423 (4 workers)
@hf-progress {"code":"capture","done":321,"total":1423,"pct":37}
  █████████░░░░░░░░░░░░░░░░  38%  Streaming frame 334/1423 (4 workers)
@hf-progress {"code":"capture","done":334,"total":1423,"pct":38}
  █████████░░░░░░░░░░░░░░░░  38%  Streaming frame 347/1423 (4 workers)
@hf-progress {"code":"capture","done":347,"total":1423,"pct":38}
  █████████░░░░░░░░░░░░░░░░  39%  Streaming frame 357/1423 (4 workers)
@hf-progress {"code":"capture","done":357,"total":1423,"pct":39}
  █████████░░░░░░░░░░░░░░░░  39%  Streaming frame 365/1423 (4 workers)
@hf-progress {"code":"capture","done":365,"total":1423,"pct":39}
  █████████░░░░░░░░░░░░░░░░  39%  Streaming frame 373/1423 (4 workers)
@hf-progress {"code":"capture","done":373,"total":1423,"pct":39}
  ██████████░░░░░░░░░░░░░░░  40%  Streaming frame 381/1423 (4 workers)
@hf-progress {"code":"capture","done":381,"total":1423,"pct":40}
  ██████████░░░░░░░░░░░░░░░  40%  Streaming frame 389/1423 (4 workers)
@hf-progress {"code":"capture","done":389,"total":1423,"pct":40}
  ██████████░░░░░░░░░░░░░░░  40%  Streaming frame 397/1423 (4 workers)
@hf-progress {"code":"capture","done":397,"total":1423,"pct":40}
  ██████████░░░░░░░░░░░░░░░  41%  Streaming frame 405/1423 (4 workers)
@hf-progress {"code":"capture","done":405,"total":1423,"pct":41}
  ██████████░░░░░░░░░░░░░░░  41%  Streaming frame 410/1423 (4 workers)
@hf-progress {"code":"capture","done":410,"total":1423,"pct":41}
  ██████████░░░░░░░░░░░░░░░  41%  Streaming frame 418/1423 (4 workers)
@hf-progress {"code":"capture","done":418,"total":1423,"pct":41}
  ██████████░░░░░░░░░░░░░░░  41%  Streaming frame 426/1423 (4 workers)
@hf-progress {"code":"capture","done":426,"total":1423,"pct":41}
  ██████████░░░░░░░░░░░░░░░  42%  Streaming frame 434/1423 (4 workers)
@hf-progress {"code":"capture","done":434,"total":1423,"pct":42}
  ██████████░░░░░░░░░░░░░░░  42%  Streaming frame 442/1423 (4 workers)
@hf-progress {"code":"capture","done":442,"total":1423,"pct":42}
  ██████████░░░░░░░░░░░░░░░  42%  Streaming frame 448/1423 (4 workers)
@hf-progress {"code":"capture","done":448,"total":1423,"pct":42}
  ██████████░░░░░░░░░░░░░░░  43%  Streaming frame 456/1423 (4 workers)
@hf-progress {"code":"capture","done":456,"total":1423,"pct":43}
  ██████████░░░░░░░░░░░░░░░  43%  Streaming frame 464/1423 (4 workers)
@hf-progress {"code":"capture","done":464,"total":1423,"pct":43}
  ██████████░░░░░░░░░░░░░░░  43%  Streaming frame 472/1423 (4 workers)
@hf-progress {"code":"capture","done":472,"total":1423,"pct":43}
  ███████████░░░░░░░░░░░░░░  44%  Streaming frame 480/1423 (4 workers)
@hf-progress {"code":"capture","done":480,"total":1423,"pct":44}
  ███████████░░░░░░░░░░░░░░  44%  Streaming frame 488/1423 (4 workers)
@hf-progress {"code":"capture","done":488,"total":1423,"pct":44}
  ███████████░░░░░░░░░░░░░░  44%  Streaming frame 496/1423 (4 workers)
@hf-progress {"code":"capture","done":496,"total":1423,"pct":44}
  ███████████░░░░░░░░░░░░░░  44%  Streaming frame 504/1423 (4 workers)
@hf-progress {"code":"capture","done":504,"total":1423,"pct":44}
  ███████████░░░░░░░░░░░░░░  45%  Streaming frame 512/1423 (4 workers)
@hf-progress {"code":"capture","done":512,"total":1423,"pct":45}
  ███████████░░░░░░░░░░░░░░  45%  Streaming frame 519/1423 (4 workers)
@hf-progress {"code":"capture","done":519,"total":1423,"pct":45}
  ███████████░░░░░░░░░░░░░░  45%  Streaming frame 525/1423 (4 workers)
@hf-progress {"code":"capture","done":525,"total":1423,"pct":45}
  ███████████░░░░░░░░░░░░░░  46%  Streaming frame 532/1423 (4 workers)
@hf-progress {"code":"capture","done":532,"total":1423,"pct":46}
[INFO] [Render:trace] {"renderJobId":"99463c9c-7965-46dd-8ece-26135d784b67","phase":"capture_streaming","status":"checkpoint","elapsedMs":41256,"message":"stage still running","stagePhase":"capturing","workerCount":4,"forceScreenshot":false,"totalFrames":1423,"framesCompleted":538,"captureMode":"beginframe","captureOperation":"beginFrame","heartbeatIndex":1,"stageElapsedMs":30001}
  ███████████░░░░░░░░░░░░░░  46%  Streaming frame 539/1423 (4 workers)
@hf-progress {"code":"capture","done":539,"total":1423,"pct":46}
  ███████████░░░░░░░░░░░░░░  46%  Streaming frame 547/1423 (4 workers)
@hf-progress {"code":"capture","done":547,"total":1423,"pct":46}
  ███████████░░░░░░░░░░░░░░  46%  Streaming frame 555/1423 (4 workers)
@hf-progress {"code":"capture","done":555,"total":1423,"pct":46}
  ███████████░░░░░░░░░░░░░░  47%  Streaming frame 563/1423 (4 workers)
@hf-progress {"code":"capture","done":563,"total":1423,"pct":47}
  ███████████░░░░░░░░░░░░░░  47%  Streaming frame 569/1423 (4 workers)
@hf-progress {"code":"capture","done":569,"total":1423,"pct":47}
  ███████████░░░░░░░░░░░░░░  47%  Streaming frame 576/1423 (4 workers)
@hf-progress {"code":"capture","done":576,"total":1423,"pct":47}
  ████████████░░░░░░░░░░░░░  48%  Streaming frame 584/1423 (4 workers)
@hf-progress {"code":"capture","done":584,"total":1423,"pct":48}
  ████████████░░░░░░░░░░░░░  48%  Streaming frame 589/1423 (4 workers)
@hf-progress {"code":"capture","done":589,"total":1423,"pct":48}
  ████████████░░░░░░░░░░░░░  48%  Streaming frame 596/1423 (4 workers)
@hf-progress {"code":"capture","done":596,"total":1423,"pct":48}
  ████████████░░░░░░░░░░░░░  48%  Streaming frame 602/1423 (4 workers)
@hf-progress {"code":"capture","done":602,"total":1423,"pct":48}
  ████████████░░░░░░░░░░░░░  49%  Streaming frame 609/1423 (4 workers)
@hf-progress {"code":"capture","done":609,"total":1423,"pct":49}
  ████████████░░░░░░░░░░░░░  49%  Streaming frame 617/1423 (4 workers)
@hf-progress {"code":"capture","done":617,"total":1423,"pct":49}
  ████████████░░░░░░░░░░░░░  49%  Streaming frame 625/1423 (4 workers)
@hf-progress {"code":"capture","done":625,"total":1423,"pct":49}
  ████████████░░░░░░░░░░░░░  49%  Streaming frame 633/1423 (4 workers)
@hf-progress {"code":"capture","done":633,"total":1423,"pct":49}
  ████████████░░░░░░░░░░░░░  50%  Streaming frame 639/1423 (4 workers)
@hf-progress {"code":"capture","done":639,"total":1423,"pct":50}
  ████████████░░░░░░░░░░░░░  50%  Streaming frame 646/1423 (4 workers)
@hf-progress {"code":"capture","done":646,"total":1423,"pct":50}
  ████████████░░░░░░░░░░░░░  50%  Streaming frame 653/1423 (4 workers)
@hf-progress {"code":"capture","done":653,"total":1423,"pct":50}
  ████████████░░░░░░░░░░░░░  51%  Streaming frame 661/1423 (4 workers)
@hf-progress {"code":"capture","done":661,"total":1423,"pct":51}
  ████████████░░░░░░░░░░░░░  51%  Streaming frame 668/1423 (4 workers)
@hf-progress {"code":"capture","done":668,"total":1423,"pct":51}
  ████████████░░░░░░░░░░░░░  51%  Streaming frame 675/1423 (4 workers)
@hf-progress {"code":"capture","done":675,"total":1423,"pct":51}
  ████████████░░░░░░░░░░░░░  51%  Streaming frame 681/1423 (4 workers)
@hf-progress {"code":"capture","done":681,"total":1423,"pct":51}
  █████████████░░░░░░░░░░░░  52%  Streaming frame 688/1423 (4 workers)
@hf-progress {"code":"capture","done":688,"total":1423,"pct":52}
  █████████████░░░░░░░░░░░░  52%  Streaming frame 696/1423 (4 workers)
@hf-progress {"code":"capture","done":696,"total":1423,"pct":52}
  █████████████░░░░░░░░░░░░  52%  Streaming frame 704/1423 (4 workers)
@hf-progress {"code":"capture","done":704,"total":1423,"pct":52}
  █████████████░░░░░░░░░░░░  53%  Streaming frame 712/1423 (4 workers)
@hf-progress {"code":"capture","done":712,"total":1423,"pct":53}
  █████████████░░░░░░░░░░░░  53%  Streaming frame 716/1423 (4 workers)
@hf-progress {"code":"capture","done":716,"total":1423,"pct":53}
  █████████████░░░░░░░░░░░░  53%  Streaming frame 720/1423 (4 workers)
@hf-progress {"code":"capture","done":720,"total":1423,"pct":53}
  █████████████░░░░░░░░░░░░  53%  Streaming frame 724/1423 (4 workers)
@hf-progress {"code":"capture","done":724,"total":1423,"pct":53}
  █████████████░░░░░░░░░░░░  53%  Streaming frame 728/1423 (4 workers)
@hf-progress {"code":"capture","done":728,"total":1423,"pct":53}
  █████████████░░░░░░░░░░░░  53%  Streaming frame 733/1423 (4 workers)
@hf-progress {"code":"capture","done":733,"total":1423,"pct":53}
  █████████████░░░░░░░░░░░░  54%  Streaming frame 740/1423 (4 workers)
@hf-progress {"code":"capture","done":740,"total":1423,"pct":54}
  █████████████░░░░░░░░░░░░  54%  Streaming frame 746/1423 (4 workers)
@hf-progress {"code":"capture","done":746,"total":1423,"pct":54}
  █████████████░░░░░░░░░░░░  54%  Streaming frame 752/1423 (4 workers)
@hf-progress {"code":"capture","done":752,"total":1423,"pct":54}
  █████████████░░░░░░░░░░░░  54%  Streaming frame 757/1423 (4 workers)
@hf-progress {"code":"capture","done":757,"total":1423,"pct":54}
  █████████████░░░░░░░░░░░░  54%  Streaming frame 762/1423 (4 workers)
@hf-progress {"code":"capture","done":762,"total":1423,"pct":54}
  █████████████░░░░░░░░░░░░  55%  Streaming frame 768/1423 (4 workers)
@hf-progress {"code":"capture","done":768,"total":1423,"pct":55}
  █████████████░░░░░░░░░░░░  55%  Streaming frame 773/1423 (4 workers)
@hf-progress {"code":"capture","done":773,"total":1423,"pct":55}
  █████████████░░░░░░░░░░░░  55%  Streaming frame 778/1423 (4 workers)
@hf-progress {"code":"capture","done":778,"total":1423,"pct":55}
  █████████████░░░░░░░░░░░░  55%  Streaming frame 784/1423 (4 workers)
@hf-progress {"code":"capture","done":784,"total":1423,"pct":55}
  █████████████░░░░░░░░░░░░  55%  Streaming frame 789/1423 (4 workers)
@hf-progress {"code":"capture","done":789,"total":1423,"pct":55}
  ██████████████░░░░░░░░░░░  56%  Streaming frame 794/1423 (4 workers)
@hf-progress {"code":"capture","done":794,"total":1423,"pct":56}
  ██████████████░░░░░░░░░░░  56%  Streaming frame 799/1423 (4 workers)
@hf-progress {"code":"capture","done":799,"total":1423,"pct":56}
  ██████████████░░░░░░░░░░░  56%  Streaming frame 805/1423 (4 workers)
@hf-progress {"code":"capture","done":805,"total":1423,"pct":56}
  ██████████████░░░░░░░░░░░  56%  Streaming frame 810/1423 (4 workers)
@hf-progress {"code":"capture","done":810,"total":1423,"pct":56}
  ██████████████░░░░░░░░░░░  57%  Streaming frame 815/1423 (4 workers)
@hf-progress {"code":"capture","done":815,"total":1423,"pct":57}
  ██████████████░░░░░░░░░░░  57%  Streaming frame 821/1423 (4 workers)
@hf-progress {"code":"capture","done":821,"total":1423,"pct":57}
  ██████████████░░░░░░░░░░░  57%  Streaming frame 826/1423 (4 workers)
@hf-progress {"code":"capture","done":826,"total":1423,"pct":57}
  ██████████████░░░░░░░░░░░  57%  Streaming frame 831/1423 (4 workers)
@hf-progress {"code":"capture","done":831,"total":1423,"pct":57}
  ██████████████░░░░░░░░░░░  57%  Streaming frame 836/1423 (4 workers)
@hf-progress {"code":"capture","done":836,"total":1423,"pct":57}
  ██████████████░░░░░░░░░░░  58%  Streaming frame 842/1423 (4 workers)
@hf-progress {"code":"capture","done":842,"total":1423,"pct":58}
  ██████████████░░░░░░░░░░░  58%  Streaming frame 847/1423 (4 workers)
@hf-progress {"code":"capture","done":847,"total":1423,"pct":58}
  ██████████████░░░░░░░░░░░  58%  Streaming frame 853/1423 (4 workers)
@hf-progress {"code":"capture","done":853,"total":1423,"pct":58}
  ██████████████░░░░░░░░░░░  58%  Streaming frame 859/1423 (4 workers)
@hf-progress {"code":"capture","done":859,"total":1423,"pct":58}
  ██████████████░░░░░░░░░░░  58%  Streaming frame 864/1423 (4 workers)
@hf-progress {"code":"capture","done":864,"total":1423,"pct":58}
  ██████████████░░░░░░░░░░░  59%  Streaming frame 869/1423 (4 workers)
@hf-progress {"code":"capture","done":869,"total":1423,"pct":59}
  ██████████████░░░░░░░░░░░  59%  Streaming frame 875/1423 (4 workers)
@hf-progress {"code":"capture","done":875,"total":1423,"pct":59}
  ██████████████░░░░░░░░░░░  59%  Streaming frame 880/1423 (4 workers)
@hf-progress {"code":"capture","done":880,"total":1423,"pct":59}
  ██████████████░░░░░░░░░░░  59%  Streaming frame 886/1423 (4 workers)
@hf-progress {"code":"capture","done":886,"total":1423,"pct":59}
  ██████████████░░░░░░░░░░░  59%  Streaming frame 891/1423 (4 workers)
@hf-progress {"code":"capture","done":891,"total":1423,"pct":59}
  ███████████████░░░░░░░░░░  60%  Streaming frame 896/1423 (4 workers)
@hf-progress {"code":"capture","done":896,"total":1423,"pct":60}
  ███████████████░░░░░░░░░░  60%  Streaming frame 902/1423 (4 workers)
@hf-progress {"code":"capture","done":902,"total":1423,"pct":60}
  ███████████████░░░░░░░░░░  60%  Streaming frame 907/1423 (4 workers)
@hf-progress {"code":"capture","done":907,"total":1423,"pct":60}
  ███████████████░░░░░░░░░░  60%  Streaming frame 916/1423 (4 workers)
@hf-progress {"code":"capture","done":916,"total":1423,"pct":60}
  ███████████████░░░░░░░░░░  61%  Streaming frame 925/1423 (4 workers)
@hf-progress {"code":"capture","done":925,"total":1423,"pct":61}
  ███████████████░░░░░░░░░░  61%  Streaming frame 934/1423 (4 workers)
@hf-progress {"code":"capture","done":934,"total":1423,"pct":61}
  ███████████████░░░░░░░░░░  61%  Streaming frame 942/1423 (4 workers)
@hf-progress {"code":"capture","done":942,"total":1423,"pct":61}
  ███████████████░░░░░░░░░░  62%  Streaming frame 950/1423 (4 workers)
@hf-progress {"code":"capture","done":950,"total":1423,"pct":62}
  ███████████████░░░░░░░░░░  62%  Streaming frame 958/1423 (4 workers)
@hf-progress {"code":"capture","done":958,"total":1423,"pct":62}
  ███████████████░░░░░░░░░░  62%  Streaming frame 966/1423 (4 workers)
@hf-progress {"code":"capture","done":966,"total":1423,"pct":62}
  ███████████████░░░░░░░░░░  63%  Streaming frame 974/1423 (4 workers)
@hf-progress {"code":"capture","done":974,"total":1423,"pct":63}
  ███████████████░░░░░░░░░░  63%  Streaming frame 982/1423 (4 workers)
@hf-progress {"code":"capture","done":982,"total":1423,"pct":63}
  ███████████████░░░░░░░░░░  63%  Streaming frame 990/1423 (4 workers)
@hf-progress {"code":"capture","done":990,"total":1423,"pct":63}
  ████████████████░░░░░░░░░  64%  Streaming frame 998/1423 (4 workers)
@hf-progress {"code":"capture","done":998,"total":1423,"pct":64}
  ████████████████░░░░░░░░░  64%  Streaming frame 1009/1423 (4 workers)
@hf-progress {"code":"capture","done":1009,"total":1423,"pct":64}
  ████████████████░░░░░░░░░  64%  Streaming frame 1018/1423 (4 workers)
@hf-progress {"code":"capture","done":1018,"total":1423,"pct":64}
  ████████████████░░░░░░░░░  65%  Streaming frame 1022/1423 (4 workers)
@hf-progress {"code":"capture","done":1022,"total":1423,"pct":65}
  ████████████████░░░░░░░░░  65%  Streaming frame 1029/1423 (4 workers)
@hf-progress {"code":"capture","done":1029,"total":1423,"pct":65}
  ████████████████░░░░░░░░░  65%  Streaming frame 1034/1423 (4 workers)
@hf-progress {"code":"capture","done":1034,"total":1423,"pct":65}
  ████████████████░░░░░░░░░  65%  Streaming frame 1039/1423 (4 workers)
@hf-progress {"code":"capture","done":1039,"total":1423,"pct":65}
  ████████████████░░░░░░░░░  65%  Streaming frame 1045/1423 (4 workers)
@hf-progress {"code":"capture","done":1045,"total":1423,"pct":65}
  ████████████████░░░░░░░░░  66%  Streaming frame 1050/1423 (4 workers)
@hf-progress {"code":"capture","done":1050,"total":1423,"pct":66}
  ████████████████░░░░░░░░░  66%  Streaming frame 1055/1423 (4 workers)
@hf-progress {"code":"capture","done":1055,"total":1423,"pct":66}
  ████████████████░░░░░░░░░  66%  Streaming frame 1060/1423 (4 workers)
@hf-progress {"code":"capture","done":1060,"total":1423,"pct":66}
  ████████████████░░░░░░░░░  66%  Streaming frame 1066/1423 (4 workers)
@hf-progress {"code":"capture","done":1066,"total":1423,"pct":66}
  ████████████████░░░░░░░░░  66%  Streaming frame 1071/1423 (4 workers)
@hf-progress {"code":"capture","done":1071,"total":1423,"pct":66}
  ████████████████░░░░░░░░░  67%  Streaming frame 1077/1423 (4 workers)
@hf-progress {"code":"capture","done":1077,"total":1423,"pct":67}
  ████████████████░░░░░░░░░  67%  Streaming frame 1082/1423 (4 workers)
@hf-progress {"code":"capture","done":1082,"total":1423,"pct":67}
  ████████████████░░░░░░░░░  67%  Streaming frame 1088/1423 (4 workers)
@hf-progress {"code":"capture","done":1088,"total":1423,"pct":67}
  ████████████████░░░░░░░░░  67%  Streaming frame 1093/1423 (4 workers)
@hf-progress {"code":"capture","done":1093,"total":1423,"pct":67}
  ████████████████░░░░░░░░░  67%  Streaming frame 1098/1423 (4 workers)
@hf-progress {"code":"capture","done":1098,"total":1423,"pct":67}
  █████████████████░░░░░░░░  68%  Streaming frame 1104/1423 (4 workers)
@hf-progress {"code":"capture","done":1104,"total":1423,"pct":68}
  █████████████████░░░░░░░░  68%  Streaming frame 1109/1423 (4 workers)
@hf-progress {"code":"capture","done":1109,"total":1423,"pct":68}
  █████████████████░░░░░░░░  68%  Streaming frame 1114/1423 (4 workers)
@hf-progress {"code":"capture","done":1114,"total":1423,"pct":68}
  █████████████████░░░░░░░░  68%  Streaming frame 1119/1423 (4 workers)
@hf-progress {"code":"capture","done":1119,"total":1423,"pct":68}
  █████████████████░░░░░░░░  68%  Streaming frame 1124/1423 (4 workers)
@hf-progress {"code":"capture","done":1124,"total":1423,"pct":68}
  █████████████████░░░░░░░░  69%  Streaming frame 1130/1423 (4 workers)
@hf-progress {"code":"capture","done":1130,"total":1423,"pct":69}
  █████████████████░░░░░░░░  69%  Streaming frame 1135/1423 (4 workers)
@hf-progress {"code":"capture","done":1135,"total":1423,"pct":69}
  █████████████████░░░░░░░░  69%  Streaming frame 1141/1423 (4 workers)
@hf-progress {"code":"capture","done":1141,"total":1423,"pct":69}
  █████████████████░░░░░░░░  69%  Streaming frame 1146/1423 (4 workers)
@hf-progress {"code":"capture","done":1146,"total":1423,"pct":69}
  █████████████████░░░░░░░░  69%  Streaming frame 1151/1423 (4 workers)
@hf-progress {"code":"capture","done":1151,"total":1423,"pct":69}
  █████████████████░░░░░░░░  70%  Streaming frame 1156/1423 (4 workers)
@hf-progress {"code":"capture","done":1156,"total":1423,"pct":70}
  █████████████████░░░░░░░░  70%  Streaming frame 1163/1423 (4 workers)
@hf-progress {"code":"capture","done":1163,"total":1423,"pct":70}
  █████████████████░░░░░░░░  70%  Streaming frame 1168/1423 (4 workers)
@hf-progress {"code":"capture","done":1168,"total":1423,"pct":70}
  █████████████████░░░░░░░░  70%  Streaming frame 1175/1423 (4 workers)
@hf-progress {"code":"capture","done":1175,"total":1423,"pct":70}
  █████████████████░░░░░░░░  71%  Streaming frame 1188/1423 (4 workers)
@hf-progress {"code":"capture","done":1188,"total":1423,"pct":71}
  ██████████████████░░░░░░░  72%  Streaming frame 1204/1423 (4 workers)
@hf-progress {"code":"capture","done":1204,"total":1423,"pct":72}
[INFO] [Render:trace] {"renderJobId":"99463c9c-7965-46dd-8ece-26135d784b67","phase":"capture_streaming","status":"checkpoint","elapsedMs":71258,"message":"stage still running","stagePhase":"capturing","workerCount":4,"forceScreenshot":false,"totalFrames":1423,"framesCompleted":1208,"captureMode":"beginframe","captureOperation":"beginFrame","heartbeatIndex":2,"stageElapsedMs":60003}
  ██████████████████░░░░░░░  72%  Streaming frame 1218/1423 (4 workers)
@hf-progress {"code":"capture","done":1218,"total":1423,"pct":72}
  ██████████████████░░░░░░░  73%  Streaming frame 1232/1423 (4 workers)
@hf-progress {"code":"capture","done":1232,"total":1423,"pct":73}
  ██████████████████░░░░░░░  73%  Streaming frame 1246/1423 (4 workers)
@hf-progress {"code":"capture","done":1246,"total":1423,"pct":73}
  ██████████████████░░░░░░░  74%  Streaming frame 1262/1423 (4 workers)
@hf-progress {"code":"capture","done":1262,"total":1423,"pct":74}
  ██████████████████░░░░░░░  74%  Streaming frame 1272/1423 (4 workers)
@hf-progress {"code":"capture","done":1272,"total":1423,"pct":74}
  ██████████████████░░░░░░░  75%  Streaming frame 1282/1423 (4 workers)
@hf-progress {"code":"capture","done":1282,"total":1423,"pct":75}
  ██████████████████░░░░░░░  75%  Streaming frame 1297/1423 (4 workers)
@hf-progress {"code":"capture","done":1297,"total":1423,"pct":75}
  ███████████████████░░░░░░  76%  Streaming frame 1310/1423 (4 workers)
@hf-progress {"code":"capture","done":1310,"total":1423,"pct":76}
  ███████████████████░░░░░░  76%  Streaming frame 1324/1423 (4 workers)
@hf-progress {"code":"capture","done":1324,"total":1423,"pct":76}
  ███████████████████░░░░░░  77%  Streaming frame 1338/1423 (4 workers)
@hf-progress {"code":"capture","done":1338,"total":1423,"pct":77}
  ███████████████████░░░░░░  77%  Streaming frame 1352/1423 (4 workers)
@hf-progress {"code":"capture","done":1352,"total":1423,"pct":77}
  ███████████████████░░░░░░  78%  Streaming frame 1364/1423 (4 workers)
@hf-progress {"code":"capture","done":1364,"total":1423,"pct":78}
  ███████████████████░░░░░░  78%  Streaming frame 1377/1423 (4 workers)
@hf-progress {"code":"capture","done":1377,"total":1423,"pct":78}
  ███████████████████░░░░░░  79%  Streaming frame 1391/1423 (4 workers)
@hf-progress {"code":"capture","done":1391,"total":1423,"pct":79}
  ███████████████████░░░░░░  79%  Streaming frame 1405/1423 (4 workers)
@hf-progress {"code":"capture","done":1405,"total":1423,"pct":79}
  ████████████████████░░░░░  80%  Streaming frame 1420/1423 (4 workers)
@hf-progress {"code":"capture","done":1420,"total":1423,"pct":80}
  ████████████████████░░░░░  80%  Streaming frame 1423/1423 (4 workers)
@hf-progress {"code":"capture","done":1423,"total":1423,"pct":80}
  ██████████████████████░░░  90%  Encoding frame 1420/1423
@hf-progress {"code":"encode","done":1420,"total":1423,"pct":90}
  ██████████████████████░░░  90%  Encoding frame 1423/1423
@hf-progress {"code":"encode","done":1423,"total":1423,"pct":90}
[INFO] [Render:trace] {"renderJobId":"99463c9c-7965-46dd-8ece-26135d784b67","phase":"capture_streaming","status":"end","elapsedMs":76128,"durationMs":64873,"stagePhase":"capturing","workerCount":4,"forceScreenshot":false,"totalFrames":1423,"framesCompleted":1423,"captureMode":"beginframe","captureOperation":"encode"}
[INFO] [Render:trace] {"renderJobId":"99463c9c-7965-46dd-8ece-26135d784b67","phase":"assemble","status":"start","elapsedMs":76131,"stagePhase":"capturing","hasAudio":true,"workerCount":4,"forceScreenshot":false,"totalFrames":1423,"framesCompleted":1423,"captureMode":"beginframe","captureOperation":"encode"}
  ██████████████████████░░░  90%  Assembling final video
@hf-progress {"code":"assemble","done":0,"total":47.407407,"pct":90}
  ████████████████████████░  99%  Assembling final video
@hf-progress {"code":"assemble","done":47.407407,"total":47.407407,"pct":99}
[INFO] [Render:trace] {"renderJobId":"99463c9c-7965-46dd-8ece-26135d784b67","phase":"assemble","status":"end","elapsedMs":78941,"durationMs":2810,"stagePhase":"capturing","hasAudio":true,"workerCount":4,"forceScreenshot":false,"totalFrames":1423,"framesCompleted":1423,"captureMode":"beginframe","captureOperation":"encode"}
[INFO] [Render:trace] {"renderJobId":"99463c9c-7965-46dd-8ece-26135d784b67","phase":"pipeline","status":"checkpoint","elapsedMs":79201,"message":"artifact validated","totalElapsedMs":79141}
  █████████████████████████  100%  Render complete

◇  /home/xzy/xzy_project/robostream++/outputs/mind2act-hyperframes-blank-20261010-111117/renders/mind2act-world-promo-1080p-20261010-125815.mp4
   58.8 MB · 47.4s video · rendered in 1m 21.7s
   beginframe capture · hardware gpu · compile 4.3s · extract 2.7s · audio 2.5s · probe 1.0s · setup 1.8s · capture 1m 4.9s · encode (during capture) 1m 4.0s · assemble 2.8s
   Keep editing by chatting with Framey in the HyperFrames desktop app → https://hyperframes.dev/studio/download?os=linux
