
◆  Rendering mind2act-hyperframes-blank-20261010-111117 → /home/xzy/xzy_project/robostream++/outputs/mind2act-hyperframes-blank-20261010-111117/renders/mind2act-world-promo-1080p-20261010-145614.mp4
   30fps · high · auto workers (128 cores detected)
   GPU: browser GPU (auto-detect)

[?25l│
◒  Checking browser[1G[J◐  Checking browser[1G[J◇  Browser: env
[?25h[INFO] [Render] Pipeline started {"renderJobId":"6ff06c8e-82c0-444a-a47c-8ff78065bf07","platform":"linux","arch":"x64","nodeVersion":"v22.23.3","fps":{"num":30,"den":1},"format":"mp4","quality":"high","browserGpuMode":"auto","forceScreenshot":false,"protocolTimeout":300000,"browserTimeout":120000,"pageNavigationTimeout":60000,"playerReadyTimeout":45000}
[INFO] [Render:trace] {"renderJobId":"6ff06c8e-82c0-444a-a47c-8ff78065bf07","phase":"pipeline","status":"checkpoint","elapsedMs":6,"message":"started","format":"mp4","quality":"high","browserGpuMode":"auto","forceScreenshot":false,"protocolTimeoutMs":300000,"pageNavigationTimeoutMs":60000,"playerReadyTimeoutMs":45000,"requestedWorkers":"auto"}
[INFO] [Render:trace] {"renderJobId":"6ff06c8e-82c0-444a-a47c-8ff78065bf07","phase":"compile","status":"start","elapsedMs":8,"needsAlpha":false}
  █░░░░░░░░░░░░░░░░░░░░░░░░  5%  Compiling composition
@hf-progress {"code":"compile","pct":5}
[INFO] [Compiler] Embedded local font file: assets/fonts/SpaceGrotesk-400.ttf (68 KB → data URI)
[INFO] [Compiler] Embedded local font file: assets/fonts/SpaceGrotesk-500.ttf (68 KB → data URI)
[INFO] [Compiler] Embedded local font file: assets/fonts/SpaceGrotesk-600.ttf (68 KB → data URI)
[INFO] [Compiler] Embedded local font file: assets/fonts/SpaceGrotesk-700.ttf (68 KB → data URI)
[INFO] [Compiler] Embedded local font file: assets/fonts/IBMPlexMono-400.ttf (126 KB → data URI)
[INFO] [Compiler] Embedded local font file: assets/fonts/IBMPlexMono-500.ttf (127 KB → data URI)
[INFO] Compiled composition metadata {"renderJobId":"6ff06c8e-82c0-444a-a47c-8ff78065bf07","entryFile":"index.html","staticDuration":47.407407,"width":1920,"height":1080,"videoCount":14,"audioCount":1,"renderModeHints":{"recommendScreenshot":false,"reasons":[]}}
[INFO] [Render:trace] {"renderJobId":"6ff06c8e-82c0-444a-a47c-8ff78065bf07","phase":"compile","status":"end","elapsedMs":1146,"durationMs":1137,"needsAlpha":false}
[INFO] [Render:trace] {"renderJobId":"6ff06c8e-82c0-444a-a47c-8ff78065bf07","phase":"compile","status":"checkpoint","elapsedMs":1160,"message":"composition metadata resolved","width":1920,"height":1080,"videoCount":14,"audioCount":1,"imageCount":11,"deviceScaleFactor":1,"forceScreenshot":false,"compositionHash":"b16b4ebb5530f99f"}
[INFO] [Render:trace] {"renderJobId":"6ff06c8e-82c0-444a-a47c-8ff78065bf07","phase":"browser_probe","status":"start","elapsedMs":1161,"forceScreenshot":false,"stagePhase":"calibrating"}
[INFO] [Render:trace] {"renderJobId":"6ff06c8e-82c0-444a-a47c-8ff78065bf07","phase":"browser_probe","status":"end","elapsedMs":2280,"durationMs":1119,"forceScreenshot":false,"stagePhase":"calibrating"}
[INFO] [Render:trace] {"renderJobId":"6ff06c8e-82c0-444a-a47c-8ff78065bf07","phase":"browser_probe","status":"checkpoint","elapsedMs":2291,"message":"duration resolved","durationSeconds":47.407407,"totalFrames":1423,"compositionHash":"b16b4ebb5530f99f","beginFrameStalled":false}
[INFO] [Render:trace] {"renderJobId":"6ff06c8e-82c0-444a-a47c-8ff78065bf07","phase":"video_extract","status":"start","elapsedMs":2292,"videoCount":14}
[INFO] Probing video color spaces... {"renderJobId":"6ff06c8e-82c0-444a-a47c-8ff78065bf07","videoCount":14}
  ██░░░░░░░░░░░░░░░░░░░░░░░  10%  Extracting video frames
@hf-progress {"code":"extract_video","pct":10}
[INFO] Extracting frames from video 1/14 {"renderJobId":"6ff06c8e-82c0-444a-a47c-8ff78065bf07","sourceType":"local"}
[INFO] Extracting frames from video 2/14 {"renderJobId":"6ff06c8e-82c0-444a-a47c-8ff78065bf07","sourceType":"local"}
[INFO] Extracting frames from video 3/14 {"renderJobId":"6ff06c8e-82c0-444a-a47c-8ff78065bf07","sourceType":"local"}
[INFO] Extracting frames from video 4/14 {"renderJobId":"6ff06c8e-82c0-444a-a47c-8ff78065bf07","sourceType":"local"}
[INFO] Extracting frames from video 5/14 {"renderJobId":"6ff06c8e-82c0-444a-a47c-8ff78065bf07","sourceType":"local"}
[INFO] Extracting frames from video 6/14 {"renderJobId":"6ff06c8e-82c0-444a-a47c-8ff78065bf07","sourceType":"local"}
[INFO] Extracting frames from video 7/14 {"renderJobId":"6ff06c8e-82c0-444a-a47c-8ff78065bf07","sourceType":"local"}
[INFO] Extracting frames from video 8/14 {"renderJobId":"6ff06c8e-82c0-444a-a47c-8ff78065bf07","sourceType":"local"}
[INFO] Extracting frames from video 9/14 {"renderJobId":"6ff06c8e-82c0-444a-a47c-8ff78065bf07","sourceType":"local"}
[INFO] Extracting frames from video 10/14 {"renderJobId":"6ff06c8e-82c0-444a-a47c-8ff78065bf07","sourceType":"local"}
[INFO] Extracting frames from video 11/14 {"renderJobId":"6ff06c8e-82c0-444a-a47c-8ff78065bf07","sourceType":"local"}
[INFO] Extracting frames from video 12/14 {"renderJobId":"6ff06c8e-82c0-444a-a47c-8ff78065bf07","sourceType":"local"}
[INFO] Extracting frames from video 13/14 {"renderJobId":"6ff06c8e-82c0-444a-a47c-8ff78065bf07","sourceType":"local"}
[INFO] Extracting frames from video 14/14 {"renderJobId":"6ff06c8e-82c0-444a-a47c-8ff78065bf07","sourceType":"local"}
[INFO] [Render:trace] {"renderJobId":"6ff06c8e-82c0-444a-a47c-8ff78065bf07","phase":"video_extract","status":"end","elapsedMs":4813,"durationMs":2521,"videoCount":14}
[INFO] [Render:trace] {"renderJobId":"6ff06c8e-82c0-444a-a47c-8ff78065bf07","phase":"video_extract","status":"checkpoint","elapsedMs":4829,"message":"frames resolved","videoCount":14,"extractedVideoCount":14,"totalFramesExtracted":1296,"maxFramesPerVideo":162,"avgFramesPerExtractedVideo":93,"vfrPreflightCount":0,"vfrPreflightMs":0,"cacheHits":0,"cacheMisses":14,"transientRetries":0,"minVideoFrameCoverageRatio":1,"authoredTimedClipCount":22}
[INFO] [Render] No HDR sources detected — rendering SDR {"renderJobId":"6ff06c8e-82c0-444a-a47c-8ff78065bf07"}
[INFO] [Render:trace] {"renderJobId":"6ff06c8e-82c0-444a-a47c-8ff78065bf07","phase":"hdr_detection","status":"checkpoint","elapsedMs":4829,"message":"resolved","requestedHdrMode":"auto","effectiveHdr":"sdr","nativeHdrVideoCount":0,"nativeHdrImageCount":0}
[INFO] [Render:trace] {"renderJobId":"6ff06c8e-82c0-444a-a47c-8ff78065bf07","phase":"audio_process","status":"start","elapsedMs":4830,"audioCount":1}
  █████░░░░░░░░░░░░░░░░░░░░  20%  Processing audio tracks
@hf-progress {"code":"process_audio","pct":20}
[INFO] [Render:trace] {"renderJobId":"6ff06c8e-82c0-444a-a47c-8ff78065bf07","phase":"audio_process","status":"end","elapsedMs":7245,"durationMs":2415,"audioCount":1}
[INFO] [Render:trace] {"renderJobId":"6ff06c8e-82c0-444a-a47c-8ff78065bf07","phase":"file_server","status":"start","elapsedMs":7245,"reused":false}
  ██████░░░░░░░░░░░░░░░░░░░  25%  Starting frame capture
@hf-progress {"code":"start_browsers","pct":25}
[INFO] [Render:trace] {"renderJobId":"6ff06c8e-82c0-444a-a47c-8ff78065bf07","phase":"file_server","status":"end","elapsedMs":7270,"durationMs":24}
  ██████░░░░░░░░░░░░░░░░░░░  25%  Checking browser GPU
@hf-progress {"code":"start_browsers","pct":25}
[hyperframes] browserGpuMode probe → hardware (WebGL renderer vendor="Google Inc. (NVIDIA Corporation)" renderer="ANGLE (NVIDIA Corporation, NVIDIA RTX PRO 6000 Blackwell Max-Q Workstation Edition/PCIe/SSE2, OpenGL ES 3.2)")
[INFO] [Render:trace] {"renderJobId":"6ff06c8e-82c0-444a-a47c-8ff78065bf07","phase":"capture_calibration","status":"start","elapsedMs":8266,"stagePhase":"calibrating","forceScreenshot":false,"totalFrames":1423,"framesCompleted":0,"captureMode":"beginframe","captureOperation":"beginFrame"}
[INFO] [Render] Calibration config {"renderJobId":"6ff06c8e-82c0-444a-a47c-8ff78065bf07","protocolTimeout":30000,"parentProtocolTimeout":300000,"forceScreenshot":false,"totalFrames":1423}
[INFO] Launching browser for capture calibration... {"renderJobId":"6ff06c8e-82c0-444a-a47c-8ff78065bf07"}
  ██████░░░░░░░░░░░░░░░░░░░  25%  Measuring capture speed
@hf-progress {"code":"start_browsers","pct":25}
[BrowserManager] Browser launched (HeadlessChrome/148.0.7778.97, beginframe, gl=--use-gl=angle --use-angle=gl-egl, headlessShell=true, platform=linux)
[INFO] Initializing calibration session... {"renderJobId":"6ff06c8e-82c0-444a-a47c-8ff78065bf07"}
[initSession:beginframe] warmup loop started (0ms)
[initSession:beginframe] page.goto start (1ms)
[initSession:beginframe] page.goto complete (763ms)
[initSession:beginframe] GSAP proxy flush complete (843ms)
[HyperFrames] render runtime fps {"canonicalFps":30,"source":"render-options","rawFpsSource":"render-options","rawFps":30}
[initSession:beginframe] pollHfReady complete (1088ms)
[initSession:beginframe] pollSubCompositionTimelines complete (ready) (1093ms)
[initSession:beginframe] applyVideoMetadataHints complete (1098ms)
[initSession:beginframe] media + fonts + tailwind ready (1314ms)
[initSession:beginframe] static-frame dedup: disabled (capture mode beginframe, not screenshot) (1354ms)
[INFO] Calibration session ready, capturing test frames... {"renderJobId":"6ff06c8e-82c0-444a-a47c-8ff78065bf07"}
[INFO] Calibration: capturing test frame 1/5... {"renderJobId":"6ff06c8e-82c0-444a-a47c-8ff78065bf07"}
[INFO] Calibration: capturing test frame 2/5... {"renderJobId":"6ff06c8e-82c0-444a-a47c-8ff78065bf07"}
[INFO] Calibration: capturing test frame 3/5... {"renderJobId":"6ff06c8e-82c0-444a-a47c-8ff78065bf07"}
[INFO] Calibration: capturing test frame 4/5... {"renderJobId":"6ff06c8e-82c0-444a-a47c-8ff78065bf07"}
[INFO] Calibration: capturing test frame 5/5... {"renderJobId":"6ff06c8e-82c0-444a-a47c-8ff78065bf07"}
[INFO] Calibration complete, estimated cost: 372ms/frame (p95) {"renderJobId":"6ff06c8e-82c0-444a-a47c-8ff78065bf07"}
[INFO] [Render:trace] {"renderJobId":"6ff06c8e-82c0-444a-a47c-8ff78065bf07","phase":"capture_calibration","status":"end","elapsedMs":11637,"durationMs":3371,"stagePhase":"calibrating","forceScreenshot":false,"totalFrames":1423,"framesCompleted":0,"captureMode":"beginframe","captureOperation":"beginFrame"}
[INFO] [Render:trace] {"renderJobId":"6ff06c8e-82c0-444a-a47c-8ff78065bf07","phase":"capture_calibration","status":"checkpoint","elapsedMs":11639,"message":"resolved","forceScreenshot":false,"multiplier":1,"p95Ms":372}
[INFO] [Render:trace] {"renderJobId":"6ff06c8e-82c0-444a-a47c-8ff78065bf07","phase":"worker_resolution","status":"checkpoint","elapsedMs":16707,"message":"resolved","workerCount":4}
[INFO] [Render] Parallel beginframe capture will stream to the encoder (interleaved, 4 workers) instead of the disk path. Set HF_CAPTURE_PARALLEL_STREAM=false to disable. {"renderJobId":"6ff06c8e-82c0-444a-a47c-8ff78065bf07"}
[INFO] [Render:trace] {"renderJobId":"6ff06c8e-82c0-444a-a47c-8ff78065bf07","phase":"worker_resolution","status":"checkpoint","elapsedMs":16708,"message":"parallel beginframe capture routed to streaming"}
[INFO] streaming-encode gate {"renderJobId":"6ff06c8e-82c0-444a-a47c-8ff78065bf07","enabled":true,"reason":"parallel_forced","configFlag":true,"durationCapEnabled":false,"outputFormat":"mp4","workerCount":4,"durationSeconds":47.407407,"maxDurationSeconds":240}
[INFO] [Render:trace] {"renderJobId":"6ff06c8e-82c0-444a-a47c-8ff78065bf07","phase":"capture_strategy","status":"checkpoint","elapsedMs":16709,"message":"resolved","workerCount":4,"forceScreenshot":false,"captureBeyondViewport":true,"useStreamingEncode":true,"useLayeredComposite":false,"usePageSideCompositing":false,"hasHdrContent":false,"hasShaderTransitions":false,"isPngSequence":false}
[INFO] [Render:trace] {"renderJobId":"6ff06c8e-82c0-444a-a47c-8ff78065bf07","phase":"capture_streaming","status":"start","elapsedMs":16710,"stagePhase":"capturing","workerCount":4,"forceScreenshot":false,"totalFrames":1423,"framesCompleted":0,"captureMode":"beginframe","captureOperation":"beginFrame"}
[INFO] [Render] Parallel capture worker phase {"renderJobId":"6ff06c8e-82c0-444a-a47c-8ff78065bf07","workerId":0,"phase":"browser_launch","browserExecutable":"/home/xzy/.cache/puppeteer/chrome-headless-shell/linux-148.0.7778.97/chrome-headless-shell-linux64/chrome-headless-shell","browserVersion":"unknown","canvasDrawElement":"unknown","gpuBackend":"unknown"}
[INFO] [Render] Parallel capture worker phase {"renderJobId":"6ff06c8e-82c0-444a-a47c-8ff78065bf07","workerId":1,"phase":"browser_launch","browserExecutable":"/home/xzy/.cache/puppeteer/chrome-headless-shell/linux-148.0.7778.97/chrome-headless-shell-linux64/chrome-headless-shell","browserVersion":"unknown","canvasDrawElement":"unknown","gpuBackend":"unknown"}
[INFO] [Render] Parallel capture worker phase {"renderJobId":"6ff06c8e-82c0-444a-a47c-8ff78065bf07","workerId":2,"phase":"browser_launch","browserExecutable":"/home/xzy/.cache/puppeteer/chrome-headless-shell/linux-148.0.7778.97/chrome-headless-shell-linux64/chrome-headless-shell","browserVersion":"unknown","canvasDrawElement":"unknown","gpuBackend":"unknown"}
[INFO] [Render] Parallel capture worker phase {"renderJobId":"6ff06c8e-82c0-444a-a47c-8ff78065bf07","workerId":3,"phase":"browser_launch","browserExecutable":"/home/xzy/.cache/puppeteer/chrome-headless-shell/linux-148.0.7778.97/chrome-headless-shell-linux64/chrome-headless-shell","browserVersion":"unknown","canvasDrawElement":"unknown","gpuBackend":"unknown"}
  ██████░░░░░░░░░░░░░░░░░░░  25%  Starting browsers (0/4 ready)
@hf-progress {"code":"start_browsers","done":0,"total":4,"pct":25}
[BrowserManager] Browser launched (HeadlessChrome/148.0.7778.97, beginframe, gl=--use-gl=angle --use-angle=gl-egl, headlessShell=true, platform=linux)
[BrowserManager] Browser launched (HeadlessChrome/148.0.7778.97, beginframe, gl=--use-gl=angle --use-angle=gl-egl, headlessShell=true, platform=linux)
[BrowserManager] Browser launched (HeadlessChrome/148.0.7778.97, beginframe, gl=--use-gl=angle --use-angle=gl-egl, headlessShell=true, platform=linux)
[BrowserManager] Browser launched (HeadlessChrome/148.0.7778.97, beginframe, gl=--use-gl=angle --use-angle=gl-egl, headlessShell=true, platform=linux)
[INFO] [Render] Parallel capture worker phase {"renderJobId":"6ff06c8e-82c0-444a-a47c-8ff78065bf07","workerId":2,"phase":"browser_probe","browserExecutable":"/home/xzy/.cache/puppeteer/chrome-headless-shell/linux-148.0.7778.97/chrome-headless-shell-linux64/chrome-headless-shell","browserVersion":"unknown","canvasDrawElement":"unknown","gpuBackend":"unknown"}
[INFO] [Render] Parallel capture worker phase {"renderJobId":"6ff06c8e-82c0-444a-a47c-8ff78065bf07","workerId":2,"phase":"session_init","browserExecutable":"/home/xzy/.cache/puppeteer/chrome-headless-shell/linux-148.0.7778.97/chrome-headless-shell-linux64/chrome-headless-shell","browserVersion":"HeadlessChrome/148.0.7778.97","canvasDrawElement":"unknown","gpuBackend":"unknown"}
[initSession:beginframe] warmup loop started (0ms)
[initSession:beginframe] page.goto start (0ms)
[INFO] [Render] Parallel capture worker phase {"renderJobId":"6ff06c8e-82c0-444a-a47c-8ff78065bf07","workerId":3,"phase":"browser_probe","browserExecutable":"/home/xzy/.cache/puppeteer/chrome-headless-shell/linux-148.0.7778.97/chrome-headless-shell-linux64/chrome-headless-shell","browserVersion":"unknown","canvasDrawElement":"unknown","gpuBackend":"unknown"}
[INFO] [Render] Parallel capture worker phase {"renderJobId":"6ff06c8e-82c0-444a-a47c-8ff78065bf07","workerId":3,"phase":"session_init","browserExecutable":"/home/xzy/.cache/puppeteer/chrome-headless-shell/linux-148.0.7778.97/chrome-headless-shell-linux64/chrome-headless-shell","browserVersion":"HeadlessChrome/148.0.7778.97","canvasDrawElement":"unknown","gpuBackend":"unknown"}
[INFO] [Render] Parallel capture worker phase {"renderJobId":"6ff06c8e-82c0-444a-a47c-8ff78065bf07","workerId":0,"phase":"browser_probe","browserExecutable":"/home/xzy/.cache/puppeteer/chrome-headless-shell/linux-148.0.7778.97/chrome-headless-shell-linux64/chrome-headless-shell","browserVersion":"unknown","canvasDrawElement":"unknown","gpuBackend":"unknown"}
[INFO] [Render] Parallel capture worker phase {"renderJobId":"6ff06c8e-82c0-444a-a47c-8ff78065bf07","workerId":0,"phase":"session_init","browserExecutable":"/home/xzy/.cache/puppeteer/chrome-headless-shell/linux-148.0.7778.97/chrome-headless-shell-linux64/chrome-headless-shell","browserVersion":"HeadlessChrome/148.0.7778.97","canvasDrawElement":"unknown","gpuBackend":"unknown"}
[INFO] [Render] Parallel capture worker phase {"renderJobId":"6ff06c8e-82c0-444a-a47c-8ff78065bf07","workerId":1,"phase":"browser_probe","browserExecutable":"/home/xzy/.cache/puppeteer/chrome-headless-shell/linux-148.0.7778.97/chrome-headless-shell-linux64/chrome-headless-shell","browserVersion":"unknown","canvasDrawElement":"unknown","gpuBackend":"unknown"}
[INFO] [Render] Parallel capture worker phase {"renderJobId":"6ff06c8e-82c0-444a-a47c-8ff78065bf07","workerId":1,"phase":"session_init","browserExecutable":"/home/xzy/.cache/puppeteer/chrome-headless-shell/linux-148.0.7778.97/chrome-headless-shell-linux64/chrome-headless-shell","browserVersion":"HeadlessChrome/148.0.7778.97","canvasDrawElement":"unknown","gpuBackend":"unknown"}
[initSession:beginframe] warmup loop started (0ms)
[initSession:beginframe] page.goto start (0ms)
[initSession:beginframe] warmup loop started (0ms)
[initSession:beginframe] page.goto start (0ms)
[initSession:beginframe] warmup loop started (0ms)
[initSession:beginframe] page.goto start (0ms)
[initSession:beginframe] page.goto complete (2200ms)
[HyperFrames] render runtime fps {"canonicalFps":30,"source":"render-options","rawFpsSource":"render-options","rawFps":30}
[initSession:beginframe] page.goto complete (1708ms)
[initSession:beginframe] page.goto complete (1714ms)
[initSession:beginframe] page.goto complete (1717ms)
[initSession:beginframe] GSAP proxy flush complete (2387ms)
[initSession:beginframe] pollHfReady complete (2389ms)
[HyperFrames] render runtime fps {"canonicalFps":30,"source":"render-options","rawFpsSource":"render-options","rawFps":30}
[initSession:beginframe] pollSubCompositionTimelines complete (ready) (2395ms)
[initSession:beginframe] applyVideoMetadataHints complete (2399ms)
[initSession:beginframe] GSAP proxy flush complete (1759ms)
[initSession:beginframe] GSAP proxy flush complete (1766ms)
[HyperFrames] render runtime fps {"canonicalFps":30,"source":"render-options","rawFpsSource":"render-options","rawFps":30}
[HyperFrames] render runtime fps {"canonicalFps":30,"source":"render-options","rawFpsSource":"render-options","rawFps":30}
[initSession:beginframe] GSAP proxy flush complete (1865ms)
[initSession:beginframe] pollHfReady complete (1897ms)
[initSession:beginframe] media + fonts + tailwind ready (2563ms)
[initSession:beginframe] pollHfReady complete (1918ms)
[initSession:beginframe] static-frame dedup: disabled (capture mode beginframe, not screenshot) (2596ms)
[INFO] [Render] Parallel capture worker phase {"renderJobId":"6ff06c8e-82c0-444a-a47c-8ff78065bf07","workerId":2,"phase":"frame_capture","frameIndex":2,"browserExecutable":"/home/xzy/.cache/puppeteer/chrome-headless-shell/linux-148.0.7778.97/chrome-headless-shell-linux64/chrome-headless-shell","browserVersion":"HeadlessChrome/148.0.7778.97","canvasDrawElement":false,"gpuBackend":"unknown"}
  ██████░░░░░░░░░░░░░░░░░░░  25%  Starting browsers (1/4 ready)
@hf-progress {"code":"start_browsers","done":1,"total":4,"pct":25}
[initSession:beginframe] pollSubCompositionTimelines complete (ready) (1977ms)
[initSession:beginframe] applyVideoMetadataHints complete (1984ms)
[initSession:beginframe] pollHfReady complete (2021ms)
[initSession:beginframe] pollSubCompositionTimelines complete (ready) (2027ms)
[initSession:beginframe] pollSubCompositionTimelines complete (ready) (2031ms)
[initSession:beginframe] applyVideoMetadataHints complete (2032ms)
[initSession:beginframe] applyVideoMetadataHints complete (2042ms)
[initSession:beginframe] media + fonts + tailwind ready (2171ms)
[initSession:beginframe] static-frame dedup: disabled (capture mode beginframe, not screenshot) (2218ms)
[INFO] [Render] Parallel capture worker phase {"renderJobId":"6ff06c8e-82c0-444a-a47c-8ff78065bf07","workerId":0,"phase":"frame_capture","frameIndex":0,"browserExecutable":"/home/xzy/.cache/puppeteer/chrome-headless-shell/linux-148.0.7778.97/chrome-headless-shell-linux64/chrome-headless-shell","browserVersion":"HeadlessChrome/148.0.7778.97","canvasDrawElement":false,"gpuBackend":"unknown"}
  ██████░░░░░░░░░░░░░░░░░░░  25%  Starting browsers (2/4 ready)
@hf-progress {"code":"start_browsers","done":2,"total":4,"pct":25}
[initSession:beginframe] media + fonts + tailwind ready (2224ms)
[initSession:beginframe] static-frame dedup: disabled (capture mode beginframe, not screenshot) (2237ms)
[initSession:beginframe] media + fonts + tailwind ready (2239ms)
[INFO] [Render] Parallel capture worker phase {"renderJobId":"6ff06c8e-82c0-444a-a47c-8ff78065bf07","workerId":3,"phase":"frame_capture","frameIndex":3,"browserExecutable":"/home/xzy/.cache/puppeteer/chrome-headless-shell/linux-148.0.7778.97/chrome-headless-shell-linux64/chrome-headless-shell","browserVersion":"HeadlessChrome/148.0.7778.97","canvasDrawElement":false,"gpuBackend":"unknown"}
[initSession:beginframe] static-frame dedup: disabled (capture mode beginframe, not screenshot) (2287ms)
[INFO] [Render] Parallel capture worker phase {"renderJobId":"6ff06c8e-82c0-444a-a47c-8ff78065bf07","workerId":1,"phase":"frame_capture","frameIndex":1,"browserExecutable":"/home/xzy/.cache/puppeteer/chrome-headless-shell/linux-148.0.7778.97/chrome-headless-shell-linux64/chrome-headless-shell","browserVersion":"HeadlessChrome/148.0.7778.97","canvasDrawElement":false,"gpuBackend":"unknown"}
  ██████░░░░░░░░░░░░░░░░░░░  25%  Streaming frame 1/1423 (4 workers)
@hf-progress {"code":"capture","done":1,"total":1423,"pct":25}
  ██████░░░░░░░░░░░░░░░░░░░  25%  Streaming frame 5/1423 (4 workers)
@hf-progress {"code":"capture","done":5,"total":1423,"pct":25}
  ██████░░░░░░░░░░░░░░░░░░░  25%  Streaming frame 9/1423 (4 workers)
@hf-progress {"code":"capture","done":9,"total":1423,"pct":25}
  ██████░░░░░░░░░░░░░░░░░░░  26%  Streaming frame 13/1423 (4 workers)
@hf-progress {"code":"capture","done":13,"total":1423,"pct":26}
  ██████░░░░░░░░░░░░░░░░░░░  26%  Streaming frame 17/1423 (4 workers)
@hf-progress {"code":"capture","done":17,"total":1423,"pct":26}
  ██████░░░░░░░░░░░░░░░░░░░  26%  Streaming frame 21/1423 (4 workers)
@hf-progress {"code":"capture","done":21,"total":1423,"pct":26}
  ██████░░░░░░░░░░░░░░░░░░░  26%  Streaming frame 25/1423 (4 workers)
@hf-progress {"code":"capture","done":25,"total":1423,"pct":26}
  ██████░░░░░░░░░░░░░░░░░░░  26%  Streaming frame 28/1423 (4 workers)
@hf-progress {"code":"capture","done":28,"total":1423,"pct":26}
  ██████░░░░░░░░░░░░░░░░░░░  26%  Streaming frame 31/1423 (4 workers)
@hf-progress {"code":"capture","done":31,"total":1423,"pct":26}
  ██████░░░░░░░░░░░░░░░░░░░  26%  Streaming frame 34/1423 (4 workers)
@hf-progress {"code":"capture","done":34,"total":1423,"pct":26}
  ██████░░░░░░░░░░░░░░░░░░░  26%  Streaming frame 38/1423 (4 workers)
@hf-progress {"code":"capture","done":38,"total":1423,"pct":26}
  ██████░░░░░░░░░░░░░░░░░░░  27%  Streaming frame 42/1423 (4 workers)
@hf-progress {"code":"capture","done":42,"total":1423,"pct":27}
  ██████░░░░░░░░░░░░░░░░░░░  27%  Streaming frame 46/1423 (4 workers)
@hf-progress {"code":"capture","done":46,"total":1423,"pct":27}
  ██████░░░░░░░░░░░░░░░░░░░  27%  Streaming frame 50/1423 (4 workers)
@hf-progress {"code":"capture","done":50,"total":1423,"pct":27}
  ██████░░░░░░░░░░░░░░░░░░░  27%  Streaming frame 55/1423 (4 workers)
@hf-progress {"code":"capture","done":55,"total":1423,"pct":27}
  ██████░░░░░░░░░░░░░░░░░░░  27%  Streaming frame 60/1423 (4 workers)
@hf-progress {"code":"capture","done":60,"total":1423,"pct":27}
  ███████░░░░░░░░░░░░░░░░░░  28%  Streaming frame 65/1423 (4 workers)
@hf-progress {"code":"capture","done":65,"total":1423,"pct":28}
  ███████░░░░░░░░░░░░░░░░░░  28%  Streaming frame 70/1423 (4 workers)
@hf-progress {"code":"capture","done":70,"total":1423,"pct":28}
  ███████░░░░░░░░░░░░░░░░░░  28%  Streaming frame 75/1423 (4 workers)
@hf-progress {"code":"capture","done":75,"total":1423,"pct":28}
  ███████░░░░░░░░░░░░░░░░░░  28%  Streaming frame 79/1423 (4 workers)
@hf-progress {"code":"capture","done":79,"total":1423,"pct":28}
  ███████░░░░░░░░░░░░░░░░░░  28%  Streaming frame 84/1423 (4 workers)
@hf-progress {"code":"capture","done":84,"total":1423,"pct":28}
  ███████░░░░░░░░░░░░░░░░░░  28%  Streaming frame 88/1423 (4 workers)
@hf-progress {"code":"capture","done":88,"total":1423,"pct":28}
  ███████░░░░░░░░░░░░░░░░░░  29%  Streaming frame 93/1423 (4 workers)
@hf-progress {"code":"capture","done":93,"total":1423,"pct":29}
  ███████░░░░░░░░░░░░░░░░░░  29%  Streaming frame 97/1423 (4 workers)
@hf-progress {"code":"capture","done":97,"total":1423,"pct":29}
  ███████░░░░░░░░░░░░░░░░░░  29%  Streaming frame 101/1423 (4 workers)
@hf-progress {"code":"capture","done":101,"total":1423,"pct":29}
  ███████░░░░░░░░░░░░░░░░░░  29%  Streaming frame 106/1423 (4 workers)
@hf-progress {"code":"capture","done":106,"total":1423,"pct":29}
  ███████░░░░░░░░░░░░░░░░░░  29%  Streaming frame 110/1423 (4 workers)
@hf-progress {"code":"capture","done":110,"total":1423,"pct":29}
  ███████░░░░░░░░░░░░░░░░░░  29%  Streaming frame 115/1423 (4 workers)
@hf-progress {"code":"capture","done":115,"total":1423,"pct":29}
  ███████░░░░░░░░░░░░░░░░░░  30%  Streaming frame 119/1423 (4 workers)
@hf-progress {"code":"capture","done":119,"total":1423,"pct":30}
  ███████░░░░░░░░░░░░░░░░░░  30%  Streaming frame 123/1423 (4 workers)
@hf-progress {"code":"capture","done":123,"total":1423,"pct":30}
  ███████░░░░░░░░░░░░░░░░░░  30%  Streaming frame 128/1423 (4 workers)
@hf-progress {"code":"capture","done":128,"total":1423,"pct":30}
  ███████░░░░░░░░░░░░░░░░░░  30%  Streaming frame 133/1423 (4 workers)
@hf-progress {"code":"capture","done":133,"total":1423,"pct":30}
  ███████░░░░░░░░░░░░░░░░░░  30%  Streaming frame 138/1423 (4 workers)
@hf-progress {"code":"capture","done":138,"total":1423,"pct":30}
  ███████░░░░░░░░░░░░░░░░░░  31%  Streaming frame 143/1423 (4 workers)
@hf-progress {"code":"capture","done":143,"total":1423,"pct":31}
  ███████░░░░░░░░░░░░░░░░░░  31%  Streaming frame 148/1423 (4 workers)
@hf-progress {"code":"capture","done":148,"total":1423,"pct":31}
  ███████░░░░░░░░░░░░░░░░░░  31%  Streaming frame 152/1423 (4 workers)
@hf-progress {"code":"capture","done":152,"total":1423,"pct":31}
  ███████░░░░░░░░░░░░░░░░░░  31%  Streaming frame 159/1423 (4 workers)
@hf-progress {"code":"capture","done":159,"total":1423,"pct":31}
  ███████░░░░░░░░░░░░░░░░░░  31%  Streaming frame 164/1423 (4 workers)
@hf-progress {"code":"capture","done":164,"total":1423,"pct":31}
  ████████░░░░░░░░░░░░░░░░░  32%  Streaming frame 176/1423 (4 workers)
@hf-progress {"code":"capture","done":176,"total":1423,"pct":32}
  ████████░░░░░░░░░░░░░░░░░  32%  Streaming frame 188/1423 (4 workers)
@hf-progress {"code":"capture","done":188,"total":1423,"pct":32}
  ████████░░░░░░░░░░░░░░░░░  33%  Streaming frame 200/1423 (4 workers)
@hf-progress {"code":"capture","done":200,"total":1423,"pct":33}
  ████████░░░░░░░░░░░░░░░░░  33%  Streaming frame 212/1423 (4 workers)
@hf-progress {"code":"capture","done":212,"total":1423,"pct":33}
  ████████░░░░░░░░░░░░░░░░░  34%  Streaming frame 224/1423 (4 workers)
@hf-progress {"code":"capture","done":224,"total":1423,"pct":34}
  ████████░░░░░░░░░░░░░░░░░  34%  Streaming frame 236/1423 (4 workers)
@hf-progress {"code":"capture","done":236,"total":1423,"pct":34}
  ████████░░░░░░░░░░░░░░░░░  35%  Streaming frame 248/1423 (4 workers)
@hf-progress {"code":"capture","done":248,"total":1423,"pct":35}
  ████████░░░░░░░░░░░░░░░░░  35%  Streaming frame 260/1423 (4 workers)
@hf-progress {"code":"capture","done":260,"total":1423,"pct":35}
  █████████░░░░░░░░░░░░░░░░  36%  Streaming frame 272/1423 (4 workers)
@hf-progress {"code":"capture","done":272,"total":1423,"pct":36}
  █████████░░░░░░░░░░░░░░░░  36%  Streaming frame 284/1423 (4 workers)
@hf-progress {"code":"capture","done":284,"total":1423,"pct":36}
  █████████░░░░░░░░░░░░░░░░  36%  Streaming frame 296/1423 (4 workers)
@hf-progress {"code":"capture","done":296,"total":1423,"pct":36}
  █████████░░░░░░░░░░░░░░░░  37%  Streaming frame 308/1423 (4 workers)
@hf-progress {"code":"capture","done":308,"total":1423,"pct":37}
  █████████░░░░░░░░░░░░░░░░  37%  Streaming frame 320/1423 (4 workers)
@hf-progress {"code":"capture","done":320,"total":1423,"pct":37}
  █████████░░░░░░░░░░░░░░░░  38%  Streaming frame 332/1423 (4 workers)
@hf-progress {"code":"capture","done":332,"total":1423,"pct":38}
  █████████░░░░░░░░░░░░░░░░  38%  Streaming frame 344/1423 (4 workers)
@hf-progress {"code":"capture","done":344,"total":1423,"pct":38}
  █████████░░░░░░░░░░░░░░░░  39%  Streaming frame 356/1423 (4 workers)
@hf-progress {"code":"capture","done":356,"total":1423,"pct":39}
  █████████░░░░░░░░░░░░░░░░  39%  Streaming frame 361/1423 (4 workers)
@hf-progress {"code":"capture","done":361,"total":1423,"pct":39}
  █████████░░░░░░░░░░░░░░░░  39%  Streaming frame 369/1423 (4 workers)
@hf-progress {"code":"capture","done":369,"total":1423,"pct":39}
  ██████████░░░░░░░░░░░░░░░  40%  Streaming frame 376/1423 (4 workers)
@hf-progress {"code":"capture","done":376,"total":1423,"pct":40}
  ██████████░░░░░░░░░░░░░░░  40%  Streaming frame 381/1423 (4 workers)
@hf-progress {"code":"capture","done":381,"total":1423,"pct":40}
  ██████████░░░░░░░░░░░░░░░  40%  Streaming frame 389/1423 (4 workers)
@hf-progress {"code":"capture","done":389,"total":1423,"pct":40}
  ██████████░░░░░░░░░░░░░░░  40%  Streaming frame 397/1423 (4 workers)
@hf-progress {"code":"capture","done":397,"total":1423,"pct":40}
  ██████████░░░░░░░░░░░░░░░  41%  Streaming frame 405/1423 (4 workers)
@hf-progress {"code":"capture","done":405,"total":1423,"pct":41}
  ██████████░░░░░░░░░░░░░░░  41%  Streaming frame 412/1423 (4 workers)
@hf-progress {"code":"capture","done":412,"total":1423,"pct":41}
  ██████████░░░░░░░░░░░░░░░  41%  Streaming frame 419/1423 (4 workers)
@hf-progress {"code":"capture","done":419,"total":1423,"pct":41}
  ██████████░░░░░░░░░░░░░░░  41%  Streaming frame 424/1423 (4 workers)
@hf-progress {"code":"capture","done":424,"total":1423,"pct":41}
  ██████████░░░░░░░░░░░░░░░  42%  Streaming frame 432/1423 (4 workers)
@hf-progress {"code":"capture","done":432,"total":1423,"pct":42}
  ██████████░░░░░░░░░░░░░░░  42%  Streaming frame 440/1423 (4 workers)
@hf-progress {"code":"capture","done":440,"total":1423,"pct":42}
  ██████████░░░░░░░░░░░░░░░  42%  Streaming frame 446/1423 (4 workers)
@hf-progress {"code":"capture","done":446,"total":1423,"pct":42}
  ██████████░░░░░░░░░░░░░░░  43%  Streaming frame 454/1423 (4 workers)
@hf-progress {"code":"capture","done":454,"total":1423,"pct":43}
  ██████████░░░░░░░░░░░░░░░  43%  Streaming frame 462/1423 (4 workers)
@hf-progress {"code":"capture","done":462,"total":1423,"pct":43}
  ██████████░░░░░░░░░░░░░░░  43%  Streaming frame 470/1423 (4 workers)
@hf-progress {"code":"capture","done":470,"total":1423,"pct":43}
  ██████████░░░░░░░░░░░░░░░  43%  Streaming frame 478/1423 (4 workers)
@hf-progress {"code":"capture","done":478,"total":1423,"pct":43}
  ███████████░░░░░░░░░░░░░░  44%  Streaming frame 486/1423 (4 workers)
@hf-progress {"code":"capture","done":486,"total":1423,"pct":44}
  ███████████░░░░░░░░░░░░░░  44%  Streaming frame 494/1423 (4 workers)
@hf-progress {"code":"capture","done":494,"total":1423,"pct":44}
  ███████████░░░░░░░░░░░░░░  44%  Streaming frame 502/1423 (4 workers)
@hf-progress {"code":"capture","done":502,"total":1423,"pct":44}
  ███████████░░░░░░░░░░░░░░  45%  Streaming frame 509/1423 (4 workers)
@hf-progress {"code":"capture","done":509,"total":1423,"pct":45}
  ███████████░░░░░░░░░░░░░░  45%  Streaming frame 515/1423 (4 workers)
@hf-progress {"code":"capture","done":515,"total":1423,"pct":45}
  ███████████░░░░░░░░░░░░░░  45%  Streaming frame 523/1423 (4 workers)
@hf-progress {"code":"capture","done":523,"total":1423,"pct":45}
  ███████████░░░░░░░░░░░░░░  46%  Streaming frame 531/1423 (4 workers)
@hf-progress {"code":"capture","done":531,"total":1423,"pct":46}
  ███████████░░░░░░░░░░░░░░  46%  Streaming frame 535/1423 (4 workers)
@hf-progress {"code":"capture","done":535,"total":1423,"pct":46}
  ███████████░░░░░░░░░░░░░░  46%  Streaming frame 543/1423 (4 workers)
@hf-progress {"code":"capture","done":543,"total":1423,"pct":46}
  ███████████░░░░░░░░░░░░░░  46%  Streaming frame 551/1423 (4 workers)
@hf-progress {"code":"capture","done":551,"total":1423,"pct":46}
  ███████████░░░░░░░░░░░░░░  47%  Streaming frame 559/1423 (4 workers)
@hf-progress {"code":"capture","done":559,"total":1423,"pct":47}
  ███████████░░░░░░░░░░░░░░  47%  Streaming frame 567/1423 (4 workers)
@hf-progress {"code":"capture","done":567,"total":1423,"pct":47}
  ███████████░░░░░░░░░░░░░░  47%  Streaming frame 575/1423 (4 workers)
@hf-progress {"code":"capture","done":575,"total":1423,"pct":47}
  ████████████░░░░░░░░░░░░░  48%  Streaming frame 583/1423 (4 workers)
@hf-progress {"code":"capture","done":583,"total":1423,"pct":48}
  ████████████░░░░░░░░░░░░░  48%  Streaming frame 589/1423 (4 workers)
@hf-progress {"code":"capture","done":589,"total":1423,"pct":48}
[INFO] [Render:trace] {"renderJobId":"6ff06c8e-82c0-444a-a47c-8ff78065bf07","phase":"capture_streaming","status":"checkpoint","elapsedMs":46712,"message":"stage still running","stagePhase":"capturing","workerCount":4,"forceScreenshot":false,"totalFrames":1423,"framesCompleted":596,"captureMode":"beginframe","captureOperation":"beginFrame","heartbeatIndex":1,"stageElapsedMs":30001}
  ████████████░░░░░░░░░░░░░  48%  Streaming frame 597/1423 (4 workers)
@hf-progress {"code":"capture","done":597,"total":1423,"pct":48}
  ████████████░░░░░░░░░░░░░  48%  Streaming frame 604/1423 (4 workers)
@hf-progress {"code":"capture","done":604,"total":1423,"pct":48}
  ████████████░░░░░░░░░░░░░  49%  Streaming frame 612/1423 (4 workers)
@hf-progress {"code":"capture","done":612,"total":1423,"pct":49}
  ████████████░░░░░░░░░░░░░  49%  Streaming frame 620/1423 (4 workers)
@hf-progress {"code":"capture","done":620,"total":1423,"pct":49}
  ████████████░░░░░░░░░░░░░  49%  Streaming frame 628/1423 (4 workers)
@hf-progress {"code":"capture","done":628,"total":1423,"pct":49}
  ████████████░░░░░░░░░░░░░  50%  Streaming frame 636/1423 (4 workers)
@hf-progress {"code":"capture","done":636,"total":1423,"pct":50}
  ████████████░░░░░░░░░░░░░  50%  Streaming frame 642/1423 (4 workers)
@hf-progress {"code":"capture","done":642,"total":1423,"pct":50}
  ████████████░░░░░░░░░░░░░  50%  Streaming frame 649/1423 (4 workers)
@hf-progress {"code":"capture","done":649,"total":1423,"pct":50}
  ████████████░░░░░░░░░░░░░  50%  Streaming frame 657/1423 (4 workers)
@hf-progress {"code":"capture","done":657,"total":1423,"pct":50}
  ████████████░░░░░░░░░░░░░  51%  Streaming frame 665/1423 (4 workers)
@hf-progress {"code":"capture","done":665,"total":1423,"pct":51}
  ████████████░░░░░░░░░░░░░  51%  Streaming frame 673/1423 (4 workers)
@hf-progress {"code":"capture","done":673,"total":1423,"pct":51}
  ████████████░░░░░░░░░░░░░  51%  Streaming frame 680/1423 (4 workers)
@hf-progress {"code":"capture","done":680,"total":1423,"pct":51}
  █████████████░░░░░░░░░░░░  52%  Streaming frame 687/1423 (4 workers)
@hf-progress {"code":"capture","done":687,"total":1423,"pct":52}
  █████████████░░░░░░░░░░░░  52%  Streaming frame 694/1423 (4 workers)
@hf-progress {"code":"capture","done":694,"total":1423,"pct":52}
  █████████████░░░░░░░░░░░░  52%  Streaming frame 700/1423 (4 workers)
@hf-progress {"code":"capture","done":700,"total":1423,"pct":52}
  █████████████░░░░░░░░░░░░  52%  Streaming frame 708/1423 (4 workers)
@hf-progress {"code":"capture","done":708,"total":1423,"pct":52}
  █████████████░░░░░░░░░░░░  53%  Streaming frame 714/1423 (4 workers)
@hf-progress {"code":"capture","done":714,"total":1423,"pct":53}
  █████████████░░░░░░░░░░░░  53%  Streaming frame 718/1423 (4 workers)
@hf-progress {"code":"capture","done":718,"total":1423,"pct":53}
  █████████████░░░░░░░░░░░░  53%  Streaming frame 724/1423 (4 workers)
@hf-progress {"code":"capture","done":724,"total":1423,"pct":53}
  █████████████░░░░░░░░░░░░  53%  Streaming frame 732/1423 (4 workers)
@hf-progress {"code":"capture","done":732,"total":1423,"pct":53}
  █████████████░░░░░░░░░░░░  54%  Streaming frame 740/1423 (4 workers)
@hf-progress {"code":"capture","done":740,"total":1423,"pct":54}
  █████████████░░░░░░░░░░░░  54%  Streaming frame 748/1423 (4 workers)
@hf-progress {"code":"capture","done":748,"total":1423,"pct":54}
  █████████████░░░░░░░░░░░░  54%  Streaming frame 755/1423 (4 workers)
@hf-progress {"code":"capture","done":755,"total":1423,"pct":54}
  █████████████░░░░░░░░░░░░  54%  Streaming frame 762/1423 (4 workers)
@hf-progress {"code":"capture","done":762,"total":1423,"pct":54}
  █████████████░░░░░░░░░░░░  55%  Streaming frame 768/1423 (4 workers)
@hf-progress {"code":"capture","done":768,"total":1423,"pct":55}
  █████████████░░░░░░░░░░░░  55%  Streaming frame 775/1423 (4 workers)
@hf-progress {"code":"capture","done":775,"total":1423,"pct":55}
  █████████████░░░░░░░░░░░░  55%  Streaming frame 781/1423 (4 workers)
@hf-progress {"code":"capture","done":781,"total":1423,"pct":55}
  █████████████░░░░░░░░░░░░  55%  Streaming frame 788/1423 (4 workers)
@hf-progress {"code":"capture","done":788,"total":1423,"pct":55}
  ██████████████░░░░░░░░░░░  56%  Streaming frame 796/1423 (4 workers)
@hf-progress {"code":"capture","done":796,"total":1423,"pct":56}
  ██████████████░░░░░░░░░░░  56%  Streaming frame 802/1423 (4 workers)
@hf-progress {"code":"capture","done":802,"total":1423,"pct":56}
  ██████████████░░░░░░░░░░░  56%  Streaming frame 808/1423 (4 workers)
@hf-progress {"code":"capture","done":808,"total":1423,"pct":56}
  ██████████████░░░░░░░░░░░  57%  Streaming frame 816/1423 (4 workers)
@hf-progress {"code":"capture","done":816,"total":1423,"pct":57}
  ██████████████░░░░░░░░░░░  57%  Streaming frame 822/1423 (4 workers)
@hf-progress {"code":"capture","done":822,"total":1423,"pct":57}
  ██████████████░░░░░░░░░░░  57%  Streaming frame 829/1423 (4 workers)
@hf-progress {"code":"capture","done":829,"total":1423,"pct":57}
  ██████████████░░░░░░░░░░░  57%  Streaming frame 837/1423 (4 workers)
@hf-progress {"code":"capture","done":837,"total":1423,"pct":57}
  ██████████████░░░░░░░░░░░  58%  Streaming frame 845/1423 (4 workers)
@hf-progress {"code":"capture","done":845,"total":1423,"pct":58}
  ██████████████░░░░░░░░░░░  58%  Streaming frame 853/1423 (4 workers)
@hf-progress {"code":"capture","done":853,"total":1423,"pct":58}
  ██████████████░░░░░░░░░░░  58%  Streaming frame 861/1423 (4 workers)
@hf-progress {"code":"capture","done":861,"total":1423,"pct":58}
  ██████████████░░░░░░░░░░░  59%  Streaming frame 868/1423 (4 workers)
@hf-progress {"code":"capture","done":868,"total":1423,"pct":59}
  ██████████████░░░░░░░░░░░  59%  Streaming frame 874/1423 (4 workers)
@hf-progress {"code":"capture","done":874,"total":1423,"pct":59}
  ██████████████░░░░░░░░░░░  59%  Streaming frame 882/1423 (4 workers)
@hf-progress {"code":"capture","done":882,"total":1423,"pct":59}
  ██████████████░░░░░░░░░░░  59%  Streaming frame 890/1423 (4 workers)
@hf-progress {"code":"capture","done":890,"total":1423,"pct":59}
  ███████████████░░░░░░░░░░  60%  Streaming frame 896/1423 (4 workers)
@hf-progress {"code":"capture","done":896,"total":1423,"pct":60}
  ███████████████░░░░░░░░░░  60%  Streaming frame 903/1423 (4 workers)
@hf-progress {"code":"capture","done":903,"total":1423,"pct":60}
  ███████████████░░░░░░░░░░  60%  Streaming frame 911/1423 (4 workers)
@hf-progress {"code":"capture","done":911,"total":1423,"pct":60}
  ███████████████░░░░░░░░░░  61%  Streaming frame 920/1423 (4 workers)
@hf-progress {"code":"capture","done":920,"total":1423,"pct":61}
  ███████████████░░░░░░░░░░  61%  Streaming frame 930/1423 (4 workers)
@hf-progress {"code":"capture","done":930,"total":1423,"pct":61}
  ███████████████░░░░░░░░░░  61%  Streaming frame 939/1423 (4 workers)
@hf-progress {"code":"capture","done":939,"total":1423,"pct":61}
  ███████████████░░░░░░░░░░  62%  Streaming frame 948/1423 (4 workers)
@hf-progress {"code":"capture","done":948,"total":1423,"pct":62}
  ███████████████░░░░░░░░░░  62%  Streaming frame 956/1423 (4 workers)
@hf-progress {"code":"capture","done":956,"total":1423,"pct":62}
  ███████████████░░░░░░░░░░  62%  Streaming frame 966/1423 (4 workers)
@hf-progress {"code":"capture","done":966,"total":1423,"pct":62}
  ███████████████░░░░░░░░░░  63%  Streaming frame 975/1423 (4 workers)
@hf-progress {"code":"capture","done":975,"total":1423,"pct":63}
  ███████████████░░░░░░░░░░  63%  Streaming frame 984/1423 (4 workers)
@hf-progress {"code":"capture","done":984,"total":1423,"pct":63}
  ███████████████░░░░░░░░░░  63%  Streaming frame 992/1423 (4 workers)
@hf-progress {"code":"capture","done":992,"total":1423,"pct":63}
  ████████████████░░░░░░░░░  64%  Streaming frame 1001/1423 (4 workers)
@hf-progress {"code":"capture","done":1001,"total":1423,"pct":64}
  ████████████████░░░░░░░░░  64%  Streaming frame 1010/1423 (4 workers)
@hf-progress {"code":"capture","done":1010,"total":1423,"pct":64}
  ████████████████░░░░░░░░░  64%  Streaming frame 1018/1423 (4 workers)
@hf-progress {"code":"capture","done":1018,"total":1423,"pct":64}
  ████████████████░░░░░░░░░  65%  Streaming frame 1023/1423 (4 workers)
@hf-progress {"code":"capture","done":1023,"total":1423,"pct":65}
  ████████████████░░░░░░░░░  65%  Streaming frame 1029/1423 (4 workers)
@hf-progress {"code":"capture","done":1029,"total":1423,"pct":65}
  ████████████████░░░░░░░░░  65%  Streaming frame 1035/1423 (4 workers)
@hf-progress {"code":"capture","done":1035,"total":1423,"pct":65}
  ████████████████░░░░░░░░░  65%  Streaming frame 1041/1423 (4 workers)
@hf-progress {"code":"capture","done":1041,"total":1423,"pct":65}
  ████████████████░░░░░░░░░  65%  Streaming frame 1047/1423 (4 workers)
@hf-progress {"code":"capture","done":1047,"total":1423,"pct":65}
  ████████████████░░░░░░░░░  66%  Streaming frame 1053/1423 (4 workers)
@hf-progress {"code":"capture","done":1053,"total":1423,"pct":66}
  ████████████████░░░░░░░░░  66%  Streaming frame 1059/1423 (4 workers)
@hf-progress {"code":"capture","done":1059,"total":1423,"pct":66}
  ████████████████░░░░░░░░░  66%  Streaming frame 1065/1423 (4 workers)
@hf-progress {"code":"capture","done":1065,"total":1423,"pct":66}
  ████████████████░░░░░░░░░  66%  Streaming frame 1071/1423 (4 workers)
@hf-progress {"code":"capture","done":1071,"total":1423,"pct":66}
  ████████████████░░░░░░░░░  67%  Streaming frame 1077/1423 (4 workers)
@hf-progress {"code":"capture","done":1077,"total":1423,"pct":67}
  ████████████████░░░░░░░░░  67%  Streaming frame 1083/1423 (4 workers)
@hf-progress {"code":"capture","done":1083,"total":1423,"pct":67}
  ████████████████░░░░░░░░░  67%  Streaming frame 1089/1423 (4 workers)
@hf-progress {"code":"capture","done":1089,"total":1423,"pct":67}
  ████████████████░░░░░░░░░  67%  Streaming frame 1095/1423 (4 workers)
@hf-progress {"code":"capture","done":1095,"total":1423,"pct":67}
  █████████████████░░░░░░░░  68%  Streaming frame 1101/1423 (4 workers)
@hf-progress {"code":"capture","done":1101,"total":1423,"pct":68}
  █████████████████░░░░░░░░  68%  Streaming frame 1106/1423 (4 workers)
@hf-progress {"code":"capture","done":1106,"total":1423,"pct":68}
  █████████████████░░░░░░░░  68%  Streaming frame 1113/1423 (4 workers)
@hf-progress {"code":"capture","done":1113,"total":1423,"pct":68}
  █████████████████░░░░░░░░  68%  Streaming frame 1118/1423 (4 workers)
@hf-progress {"code":"capture","done":1118,"total":1423,"pct":68}
  █████████████████░░░░░░░░  68%  Streaming frame 1123/1423 (4 workers)
@hf-progress {"code":"capture","done":1123,"total":1423,"pct":68}
  █████████████████░░░░░░░░  69%  Streaming frame 1129/1423 (4 workers)
@hf-progress {"code":"capture","done":1129,"total":1423,"pct":69}
  █████████████████░░░░░░░░  69%  Streaming frame 1134/1423 (4 workers)
@hf-progress {"code":"capture","done":1134,"total":1423,"pct":69}
  █████████████████░░░░░░░░  69%  Streaming frame 1139/1423 (4 workers)
@hf-progress {"code":"capture","done":1139,"total":1423,"pct":69}
  █████████████████░░░░░░░░  69%  Streaming frame 1145/1423 (4 workers)
@hf-progress {"code":"capture","done":1145,"total":1423,"pct":69}
  █████████████████░░░░░░░░  69%  Streaming frame 1150/1423 (4 workers)
@hf-progress {"code":"capture","done":1150,"total":1423,"pct":69}
  █████████████████░░░░░░░░  70%  Streaming frame 1155/1423 (4 workers)
@hf-progress {"code":"capture","done":1155,"total":1423,"pct":70}
  █████████████████░░░░░░░░  70%  Streaming frame 1161/1423 (4 workers)
@hf-progress {"code":"capture","done":1161,"total":1423,"pct":70}
  █████████████████░░░░░░░░  70%  Streaming frame 1167/1423 (4 workers)
@hf-progress {"code":"capture","done":1167,"total":1423,"pct":70}
  █████████████████░░░░░░░░  70%  Streaming frame 1173/1423 (4 workers)
@hf-progress {"code":"capture","done":1173,"total":1423,"pct":70}
  █████████████████░░░░░░░░  71%  Streaming frame 1184/1423 (4 workers)
@hf-progress {"code":"capture","done":1184,"total":1423,"pct":71}
  █████████████████░░░░░░░░  71%  Streaming frame 1199/1423 (4 workers)
@hf-progress {"code":"capture","done":1199,"total":1423,"pct":71}
  ██████████████████░░░░░░░  72%  Streaming frame 1212/1423 (4 workers)
@hf-progress {"code":"capture","done":1212,"total":1423,"pct":72}
  ██████████████████░░░░░░░  72%  Streaming frame 1228/1423 (4 workers)
@hf-progress {"code":"capture","done":1228,"total":1423,"pct":72}
  ██████████████████░░░░░░░  73%  Streaming frame 1244/1423 (4 workers)
@hf-progress {"code":"capture","done":1244,"total":1423,"pct":73}
  ██████████████████░░░░░░░  74%  Streaming frame 1260/1423 (4 workers)
@hf-progress {"code":"capture","done":1260,"total":1423,"pct":74}
  ██████████████████░░░░░░░  74%  Streaming frame 1272/1423 (4 workers)
@hf-progress {"code":"capture","done":1272,"total":1423,"pct":74}
  ██████████████████░░░░░░░  75%  Streaming frame 1284/1423 (4 workers)
@hf-progress {"code":"capture","done":1284,"total":1423,"pct":75}
  ██████████████████░░░░░░░  75%  Streaming frame 1297/1423 (4 workers)
@hf-progress {"code":"capture","done":1297,"total":1423,"pct":75}
  ███████████████████░░░░░░  76%  Streaming frame 1312/1423 (4 workers)
@hf-progress {"code":"capture","done":1312,"total":1423,"pct":76}
  ███████████████████░░░░░░  76%  Streaming frame 1325/1423 (4 workers)
@hf-progress {"code":"capture","done":1325,"total":1423,"pct":76}
  ███████████████████░░░░░░  77%  Streaming frame 1340/1423 (4 workers)
@hf-progress {"code":"capture","done":1340,"total":1423,"pct":77}
  ███████████████████░░░░░░  77%  Streaming frame 1353/1423 (4 workers)
@hf-progress {"code":"capture","done":1353,"total":1423,"pct":77}
  ███████████████████░░░░░░  78%  Streaming frame 1367/1423 (4 workers)
@hf-progress {"code":"capture","done":1367,"total":1423,"pct":78}
  ███████████████████░░░░░░  78%  Streaming frame 1381/1423 (4 workers)
@hf-progress {"code":"capture","done":1381,"total":1423,"pct":78}
  ███████████████████░░░░░░  79%  Streaming frame 1395/1423 (4 workers)
@hf-progress {"code":"capture","done":1395,"total":1423,"pct":79}
  ███████████████████░░░░░░  79%  Streaming frame 1409/1423 (4 workers)
@hf-progress {"code":"capture","done":1409,"total":1423,"pct":79}
  ████████████████████░░░░░  80%  Streaming frame 1423/1423 (4 workers)
@hf-progress {"code":"capture","done":1423,"total":1423,"pct":80}
  ██████████████████████░░░  89%  Encoding frame 1337/1423
@hf-progress {"code":"encode","done":1337,"total":1423,"pct":89}
  ██████████████████████░░░  90%  Encoding frame 1403/1423
@hf-progress {"code":"encode","done":1403,"total":1423,"pct":90}
[INFO] [Render:trace] {"renderJobId":"6ff06c8e-82c0-444a-a47c-8ff78065bf07","phase":"capture_streaming","status":"checkpoint","elapsedMs":76715,"message":"stage still running","stagePhase":"capturing","workerCount":4,"forceScreenshot":false,"totalFrames":1423,"framesCompleted":1423,"captureMode":"beginframe","captureOperation":"encode","heartbeatIndex":2,"stageElapsedMs":60003}
  ██████████████████████░░░  90%  Encoding frame 1423/1423
@hf-progress {"code":"encode","done":1423,"total":1423,"pct":90}
[INFO] [Render:trace] {"renderJobId":"6ff06c8e-82c0-444a-a47c-8ff78065bf07","phase":"capture_streaming","status":"end","elapsedMs":76952,"durationMs":60241,"stagePhase":"capturing","workerCount":4,"forceScreenshot":false,"totalFrames":1423,"framesCompleted":1423,"captureMode":"beginframe","captureOperation":"encode"}
[INFO] [Render:trace] {"renderJobId":"6ff06c8e-82c0-444a-a47c-8ff78065bf07","phase":"assemble","status":"start","elapsedMs":76954,"stagePhase":"capturing","hasAudio":true,"workerCount":4,"forceScreenshot":false,"totalFrames":1423,"framesCompleted":1423,"captureMode":"beginframe","captureOperation":"encode"}
  ██████████████████████░░░  90%  Assembling final video
@hf-progress {"code":"assemble","done":0,"total":47.407407,"pct":90}
  ████████████████████████░  99%  Assembling final video
@hf-progress {"code":"assemble","done":47.407407,"total":47.407407,"pct":99}
[INFO] [Render:trace] {"renderJobId":"6ff06c8e-82c0-444a-a47c-8ff78065bf07","phase":"assemble","status":"end","elapsedMs":79642,"durationMs":2688,"stagePhase":"capturing","hasAudio":true,"workerCount":4,"forceScreenshot":false,"totalFrames":1423,"framesCompleted":1423,"captureMode":"beginframe","captureOperation":"encode"}
[INFO] [Render:trace] {"renderJobId":"6ff06c8e-82c0-444a-a47c-8ff78065bf07","phase":"pipeline","status":"checkpoint","elapsedMs":79770,"message":"artifact validated","totalElapsedMs":79748}
  █████████████████████████  100%  Render complete

◇  /home/xzy/xzy_project/robostream++/outputs/mind2act-hyperframes-blank-20261010-111117/renders/mind2act-world-promo-1080p-20261010-145614.mp4
   30.0 MB · 47.4s video · rendered in 1m 21.2s
   beginframe capture · hardware gpu · compile 2.3s · extract 2.5s · audio 2.4s · probe 1.1s · setup 9.5s · capture 1m 0.2s · encode (during capture) 1m 0.2s · assemble 2.7s
   Keep editing by chatting with Framey in the HyperFrames desktop app → https://hyperframes.dev/studio/download?os=linux
